[2026-10-06T22:32:29.575+0000] {taskinstance.py:1956} INFO - Dependencies all met for dep_context=non-requeueable deps ti=<TaskInstance: sgfood_elt_pipeline.load_oltp_to_raw scheduled__2026-10-05T03:00:00+00:00 [queued]>
[2026-10-06T22:32:29.585+0000] {taskinstance.py:1956} INFO - Dependencies all met for dep_context=requeueable deps ti=<TaskInstance: sgfood_elt_pipeline.load_oltp_to_raw scheduled__2026-10-05T03:00:00+00:00 [queued]>
[2026-10-06T22:32:29.586+0000] {taskinstance.py:2170} INFO - Starting attempt 3 of 3
[2026-10-06T22:32:29.612+0000] {taskinstance.py:2191} INFO - Executing <Task(BashOperator): load_oltp_to_raw> on 2026-10-05 03:00:00+00:00
[2026-10-06T22:32:29.620+0000] {standard_task_runner.py:60} INFO - Started process 190 to run task
[2026-10-06T22:32:29.624+0000] {standard_task_runner.py:87} INFO - Running: ['airflow', 'tasks', 'run', 'sgfood_elt_pipeline', 'load_oltp_to_raw', 'scheduled__2026-10-05T03:00:00+00:00', '--job-id', '7', '--raw', '--subdir', 'DAGS_FOLDER/sgfood_elt_dag.py', '--cfg-path', '/tmp/tmp_p1zafqr']
[2026-10-06T22:32:29.626+0000] {standard_task_runner.py:88} INFO - Job 7: Subtask load_oltp_to_raw
[2026-10-06T22:32:29.656+0000] {logging_mixin.py:188} WARNING - /home/airflow/.local/lib/python3.11/site-packages/airflow/settings.py:194 DeprecationWarning: The sql_alchemy_conn option in [core] has been moved to the sql_alchemy_conn option in [database] - the old setting has been used, but please update your config.
[2026-10-06T22:32:29.700+0000] {task_command.py:423} INFO - Running <TaskInstance: sgfood_elt_pipeline.load_oltp_to_raw scheduled__2026-10-05T03:00:00+00:00 [running]> on host 6620589d9eba
[2026-10-06T22:32:29.777+0000] {taskinstance.py:2480} INFO - Exporting env vars: AIRFLOW_CTX_DAG_OWNER='sgfood_team' AIRFLOW_CTX_DAG_ID='sgfood_elt_pipeline' AIRFLOW_CTX_TASK_ID='load_oltp_to_raw' AIRFLOW_CTX_EXECUTION_DATE='2026-10-05T03:00:00+00:00' AIRFLOW_CTX_TRY_NUMBER='3' AIRFLOW_CTX_DAG_RUN_ID='scheduled__2026-10-05T03:00:00+00:00'
[2026-10-06T22:32:29.781+0000] {subprocess.py:63} INFO - Tmp dir root location: /tmp
[2026-10-06T22:32:29.782+0000] {subprocess.py:75} INFO - Running command: ['/usr/bin/bash', '-c', 'python -m src.main load-oltp']
[2026-10-06T22:32:29.795+0000] {subprocess.py:86} INFO - Output:
[2026-10-06T22:32:30.004+0000] {subprocess.py:93} INFO - Traceback (most recent call last):
[2026-10-06T22:32:30.005+0000] {subprocess.py:93} INFO -   File "<frozen runpy>", line 198, in _run_module_as_main
[2026-10-06T22:32:30.006+0000] {subprocess.py:93} INFO -   File "<frozen runpy>", line 88, in _run_code
[2026-10-06T22:32:30.007+0000] {subprocess.py:93} INFO -   File "/opt/airflow/project/src/main.py", line 7, in <module>
[2026-10-06T22:32:30.009+0000] {subprocess.py:93} INFO -     from .pipeline import inspect_quality_cases, load_csv, load_oltp, run_all, validate_raw
[2026-10-06T22:32:30.010+0000] {subprocess.py:93} INFO -   File "/opt/airflow/project/src/pipeline.py", line 7, in <module>
[2026-10-06T22:32:30.015+0000] {subprocess.py:93} INFO -     from psycopg import Connection, sql
[2026-10-06T22:32:30.016+0000] {subprocess.py:93} INFO - ModuleNotFoundError: No module named 'psycopg'
[2026-10-06T22:32:30.031+0000] {subprocess.py:97} INFO - Command exited with return code 1
[2026-10-06T22:32:30.040+0000] {taskinstance.py:2698} ERROR - Task failed with exception
Traceback (most recent call last):
  File "/home/airflow/.local/lib/python3.11/site-packages/airflow/models/taskinstance.py", line 433, in _execute_task
    result = execute_callable(context=context, **execute_callable_kwargs)
             ^^^^^^^^^^^^^^^^^^^^^^^^^^^^^^^^^^^^^^^^^^^^^^^^^^^^^^^^^^^^
  File "/home/airflow/.local/lib/python3.11/site-packages/airflow/operators/bash.py", line 212, in execute
    raise AirflowException(
airflow.exceptions.AirflowException: Bash command failed. The command returned a non-zero exit code 1.
[2026-10-06T22:32:30.044+0000] {taskinstance.py:1138} INFO - Marking task as FAILED. dag_id=sgfood_elt_pipeline, task_id=load_oltp_to_raw, execution_date=20261005T030000, start_date=20261006T223229, end_date=20261006T223230
[2026-10-06T22:32:30.065+0000] {standard_task_runner.py:107} ERROR - Failed to execute job 7 for task load_oltp_to_raw (Bash command failed. The command returned a non-zero exit code 1.; 190)
[2026-10-06T22:32:30.080+0000] {local_task_job_runner.py:234} INFO - Task exited with return code 1
[2026-10-06T22:32:30.104+0000] {taskinstance.py:3280} INFO - 0 downstream tasks scheduled from follow-on schedule check
[2026-10-06T22:37:12.557+0000] {taskinstance.py:1956} INFO - Dependencies all met for dep_context=non-requeueable deps ti=<TaskInstance: sgfood_elt_pipeline.load_oltp_to_raw scheduled__2026-10-05T03:00:00+00:00 [queued]>
[2026-10-06T22:37:12.568+0000] {taskinstance.py:1956} INFO - Dependencies all met for dep_context=requeueable deps ti=<TaskInstance: sgfood_elt_pipeline.load_oltp_to_raw scheduled__2026-10-05T03:00:00+00:00 [queued]>
[2026-10-06T22:37:12.569+0000] {taskinstance.py:2170} INFO - Starting attempt 3 of 3
[2026-10-06T22:37:12.601+0000] {taskinstance.py:2191} INFO - Executing <Task(BashOperator): load_oltp_to_raw> on 2026-10-05 03:00:00+00:00
[2026-10-06T22:37:12.611+0000] {standard_task_runner.py:60} INFO - Started process 225 to run task
[2026-10-06T22:37:12.615+0000] {standard_task_runner.py:87} INFO - Running: ['airflow', 'tasks', 'run', 'sgfood_elt_pipeline', 'load_oltp_to_raw', 'scheduled__2026-10-05T03:00:00+00:00', '--job-id', '7', '--raw', '--subdir', 'DAGS_FOLDER/sgfood_elt_dag.py', '--cfg-path', '/tmp/tmpgak9o2om']
[2026-10-06T22:37:12.619+0000] {standard_task_runner.py:88} INFO - Job 7: Subtask load_oltp_to_raw
[2026-10-06T22:37:12.648+0000] {logging_mixin.py:188} WARNING - /home/airflow/.local/lib/python3.11/site-packages/airflow/settings.py:194 DeprecationWarning: The sql_alchemy_conn option in [core] has been moved to the sql_alchemy_conn option in [database] - the old setting has been used, but please update your config.
[2026-10-06T22:37:12.700+0000] {task_command.py:423} INFO - Running <TaskInstance: sgfood_elt_pipeline.load_oltp_to_raw scheduled__2026-10-05T03:00:00+00:00 [running]> on host 115d6e83f016
[2026-10-06T22:37:12.790+0000] {taskinstance.py:2480} INFO - Exporting env vars: AIRFLOW_CTX_DAG_OWNER='sgfood_team' AIRFLOW_CTX_DAG_ID='sgfood_elt_pipeline' AIRFLOW_CTX_TASK_ID='load_oltp_to_raw' AIRFLOW_CTX_EXECUTION_DATE='2026-10-05T03:00:00+00:00' AIRFLOW_CTX_TRY_NUMBER='3' AIRFLOW_CTX_DAG_RUN_ID='scheduled__2026-10-05T03:00:00+00:00'
[2026-10-06T22:37:12.794+0000] {subprocess.py:63} INFO - Tmp dir root location: /tmp
[2026-10-06T22:37:12.795+0000] {subprocess.py:75} INFO - Running command: ['/usr/bin/bash', '-c', 'python -m src.main load-oltp']
[2026-10-06T22:37:12.821+0000] {subprocess.py:86} INFO - Output:
[2026-10-06T22:37:20.817+0000] {subprocess.py:93} INFO - Traceback (most recent call last):
[2026-10-06T22:37:20.818+0000] {subprocess.py:93} INFO -   File "<frozen runpy>", line 198, in _run_module_as_main
[2026-10-06T22:37:20.819+0000] {subprocess.py:93} INFO -   File "<frozen runpy>", line 88, in _run_code
[2026-10-06T22:37:20.820+0000] {subprocess.py:93} INFO -   File "/opt/airflow/project/src/main.py", line 7, in <module>
[2026-10-06T22:37:20.825+0000] {subprocess.py:93} INFO -     from .pipeline import inspect_quality_cases, load_csv, load_oltp, run_all, validate_raw
[2026-10-06T22:37:20.826+0000] {subprocess.py:93} INFO -   File "/opt/airflow/project/src/pipeline.py", line 7, in <module>
[2026-10-06T22:37:20.835+0000] {subprocess.py:93} INFO -     from psycopg import Connection, sql
[2026-10-06T22:37:20.836+0000] {subprocess.py:93} INFO - ModuleNotFoundError: No module named 'psycopg'
[2026-10-06T22:37:20.858+0000] {subprocess.py:97} INFO - Command exited with return code 1
[2026-10-06T22:37:12.799+0000] {taskinstance.py:2698} ERROR - Task failed with exception
Traceback (most recent call last):
  File "/home/airflow/.local/lib/python3.11/site-packages/airflow/models/taskinstance.py", line 433, in _execute_task
    result = execute_callable(context=context, **execute_callable_kwargs)
             ^^^^^^^^^^^^^^^^^^^^^^^^^^^^^^^^^^^^^^^^^^^^^^^^^^^^^^^^^^^^
  File "/home/airflow/.local/lib/python3.11/site-packages/airflow/operators/bash.py", line 212, in execute
    raise AirflowException(
airflow.exceptions.AirflowException: Bash command failed. The command returned a non-zero exit code 1.
[2026-10-06T22:37:12.804+0000] {taskinstance.py:1138} INFO - Marking task as FAILED. dag_id=sgfood_elt_pipeline, task_id=load_oltp_to_raw, execution_date=20261005T030000, start_date=20261006T223712, end_date=20261006T223712
[2026-10-06T22:37:12.828+0000] {standard_task_runner.py:107} ERROR - Failed to execute job 7 for task load_oltp_to_raw (Bash command failed. The command returned a non-zero exit code 1.; 225)
[2026-10-06T22:37:12.851+0000] {local_task_job_runner.py:234} INFO - Task exited with return code 1
[2026-10-06T22:37:12.882+0000] {taskinstance.py:3280} INFO - 0 downstream tasks scheduled from follow-on schedule check
[2026-10-06T22:42:02.638+0000] {taskinstance.py:1956} INFO - Dependencies all met for dep_context=non-requeueable deps ti=<TaskInstance: sgfood_elt_pipeline.load_oltp_to_raw scheduled__2026-10-05T03:00:00+00:00 [queued]>
[2026-10-06T22:42:02.649+0000] {taskinstance.py:1956} INFO - Dependencies all met for dep_context=requeueable deps ti=<TaskInstance: sgfood_elt_pipeline.load_oltp_to_raw scheduled__2026-10-05T03:00:00+00:00 [queued]>
[2026-10-06T22:42:02.650+0000] {taskinstance.py:2170} INFO - Starting attempt 3 of 3
[2026-10-06T22:42:02.675+0000] {taskinstance.py:2191} INFO - Executing <Task(BashOperator): load_oltp_to_raw> on 2026-10-05 03:00:00+00:00
[2026-10-06T22:42:02.685+0000] {standard_task_runner.py:60} INFO - Started process 195 to run task
[2026-10-06T22:42:02.693+0000] {standard_task_runner.py:87} INFO - Running: ['airflow', 'tasks', 'run', 'sgfood_elt_pipeline', 'load_oltp_to_raw', 'scheduled__2026-10-05T03:00:00+00:00', '--job-id', '7', '--raw', '--subdir', 'DAGS_FOLDER/sgfood_elt_dag.py', '--cfg-path', '/tmp/tmp9ugo4hbs']
[2026-10-06T22:42:02.696+0000] {standard_task_runner.py:88} INFO - Job 7: Subtask load_oltp_to_raw
[2026-10-06T22:42:02.740+0000] {logging_mixin.py:188} WARNING - /home/airflow/.local/lib/python3.11/site-packages/airflow/settings.py:194 DeprecationWarning: The sql_alchemy_conn option in [core] has been moved to the sql_alchemy_conn option in [database] - the old setting has been used, but please update your config.
[2026-10-06T22:42:02.811+0000] {task_command.py:423} INFO - Running <TaskInstance: sgfood_elt_pipeline.load_oltp_to_raw scheduled__2026-10-05T03:00:00+00:00 [running]> on host 902a2823d555
[2026-10-06T22:42:02.914+0000] {taskinstance.py:2480} INFO - Exporting env vars: AIRFLOW_CTX_DAG_OWNER='sgfood_team' AIRFLOW_CTX_DAG_ID='sgfood_elt_pipeline' AIRFLOW_CTX_TASK_ID='load_oltp_to_raw' AIRFLOW_CTX_EXECUTION_DATE='2026-10-05T03:00:00+00:00' AIRFLOW_CTX_TRY_NUMBER='3' AIRFLOW_CTX_DAG_RUN_ID='scheduled__2026-10-05T03:00:00+00:00'
[2026-10-06T22:42:02.919+0000] {subprocess.py:63} INFO - Tmp dir root location: /tmp
[2026-10-06T22:42:02.920+0000] {subprocess.py:75} INFO - Running command: ['/usr/bin/bash', '-c', 'python -m src.main load-oltp']
[2026-10-06T22:42:02.937+0000] {subprocess.py:86} INFO - Output:
[2026-10-06T22:42:03.181+0000] {subprocess.py:93} INFO - Traceback (most recent call last):
[2026-10-06T22:42:03.181+0000] {subprocess.py:93} INFO -   File "<frozen runpy>", line 198, in _run_module_as_main
[2026-10-06T22:42:03.182+0000] {subprocess.py:93} INFO -   File "<frozen runpy>", line 88, in _run_code
[2026-10-06T22:42:03.183+0000] {subprocess.py:93} INFO -   File "/opt/airflow/project/src/main.py", line 7, in <module>
[2026-10-06T22:42:03.188+0000] {subprocess.py:93} INFO -     from .pipeline import inspect_quality_cases, load_csv, load_oltp, run_all, validate_raw
[2026-10-06T22:42:03.190+0000] {subprocess.py:93} INFO -   File "/opt/airflow/project/src/pipeline.py", line 7, in <module>
[2026-10-06T22:42:03.194+0000] {subprocess.py:93} INFO -     from psycopg import Connection, sql
[2026-10-06T22:42:03.195+0000] {subprocess.py:93} INFO - ModuleNotFoundError: No module named 'psycopg'
[2026-10-06T22:42:03.215+0000] {subprocess.py:97} INFO - Command exited with return code 1
[2026-10-06T22:42:03.225+0000] {taskinstance.py:2698} ERROR - Task failed with exception
Traceback (most recent call last):
  File "/home/airflow/.local/lib/python3.11/site-packages/airflow/models/taskinstance.py", line 433, in _execute_task
    result = execute_callable(context=context, **execute_callable_kwargs)
             ^^^^^^^^^^^^^^^^^^^^^^^^^^^^^^^^^^^^^^^^^^^^^^^^^^^^^^^^^^^^
  File "/home/airflow/.local/lib/python3.11/site-packages/airflow/operators/bash.py", line 212, in execute
    raise AirflowException(
airflow.exceptions.AirflowException: Bash command failed. The command returned a non-zero exit code 1.
[2026-10-06T22:42:03.230+0000] {taskinstance.py:1138} INFO - Marking task as FAILED. dag_id=sgfood_elt_pipeline, task_id=load_oltp_to_raw, execution_date=20261005T030000, start_date=20261006T224202, end_date=20261006T224203
[2026-10-06T22:42:03.253+0000] {standard_task_runner.py:107} ERROR - Failed to execute job 7 for task load_oltp_to_raw (Bash command failed. The command returned a non-zero exit code 1.; 195)
[2026-10-06T22:42:03.308+0000] {local_task_job_runner.py:234} INFO - Task exited with return code 1
[2026-10-06T22:42:03.334+0000] {taskinstance.py:3280} INFO - 0 downstream tasks scheduled from follow-on schedule check
[2026-10-06T22:51:19.999+0000] {taskinstance.py:1956} INFO - Dependencies all met for dep_context=non-requeueable deps ti=<TaskInstance: sgfood_elt_pipeline.load_oltp_to_raw scheduled__2026-10-05T03:00:00+00:00 [queued]>
[2026-10-06T22:51:20.013+0000] {taskinstance.py:1956} INFO - Dependencies all met for dep_context=requeueable deps ti=<TaskInstance: sgfood_elt_pipeline.load_oltp_to_raw scheduled__2026-10-05T03:00:00+00:00 [queued]>
[2026-10-06T22:51:20.014+0000] {taskinstance.py:2170} INFO - Starting attempt 3 of 3
[2026-10-06T22:51:20.046+0000] {taskinstance.py:2191} INFO - Executing <Task(BashOperator): load_oltp_to_raw> on 2026-10-05 03:00:00+00:00
[2026-10-06T22:51:20.055+0000] {standard_task_runner.py:60} INFO - Started process 209 to run task
[2026-10-06T22:51:20.060+0000] {standard_task_runner.py:87} INFO - Running: ['airflow', 'tasks', 'run', 'sgfood_elt_pipeline', 'load_oltp_to_raw', 'scheduled__2026-10-05T03:00:00+00:00', '--job-id', '7', '--raw', '--subdir', 'DAGS_FOLDER/sgfood_elt_dag.py', '--cfg-path', '/tmp/tmp44dj5a1g']
[2026-10-06T22:51:20.065+0000] {standard_task_runner.py:88} INFO - Job 7: Subtask load_oltp_to_raw
[2026-10-06T22:51:20.102+0000] {logging_mixin.py:188} WARNING - /home/airflow/.local/lib/python3.11/site-packages/airflow/settings.py:194 DeprecationWarning: The sql_alchemy_conn option in [core] has been moved to the sql_alchemy_conn option in [database] - the old setting has been used, but please update your config.
[2026-10-06T22:51:20.158+0000] {task_command.py:423} INFO - Running <TaskInstance: sgfood_elt_pipeline.load_oltp_to_raw scheduled__2026-10-05T03:00:00+00:00 [running]> on host c1ebf849af9a
[2026-10-06T22:51:20.253+0000] {taskinstance.py:2480} INFO - Exporting env vars: AIRFLOW_CTX_DAG_OWNER='sgfood_team' AIRFLOW_CTX_DAG_ID='sgfood_elt_pipeline' AIRFLOW_CTX_TASK_ID='load_oltp_to_raw' AIRFLOW_CTX_EXECUTION_DATE='2026-10-05T03:00:00+00:00' AIRFLOW_CTX_TRY_NUMBER='3' AIRFLOW_CTX_DAG_RUN_ID='scheduled__2026-10-05T03:00:00+00:00'
[2026-10-06T22:51:20.258+0000] {subprocess.py:63} INFO - Tmp dir root location: /tmp
[2026-10-06T22:51:20.258+0000] {subprocess.py:75} INFO - Running command: ['/usr/bin/bash', '-c', 'python -m src.main load-oltp']
[2026-10-06T22:51:20.275+0000] {subprocess.py:86} INFO - Output:
[2026-10-06T22:51:20.579+0000] {subprocess.py:93} INFO - Traceback (most recent call last):
[2026-10-06T22:51:20.580+0000] {subprocess.py:93} INFO -   File "<frozen runpy>", line 198, in _run_module_as_main
[2026-10-06T22:51:20.581+0000] {subprocess.py:93} INFO -   File "<frozen runpy>", line 88, in _run_code
[2026-10-06T22:51:20.582+0000] {subprocess.py:93} INFO -   File "/opt/airflow/project/src/main.py", line 7, in <module>
[2026-10-06T22:51:20.588+0000] {subprocess.py:93} INFO -     from .pipeline import inspect_quality_cases, load_csv, load_oltp, run_all, validate_raw
[2026-10-06T22:51:20.589+0000] {subprocess.py:93} INFO -   File "/opt/airflow/project/src/pipeline.py", line 7, in <module>
[2026-10-06T22:51:20.596+0000] {subprocess.py:93} INFO -     from psycopg import Connection, sql
[2026-10-06T22:51:20.597+0000] {subprocess.py:93} INFO - ModuleNotFoundError: No module named 'psycopg'
[2026-10-06T22:51:20.620+0000] {subprocess.py:97} INFO - Command exited with return code 1
[2026-10-06T22:51:20.630+0000] {taskinstance.py:2698} ERROR - Task failed with exception
Traceback (most recent call last):
  File "/home/airflow/.local/lib/python3.11/site-packages/airflow/models/taskinstance.py", line 433, in _execute_task
    result = execute_callable(context=context, **execute_callable_kwargs)
             ^^^^^^^^^^^^^^^^^^^^^^^^^^^^^^^^^^^^^^^^^^^^^^^^^^^^^^^^^^^^
  File "/home/airflow/.local/lib/python3.11/site-packages/airflow/operators/bash.py", line 212, in execute
    raise AirflowException(
airflow.exceptions.AirflowException: Bash command failed. The command returned a non-zero exit code 1.
[2026-10-06T22:51:20.636+0000] {taskinstance.py:1138} INFO - Marking task as FAILED. dag_id=sgfood_elt_pipeline, task_id=load_oltp_to_raw, execution_date=20261005T030000, start_date=20261006T225120, end_date=20261006T225120
[2026-10-06T22:51:20.661+0000] {standard_task_runner.py:107} ERROR - Failed to execute job 7 for task load_oltp_to_raw (Bash command failed. The command returned a non-zero exit code 1.; 209)
[2026-10-06T22:51:20.678+0000] {local_task_job_runner.py:234} INFO - Task exited with return code 1
[2026-10-06T22:51:20.709+0000] {taskinstance.py:3280} INFO - 0 downstream tasks scheduled from follow-on schedule check
