[2026-10-06T22:30:19.537+0000] {taskinstance.py:1956} INFO - Dependencies all met for dep_context=non-requeueable deps ti=<TaskInstance: sgfood_elt_pipeline.load_oltp_to_raw scheduled__2026-10-05T03:00:00+00:00 [queued]>
[2026-10-06T22:30:19.547+0000] {taskinstance.py:1956} INFO - Dependencies all met for dep_context=requeueable deps ti=<TaskInstance: sgfood_elt_pipeline.load_oltp_to_raw scheduled__2026-10-05T03:00:00+00:00 [queued]>
[2026-10-06T22:30:19.548+0000] {taskinstance.py:2170} INFO - Starting attempt 1 of 3
[2026-10-06T22:30:19.573+0000] {taskinstance.py:2191} INFO - Executing <Task(BashOperator): load_oltp_to_raw> on 2026-10-05 03:00:00+00:00
[2026-10-06T22:30:19.582+0000] {standard_task_runner.py:60} INFO - Started process 108 to run task
[2026-10-06T22:30:19.589+0000] {standard_task_runner.py:87} INFO - Running: ['airflow', 'tasks', 'run', 'sgfood_elt_pipeline', 'load_oltp_to_raw', 'scheduled__2026-10-05T03:00:00+00:00', '--job-id', '3', '--raw', '--subdir', 'DAGS_FOLDER/sgfood_elt_dag.py', '--cfg-path', '/tmp/tmp_qgry2tz']
[2026-10-06T22:30:19.592+0000] {standard_task_runner.py:88} INFO - Job 3: Subtask load_oltp_to_raw
[2026-10-06T22:30:19.622+0000] {logging_mixin.py:188} WARNING - /home/airflow/.local/lib/python3.11/site-packages/airflow/settings.py:194 DeprecationWarning: The sql_alchemy_conn option in [core] has been moved to the sql_alchemy_conn option in [database] - the old setting has been used, but please update your config.
[2026-10-06T22:30:19.676+0000] {task_command.py:423} INFO - Running <TaskInstance: sgfood_elt_pipeline.load_oltp_to_raw scheduled__2026-10-05T03:00:00+00:00 [running]> on host 6620589d9eba
[2026-10-06T22:30:19.762+0000] {taskinstance.py:2480} INFO - Exporting env vars: AIRFLOW_CTX_DAG_OWNER='sgfood_team' AIRFLOW_CTX_DAG_ID='sgfood_elt_pipeline' AIRFLOW_CTX_TASK_ID='load_oltp_to_raw' AIRFLOW_CTX_EXECUTION_DATE='2026-10-05T03:00:00+00:00' AIRFLOW_CTX_TRY_NUMBER='1' AIRFLOW_CTX_DAG_RUN_ID='scheduled__2026-10-05T03:00:00+00:00'
[2026-10-06T22:30:19.766+0000] {subprocess.py:63} INFO - Tmp dir root location: /tmp
[2026-10-06T22:30:19.767+0000] {subprocess.py:75} INFO - Running command: ['/usr/bin/bash', '-c', 'python -m src.main load-oltp']
[2026-10-06T22:30:19.783+0000] {subprocess.py:86} INFO - Output:
[2026-10-06T22:30:20.224+0000] {subprocess.py:93} INFO - Traceback (most recent call last):
[2026-10-06T22:30:20.225+0000] {subprocess.py:93} INFO -   File "<frozen runpy>", line 198, in _run_module_as_main
[2026-10-06T22:30:20.226+0000] {subprocess.py:93} INFO -   File "<frozen runpy>", line 88, in _run_code
[2026-10-06T22:30:20.227+0000] {subprocess.py:93} INFO -   File "/opt/airflow/project/src/main.py", line 7, in <module>
[2026-10-06T22:30:20.230+0000] {subprocess.py:93} INFO -     from .pipeline import inspect_quality_cases, load_csv, load_oltp, run_all, validate_raw
[2026-10-06T22:30:20.231+0000] {subprocess.py:93} INFO -   File "/opt/airflow/project/src/pipeline.py", line 7, in <module>
[2026-10-06T22:30:20.236+0000] {subprocess.py:93} INFO -     from psycopg import Connection, sql
[2026-10-06T22:30:20.237+0000] {subprocess.py:93} INFO - ModuleNotFoundError: No module named 'psycopg'
[2026-10-06T22:30:20.254+0000] {subprocess.py:97} INFO - Command exited with return code 1
[2026-10-06T22:30:20.263+0000] {taskinstance.py:2698} ERROR - Task failed with exception
Traceback (most recent call last):
  File "/home/airflow/.local/lib/python3.11/site-packages/airflow/models/taskinstance.py", line 433, in _execute_task
    result = execute_callable(context=context, **execute_callable_kwargs)
             ^^^^^^^^^^^^^^^^^^^^^^^^^^^^^^^^^^^^^^^^^^^^^^^^^^^^^^^^^^^^
  File "/home/airflow/.local/lib/python3.11/site-packages/airflow/operators/bash.py", line 212, in execute
    raise AirflowException(
airflow.exceptions.AirflowException: Bash command failed. The command returned a non-zero exit code 1.
[2026-10-06T22:30:20.267+0000] {taskinstance.py:1138} INFO - Marking task as UP_FOR_RETRY. dag_id=sgfood_elt_pipeline, task_id=load_oltp_to_raw, execution_date=20261005T030000, start_date=20261006T223019, end_date=20261006T223020
[2026-10-06T22:30:20.288+0000] {standard_task_runner.py:107} ERROR - Failed to execute job 3 for task load_oltp_to_raw (Bash command failed. The command returned a non-zero exit code 1.; 108)
[2026-10-06T22:30:20.326+0000] {local_task_job_runner.py:234} INFO - Task exited with return code 1
[2026-10-06T22:30:20.352+0000] {taskinstance.py:3280} INFO - 0 downstream tasks scheduled from follow-on schedule check
[2026-10-06T22:35:04.083+0000] {taskinstance.py:1956} INFO - Dependencies all met for dep_context=non-requeueable deps ti=<TaskInstance: sgfood_elt_pipeline.load_oltp_to_raw scheduled__2026-10-05T03:00:00+00:00 [queued]>
[2026-10-06T22:35:04.094+0000] {taskinstance.py:1956} INFO - Dependencies all met for dep_context=requeueable deps ti=<TaskInstance: sgfood_elt_pipeline.load_oltp_to_raw scheduled__2026-10-05T03:00:00+00:00 [queued]>
[2026-10-06T22:35:04.094+0000] {taskinstance.py:2170} INFO - Starting attempt 1 of 3
[2026-10-06T22:35:04.118+0000] {taskinstance.py:2191} INFO - Executing <Task(BashOperator): load_oltp_to_raw> on 2026-10-05 03:00:00+00:00
[2026-10-06T22:35:04.127+0000] {standard_task_runner.py:60} INFO - Started process 108 to run task
[2026-10-06T22:35:04.131+0000] {standard_task_runner.py:87} INFO - Running: ['airflow', 'tasks', 'run', 'sgfood_elt_pipeline', 'load_oltp_to_raw', 'scheduled__2026-10-05T03:00:00+00:00', '--job-id', '3', '--raw', '--subdir', 'DAGS_FOLDER/sgfood_elt_dag.py', '--cfg-path', '/tmp/tmp2_rnagtb']
[2026-10-06T22:35:04.136+0000] {standard_task_runner.py:88} INFO - Job 3: Subtask load_oltp_to_raw
[2026-10-06T22:35:04.169+0000] {logging_mixin.py:188} WARNING - /home/airflow/.local/lib/python3.11/site-packages/airflow/settings.py:194 DeprecationWarning: The sql_alchemy_conn option in [core] has been moved to the sql_alchemy_conn option in [database] - the old setting has been used, but please update your config.
[2026-10-06T22:35:04.217+0000] {task_command.py:423} INFO - Running <TaskInstance: sgfood_elt_pipeline.load_oltp_to_raw scheduled__2026-10-05T03:00:00+00:00 [running]> on host 115d6e83f016
[2026-10-06T22:35:04.310+0000] {taskinstance.py:2480} INFO - Exporting env vars: AIRFLOW_CTX_DAG_OWNER='sgfood_team' AIRFLOW_CTX_DAG_ID='sgfood_elt_pipeline' AIRFLOW_CTX_TASK_ID='load_oltp_to_raw' AIRFLOW_CTX_EXECUTION_DATE='2026-10-05T03:00:00+00:00' AIRFLOW_CTX_TRY_NUMBER='1' AIRFLOW_CTX_DAG_RUN_ID='scheduled__2026-10-05T03:00:00+00:00'
[2026-10-06T22:35:04.315+0000] {subprocess.py:63} INFO - Tmp dir root location: /tmp
[2026-10-06T22:35:04.315+0000] {subprocess.py:75} INFO - Running command: ['/usr/bin/bash', '-c', 'python -m src.main load-oltp']
[2026-10-06T22:35:04.329+0000] {subprocess.py:86} INFO - Output:
[2026-10-06T22:35:04.567+0000] {subprocess.py:93} INFO - Traceback (most recent call last):
[2026-10-06T22:35:04.568+0000] {subprocess.py:93} INFO -   File "<frozen runpy>", line 198, in _run_module_as_main
[2026-10-06T22:35:04.569+0000] {subprocess.py:93} INFO -   File "<frozen runpy>", line 88, in _run_code
[2026-10-06T22:35:04.569+0000] {subprocess.py:93} INFO -   File "/opt/airflow/project/src/main.py", line 7, in <module>
[2026-10-06T22:35:04.574+0000] {subprocess.py:93} INFO -     from .pipeline import inspect_quality_cases, load_csv, load_oltp, run_all, validate_raw
[2026-10-06T22:35:04.575+0000] {subprocess.py:93} INFO -   File "/opt/airflow/project/src/pipeline.py", line 7, in <module>
[2026-10-06T22:35:04.580+0000] {subprocess.py:93} INFO -     from psycopg import Connection, sql
[2026-10-06T22:35:04.581+0000] {subprocess.py:93} INFO - ModuleNotFoundError: No module named 'psycopg'
[2026-10-06T22:35:04.601+0000] {subprocess.py:97} INFO - Command exited with return code 1
[2026-10-06T22:35:04.611+0000] {taskinstance.py:2698} ERROR - Task failed with exception
Traceback (most recent call last):
  File "/home/airflow/.local/lib/python3.11/site-packages/airflow/models/taskinstance.py", line 433, in _execute_task
    result = execute_callable(context=context, **execute_callable_kwargs)
             ^^^^^^^^^^^^^^^^^^^^^^^^^^^^^^^^^^^^^^^^^^^^^^^^^^^^^^^^^^^^
  File "/home/airflow/.local/lib/python3.11/site-packages/airflow/operators/bash.py", line 212, in execute
    raise AirflowException(
airflow.exceptions.AirflowException: Bash command failed. The command returned a non-zero exit code 1.
[2026-10-06T22:35:04.615+0000] {taskinstance.py:1138} INFO - Marking task as UP_FOR_RETRY. dag_id=sgfood_elt_pipeline, task_id=load_oltp_to_raw, execution_date=20261005T030000, start_date=20261006T223504, end_date=20261006T223504
[2026-10-06T22:35:04.634+0000] {standard_task_runner.py:107} ERROR - Failed to execute job 3 for task load_oltp_to_raw (Bash command failed. The command returned a non-zero exit code 1.; 108)
[2026-10-06T22:35:04.657+0000] {local_task_job_runner.py:234} INFO - Task exited with return code 1
[2026-10-06T22:35:04.683+0000] {taskinstance.py:3280} INFO - 0 downstream tasks scheduled from follow-on schedule check
[2026-10-06T22:39:51.377+0000] {taskinstance.py:1956} INFO - Dependencies all met for dep_context=non-requeueable deps ti=<TaskInstance: sgfood_elt_pipeline.load_oltp_to_raw scheduled__2026-10-05T03:00:00+00:00 [queued]>
[2026-10-06T22:39:51.399+0000] {taskinstance.py:1956} INFO - Dependencies all met for dep_context=requeueable deps ti=<TaskInstance: sgfood_elt_pipeline.load_oltp_to_raw scheduled__2026-10-05T03:00:00+00:00 [queued]>
[2026-10-06T22:39:51.401+0000] {taskinstance.py:2170} INFO - Starting attempt 1 of 3
[2026-10-06T22:39:51.429+0000] {taskinstance.py:2191} INFO - Executing <Task(BashOperator): load_oltp_to_raw> on 2026-10-05 03:00:00+00:00
[2026-10-06T22:39:51.438+0000] {standard_task_runner.py:60} INFO - Started process 94 to run task
[2026-10-06T22:39:51.445+0000] {standard_task_runner.py:87} INFO - Running: ['airflow', 'tasks', 'run', 'sgfood_elt_pipeline', 'load_oltp_to_raw', 'scheduled__2026-10-05T03:00:00+00:00', '--job-id', '3', '--raw', '--subdir', 'DAGS_FOLDER/sgfood_elt_dag.py', '--cfg-path', '/tmp/tmpqn2ri3bh']
[2026-10-06T22:39:51.450+0000] {standard_task_runner.py:88} INFO - Job 3: Subtask load_oltp_to_raw
[2026-10-06T22:39:51.484+0000] {logging_mixin.py:188} WARNING - /home/airflow/.local/lib/python3.11/site-packages/airflow/settings.py:194 DeprecationWarning: The sql_alchemy_conn option in [core] has been moved to the sql_alchemy_conn option in [database] - the old setting has been used, but please update your config.
[2026-10-06T22:39:51.540+0000] {task_command.py:423} INFO - Running <TaskInstance: sgfood_elt_pipeline.load_oltp_to_raw scheduled__2026-10-05T03:00:00+00:00 [running]> on host 902a2823d555
[2026-10-06T22:39:51.694+0000] {taskinstance.py:2480} INFO - Exporting env vars: AIRFLOW_CTX_DAG_OWNER='sgfood_team' AIRFLOW_CTX_DAG_ID='sgfood_elt_pipeline' AIRFLOW_CTX_TASK_ID='load_oltp_to_raw' AIRFLOW_CTX_EXECUTION_DATE='2026-10-05T03:00:00+00:00' AIRFLOW_CTX_TRY_NUMBER='1' AIRFLOW_CTX_DAG_RUN_ID='scheduled__2026-10-05T03:00:00+00:00'
[2026-10-06T22:39:51.698+0000] {subprocess.py:63} INFO - Tmp dir root location: /tmp
[2026-10-06T22:39:51.698+0000] {subprocess.py:75} INFO - Running command: ['/usr/bin/bash', '-c', 'python -m src.main load-oltp']
[2026-10-06T22:39:51.714+0000] {subprocess.py:86} INFO - Output:
[2026-10-06T22:39:51.974+0000] {subprocess.py:93} INFO - Traceback (most recent call last):
[2026-10-06T22:39:51.975+0000] {subprocess.py:93} INFO -   File "<frozen runpy>", line 198, in _run_module_as_main
[2026-10-06T22:39:51.976+0000] {subprocess.py:93} INFO -   File "<frozen runpy>", line 88, in _run_code
[2026-10-06T22:39:51.976+0000] {subprocess.py:93} INFO -   File "/opt/airflow/project/src/main.py", line 7, in <module>
[2026-10-06T22:39:51.981+0000] {subprocess.py:93} INFO -     from .pipeline import inspect_quality_cases, load_csv, load_oltp, run_all, validate_raw
[2026-10-06T22:39:51.982+0000] {subprocess.py:93} INFO -   File "/opt/airflow/project/src/pipeline.py", line 7, in <module>
[2026-10-06T22:39:51.988+0000] {subprocess.py:93} INFO -     from psycopg import Connection, sql
[2026-10-06T22:39:51.989+0000] {subprocess.py:93} INFO - ModuleNotFoundError: No module named 'psycopg'
[2026-10-06T22:39:52.021+0000] {subprocess.py:97} INFO - Command exited with return code 1
[2026-10-06T22:39:52.032+0000] {taskinstance.py:2698} ERROR - Task failed with exception
Traceback (most recent call last):
  File "/home/airflow/.local/lib/python3.11/site-packages/airflow/models/taskinstance.py", line 433, in _execute_task
    result = execute_callable(context=context, **execute_callable_kwargs)
             ^^^^^^^^^^^^^^^^^^^^^^^^^^^^^^^^^^^^^^^^^^^^^^^^^^^^^^^^^^^^
  File "/home/airflow/.local/lib/python3.11/site-packages/airflow/operators/bash.py", line 212, in execute
    raise AirflowException(
airflow.exceptions.AirflowException: Bash command failed. The command returned a non-zero exit code 1.
[2026-10-06T22:39:52.038+0000] {taskinstance.py:1138} INFO - Marking task as UP_FOR_RETRY. dag_id=sgfood_elt_pipeline, task_id=load_oltp_to_raw, execution_date=20261005T030000, start_date=20261006T223951, end_date=20261006T223952
[2026-10-06T22:39:52.062+0000] {standard_task_runner.py:107} ERROR - Failed to execute job 3 for task load_oltp_to_raw (Bash command failed. The command returned a non-zero exit code 1.; 94)
[2026-10-06T22:39:52.103+0000] {local_task_job_runner.py:234} INFO - Task exited with return code 1
[2026-10-06T22:39:52.131+0000] {taskinstance.py:3280} INFO - 0 downstream tasks scheduled from follow-on schedule check
[2026-10-06T22:49:07.402+0000] {taskinstance.py:1956} INFO - Dependencies all met for dep_context=non-requeueable deps ti=<TaskInstance: sgfood_elt_pipeline.load_oltp_to_raw scheduled__2026-10-05T03:00:00+00:00 [queued]>
[2026-10-06T22:49:07.422+0000] {taskinstance.py:1956} INFO - Dependencies all met for dep_context=requeueable deps ti=<TaskInstance: sgfood_elt_pipeline.load_oltp_to_raw scheduled__2026-10-05T03:00:00+00:00 [queued]>
[2026-10-06T22:49:07.423+0000] {taskinstance.py:2170} INFO - Starting attempt 1 of 3
[2026-10-06T22:49:07.474+0000] {taskinstance.py:2191} INFO - Executing <Task(BashOperator): load_oltp_to_raw> on 2026-10-05 03:00:00+00:00
[2026-10-06T22:49:07.486+0000] {standard_task_runner.py:60} INFO - Started process 126 to run task
[2026-10-06T22:49:07.492+0000] {standard_task_runner.py:87} INFO - Running: ['airflow', 'tasks', 'run', 'sgfood_elt_pipeline', 'load_oltp_to_raw', 'scheduled__2026-10-05T03:00:00+00:00', '--job-id', '3', '--raw', '--subdir', 'DAGS_FOLDER/sgfood_elt_dag.py', '--cfg-path', '/tmp/tmpiu67q0oq']
[2026-10-06T22:49:07.496+0000] {standard_task_runner.py:88} INFO - Job 3: Subtask load_oltp_to_raw
[2026-10-06T22:49:07.531+0000] {logging_mixin.py:188} WARNING - /home/airflow/.local/lib/python3.11/site-packages/airflow/settings.py:194 DeprecationWarning: The sql_alchemy_conn option in [core] has been moved to the sql_alchemy_conn option in [database] - the old setting has been used, but please update your config.
[2026-10-06T22:49:07.609+0000] {task_command.py:423} INFO - Running <TaskInstance: sgfood_elt_pipeline.load_oltp_to_raw scheduled__2026-10-05T03:00:00+00:00 [running]> on host c1ebf849af9a
[2026-10-06T22:49:07.479+0000] {taskinstance.py:2480} INFO - Exporting env vars: AIRFLOW_CTX_DAG_OWNER='sgfood_team' AIRFLOW_CTX_DAG_ID='sgfood_elt_pipeline' AIRFLOW_CTX_TASK_ID='load_oltp_to_raw' AIRFLOW_CTX_EXECUTION_DATE='2026-10-05T03:00:00+00:00' AIRFLOW_CTX_TRY_NUMBER='1' AIRFLOW_CTX_DAG_RUN_ID='scheduled__2026-10-05T03:00:00+00:00'
[2026-10-06T22:49:07.484+0000] {subprocess.py:63} INFO - Tmp dir root location: /tmp
[2026-10-06T22:49:07.485+0000] {subprocess.py:75} INFO - Running command: ['/usr/bin/bash', '-c', 'python -m src.main load-oltp']
[2026-10-06T22:49:07.504+0000] {subprocess.py:86} INFO - Output:
[2026-10-06T22:49:07.808+0000] {subprocess.py:93} INFO - Traceback (most recent call last):
[2026-10-06T22:49:07.810+0000] {subprocess.py:93} INFO -   File "<frozen runpy>", line 198, in _run_module_as_main
[2026-10-06T22:49:07.810+0000] {subprocess.py:93} INFO -   File "<frozen runpy>", line 88, in _run_code
[2026-10-06T22:49:07.811+0000] {subprocess.py:93} INFO -   File "/opt/airflow/project/src/main.py", line 7, in <module>
[2026-10-06T22:49:07.816+0000] {subprocess.py:93} INFO -     from .pipeline import inspect_quality_cases, load_csv, load_oltp, run_all, validate_raw
[2026-10-06T22:49:07.817+0000] {subprocess.py:93} INFO -   File "/opt/airflow/project/src/pipeline.py", line 7, in <module>
[2026-10-06T22:49:07.823+0000] {subprocess.py:93} INFO -     from psycopg import Connection, sql
[2026-10-06T22:49:07.824+0000] {subprocess.py:93} INFO - ModuleNotFoundError: No module named 'psycopg'
[2026-10-06T22:49:07.850+0000] {subprocess.py:97} INFO - Command exited with return code 1
[2026-10-06T22:49:07.862+0000] {taskinstance.py:2698} ERROR - Task failed with exception
Traceback (most recent call last):
  File "/home/airflow/.local/lib/python3.11/site-packages/airflow/models/taskinstance.py", line 433, in _execute_task
    result = execute_callable(context=context, **execute_callable_kwargs)
             ^^^^^^^^^^^^^^^^^^^^^^^^^^^^^^^^^^^^^^^^^^^^^^^^^^^^^^^^^^^^
  File "/home/airflow/.local/lib/python3.11/site-packages/airflow/operators/bash.py", line 212, in execute
    raise AirflowException(
airflow.exceptions.AirflowException: Bash command failed. The command returned a non-zero exit code 1.
[2026-10-06T22:49:07.872+0000] {taskinstance.py:1138} INFO - Marking task as UP_FOR_RETRY. dag_id=sgfood_elt_pipeline, task_id=load_oltp_to_raw, execution_date=20261005T030000, start_date=20261006T224907, end_date=20261006T224907
[2026-10-06T22:49:07.899+0000] {standard_task_runner.py:107} ERROR - Failed to execute job 3 for task load_oltp_to_raw (Bash command failed. The command returned a non-zero exit code 1.; 126)
[2026-10-06T22:49:07.940+0000] {local_task_job_runner.py:234} INFO - Task exited with return code 1
[2026-10-06T22:49:07.977+0000] {taskinstance.py:3280} INFO - 0 downstream tasks scheduled from follow-on schedule check
[2026-10-06T23:11:49.353+0000] {taskinstance.py:1956} INFO - Dependencies all met for dep_context=non-requeueable deps ti=<TaskInstance: sgfood_elt_pipeline.load_oltp_to_raw scheduled__2026-10-05T03:00:00+00:00 [queued]>
[2026-10-06T23:11:49.367+0000] {taskinstance.py:1956} INFO - Dependencies all met for dep_context=requeueable deps ti=<TaskInstance: sgfood_elt_pipeline.load_oltp_to_raw scheduled__2026-10-05T03:00:00+00:00 [queued]>
[2026-10-06T23:11:49.368+0000] {taskinstance.py:2170} INFO - Starting attempt 1 of 3
[2026-10-06T23:11:49.401+0000] {taskinstance.py:2191} INFO - Executing <Task(BashOperator): load_oltp_to_raw> on 2026-10-05 03:00:00+00:00
[2026-10-06T23:11:49.410+0000] {standard_task_runner.py:60} INFO - Started process 278 to run task
[2026-10-06T23:11:49.416+0000] {standard_task_runner.py:87} INFO - Running: ['airflow', 'tasks', 'run', 'sgfood_elt_pipeline', 'load_oltp_to_raw', 'scheduled__2026-10-05T03:00:00+00:00', '--job-id', '3', '--raw', '--subdir', 'DAGS_FOLDER/sgfood_elt_dag.py', '--cfg-path', '/tmp/tmp6gxqims9']
[2026-10-06T23:11:49.420+0000] {standard_task_runner.py:88} INFO - Job 3: Subtask load_oltp_to_raw
[2026-10-06T23:11:49.475+0000] {logging_mixin.py:188} WARNING - /home/airflow/.local/lib/python3.11/site-packages/airflow/settings.py:194 DeprecationWarning: The sql_alchemy_conn option in [core] has been moved to the sql_alchemy_conn option in [database] - the old setting has been used, but please update your config.
[2026-10-06T23:11:49.556+0000] {task_command.py:423} INFO - Running <TaskInstance: sgfood_elt_pipeline.load_oltp_to_raw scheduled__2026-10-05T03:00:00+00:00 [running]> on host 678e88aa542a
[2026-10-06T23:11:49.729+0000] {taskinstance.py:2480} INFO - Exporting env vars: AIRFLOW_CTX_DAG_OWNER='sgfood_team' AIRFLOW_CTX_DAG_ID='sgfood_elt_pipeline' AIRFLOW_CTX_TASK_ID='load_oltp_to_raw' AIRFLOW_CTX_EXECUTION_DATE='2026-10-05T03:00:00+00:00' AIRFLOW_CTX_TRY_NUMBER='1' AIRFLOW_CTX_DAG_RUN_ID='scheduled__2026-10-05T03:00:00+00:00'
[2026-10-06T23:11:49.732+0000] {subprocess.py:63} INFO - Tmp dir root location: /tmp
[2026-10-06T23:11:49.733+0000] {subprocess.py:75} INFO - Running command: ['/usr/bin/bash', '-c', 'python -m src.main load-oltp']
[2026-10-06T23:11:49.752+0000] {subprocess.py:86} INFO - Output:
[2026-10-06T23:11:50.628+0000] {subprocess.py:93} INFO - 2026-10-06 23:11:50,627 | INFO | src.database | Conexión exitosa a PostgreSQL transaccional (source_db:5432/sgfood_source)
[2026-10-06T23:11:50.644+0000] {subprocess.py:93} INFO - 2026-10-06 23:11:50,644 | INFO | src.database | Conexión exitosa a PostgreSQL Data Warehouse (warehouse_db:5432/sgfood_dw)
[2026-10-06T23:11:50.680+0000] {subprocess.py:93} INFO - 2026-10-06 23:11:50,680 | INFO | src.pipeline | Schema raw y tablas disponibles
[2026-10-06T23:11:50.747+0000] {subprocess.py:93} INFO - 2026-10-06 23:11:50,747 | INFO | src.pipeline | raw.sucursal: 6 registros cargados
[2026-10-06T23:11:50.752+0000] {subprocess.py:93} INFO - 2026-10-06 23:11:50,751 | INFO | src.pipeline | raw.categoria: 8 registros cargados
[2026-10-06T23:11:50.755+0000] {subprocess.py:93} INFO - 2026-10-06 23:11:50,755 | INFO | src.pipeline | raw.marca: 10 registros cargados
[2026-10-06T23:11:50.765+0000] {subprocess.py:93} INFO - 2026-10-06 23:11:50,764 | INFO | src.pipeline | raw.producto: 80 registros cargados
[2026-10-06T23:11:50.776+0000] {subprocess.py:93} INFO - 2026-10-06 23:11:50,776 | INFO | src.pipeline | raw.cliente: 250 registros cargados
[2026-10-06T23:11:50.802+0000] {subprocess.py:93} INFO - 2026-10-06 23:11:50,801 | INFO | src.pipeline | raw.venta: 1200 registros cargados
[2026-10-06T23:11:50.856+0000] {subprocess.py:93} INFO - 2026-10-06 23:11:50,856 | INFO | src.pipeline | raw.venta_detalle: 3209 registros cargados
[2026-10-06T23:11:50.868+0000] {subprocess.py:93} INFO - 2026-10-06 23:11:50,868 | INFO | src.pipeline | Carga OLTP confirmada. batch_id=2467b184-582a-45c7-9238-5b22d48be18c
[2026-10-06T23:11:50.869+0000] {subprocess.py:93} INFO - 2026-10-06 23:11:50,869 | INFO | __main__ | Comando load-oltp finalizado correctamente
[2026-10-06T23:11:50.946+0000] {subprocess.py:97} INFO - Command exited with return code 0
[2026-10-06T23:11:50.998+0000] {taskinstance.py:1138} INFO - Marking task as SUCCESS. dag_id=sgfood_elt_pipeline, task_id=load_oltp_to_raw, execution_date=20261005T030000, start_date=20261006T231149, end_date=20261006T231150
[2026-10-06T23:11:51.056+0000] {local_task_job_runner.py:234} INFO - Task exited with return code 0
[2026-10-06T23:11:51.117+0000] {taskinstance.py:3280} INFO - 0 downstream tasks scheduled from follow-on schedule check
