[0m15:07:46.899948 [debug] [MainThread]: Sending event: {'category': 'dbt', 'action': 'invocation', 'label': 'start', 'context': [<snowplow_tracker.self_describing_json.SelfDescribingJson object at 0x000001866265E7B0>, <snowplow_tracker.self_describing_json.SelfDescribingJson object at 0x0000018664E47D90>, <snowplow_tracker.self_describing_json.SelfDescribingJson object at 0x0000018664E47890>]}


============================== 15:07:46.913153 | 21ee8339-eb23-4e40-bf9a-5c79637939f7 ==============================
[0m15:07:46.913153 [info ] [MainThread]: Running with dbt=1.12.5
[0m15:07:46.914698 [debug] [MainThread]: running dbt with arguments {'maximum_seed_size_mib': '1', 'no_print': 'None', 'version_check': 'True', 'warn_error_options': 'WarnErrorOptionsV2(error=[], warn=[], silence=[])', 'target_path': 'None', 'static_parser': 'True', 'printer_width': '80', 'write_json': 'True', 'introspect': 'True', 'log_cache_events': 'False', 'empty': 'None', 'cache_selected_only': 'False', 'log_format': 'default', 'debug': 'False', 'fail_fast': 'False', 'partial_parse': 'True', 'send_anonymous_usage_stats': 'True', 'quiet': 'False', 'warn_error': 'None', 'profiles_dir': 'C:\\Users\\compu\\.dbt', 'invocation_command': 'dbt init sgfood_dbt', 'hints_enabled': 'True', 'use_colors': 'True', 'use_experimental_parser': 'False', 'indirect_selection': 'eager', 'log_path': 'logs'}
[0m15:07:46.971931 [info ] [MainThread]: Creating dbt configuration folder at C:\Users\compu\.dbt
[0m15:07:46.978911 [debug] [MainThread]: Starter project path: C:\Users\compu\Desktop\SS22S2026_G6\Proyecto1\.venv\Lib\site-packages\dbt\include\starter_project
[0m15:07:47.043535 [info ] [MainThread]: Setting up your profile.
[0m15:12:06.415250 [info ] [MainThread]: Profile sgfood_dbt written to C:\Users\compu\.dbt\profiles.yml using target's profile_template.yml and your supplied values.
[0m15:12:06.421232 [info ] [MainThread]: Running dbt debug to validate the project...
[0m15:12:06.422862 [info ] [MainThread]: dbt version: 1.12.5
[0m15:12:06.423751 [info ] [MainThread]: python version: 3.13.0
[0m15:12:06.424465 [info ] [MainThread]: python path: C:\Users\compu\Desktop\SS22S2026_G6\Proyecto1\.venv\Scripts\python.exe
[0m15:12:06.425344 [info ] [MainThread]: os info: Windows-11-10.0.26200-SP0
[0m15:12:06.505920 [info ] [MainThread]: Using profiles dir at C:\Users\compu\.dbt
[0m15:12:06.507067 [info ] [MainThread]: Using profiles.yml file at C:\Users\compu\.dbt\profiles.yml
[0m15:12:06.508693 [info ] [MainThread]: Using dbt_project.yml file at C:\Users\compu\Desktop\SS22S2026_G6\Proyecto1\dbt\sgfood_dbt\dbt_project.yml
[0m15:12:06.511212 [info ] [MainThread]: adapter type: postgres
[0m15:12:06.512310 [info ] [MainThread]: adapter version: 1.11.0
[0m15:12:06.714292 [info ] [MainThread]: Configuration:
[0m15:12:06.715449 [info ] [MainThread]:   profiles.yml file [[32mOK found and valid[0m]
[0m15:12:06.716236 [info ] [MainThread]:   dbt_project.yml file [[32mOK found and valid[0m]
[0m15:12:06.717203 [info ] [MainThread]: Required dependencies:
[0m15:12:06.718106 [debug] [MainThread]: Executing "git --help"
[0m15:12:06.797066 [debug] [MainThread]: STDOUT: "b"usage: git [-v | --version] [-h | --help] [-C <path>] [-c <name>=<value>]\n           [--exec-path[=<path>]] [--html-path] [--man-path] [--info-path]\n           [-p | --paginate | -P | --no-pager] [--no-replace-objects] [--no-lazy-fetch]\n           [--no-optional-locks] [--no-advice] [--bare] [--git-dir=<path>]\n           [--work-tree=<path>] [--namespace=<name>] [--config-env=<name>=<envvar>]\n           <command> [<args>]\n\nThese are common Git commands used in various situations:\n\nstart a working area (see also: git help tutorial)\n   clone      Clone a repository into a new directory\n   init       Create an empty Git repository or reinitialize an existing one\n\nwork on the current change (see also: git help everyday)\n   add        Add file contents to the index\n   mv         Move or rename a file, a directory, or a symlink\n   restore    Restore working tree files\n   rm         Remove files from the working tree and from the index\n\nexamine the history and state (see also: git help revisions)\n   bisect     Use binary search to find the commit that introduced a bug\n   diff       Show changes between commits, commit and working tree, etc\n   grep       Print lines matching a pattern\n   log        Show commit logs\n   show       Show various types of objects\n   status     Show the working tree status\n\ngrow, mark and tweak your common history\n   backfill   Download missing objects in a partial clone\n   branch     List, create, or delete branches\n   commit     Record changes to the repository\n   merge      Join two or more development histories together\n   rebase     Reapply commits on top of another base tip\n   reset      Reset current HEAD to the specified state\n   switch     Switch branches\n   tag        Create, list, delete or verify a tag object signed with GPG\n\ncollaborate (see also: git help workflows)\n   fetch      Download objects and refs from another repository\n   pull       Fetch from and integrate with another repository or a local branch\n   push       Update remote refs along with associated objects\n\n'git help -a' and 'git help -g' list available subcommands and some\nconcept guides. See 'git help <command>' or 'git help <concept>'\nto read about a specific subcommand or concept.\nSee 'git help git' for an overview of the system.\n""
[0m15:12:06.797966 [debug] [MainThread]: STDERR: "b''"
[0m15:12:06.798793 [info ] [MainThread]:  - git [[32mOK found[0m]

[0m15:12:06.799518 [info ] [MainThread]: Connection:
[0m15:12:06.800183 [info ] [MainThread]:   host: 127.0.0.1
[0m15:12:06.800841 [info ] [MainThread]:   port: 5433
[0m15:12:06.801472 [info ] [MainThread]:   user: postgres
[0m15:12:06.802101 [info ] [MainThread]:   database: ss2proyecto1
[0m15:12:06.802858 [info ] [MainThread]:   schema: stagin
[0m15:12:06.803476 [info ] [MainThread]:   connect_timeout: 10
[0m15:12:06.804071 [info ] [MainThread]:   role: None
[0m15:12:06.804663 [info ] [MainThread]:   search_path: None
[0m15:12:06.805291 [info ] [MainThread]:   keepalives_idle: 0
[0m15:12:06.805889 [info ] [MainThread]:   sslmode: None
[0m15:12:06.806573 [info ] [MainThread]:   sslcert: None
[0m15:12:06.807270 [info ] [MainThread]:   sslkey: None
[0m15:12:06.808184 [info ] [MainThread]:   sslrootcert: None
[0m15:12:06.809019 [info ] [MainThread]:   application_name: dbt
[0m15:12:06.809960 [info ] [MainThread]:   autocommit: False
[0m15:12:06.810999 [info ] [MainThread]:   retries: 1
[0m15:12:06.812406 [info ] [MainThread]: Registered adapter: postgres=1.11.0
[0m15:12:07.615871 [debug] [MainThread]: Acquiring new postgres connection 'debug'
[0m15:12:12.448754 [debug] [MainThread]: Using postgres connection "debug"
[0m15:12:12.449447 [debug] [MainThread]: On debug: select 1 as id
[0m15:12:12.450060 [debug] [MainThread]: Opening a new connection, currently in state init
[0m15:12:12.496770 [debug] [MainThread]: SQL status: SELECT 1 in 0.047 seconds
[0m15:12:12.498816 [debug] [MainThread]: On debug: Close
[0m15:12:12.499863 [info ] [MainThread]:   Connection test: [[32mOK connection ok[0m]

[0m15:12:12.500987 [info ] [MainThread]: [32mAll checks passed![0m
[0m15:12:12.502058 [info ] [MainThread]: Your new dbt project "sgfood_dbt" was created!
Initialized new project in C:\Users\compu\Desktop\SS22S2026_G6\Proyecto1\dbt\sgfood_dbt\sgfood_dbt

For more information on how to configure the profiles.yml file,
please consult the dbt documentation here:

  https://docs.getdbt.com/docs/configure-your-profile

One more thing:

Need help? Don't hesitate to reach out to us via GitHub issues or on Slack:

  https://community.getdbt.com/

Happy modeling!

[0m15:12:12.504437 [debug] [MainThread]: Command `dbt init` succeeded at 15:12:12.504114 after 265.90 seconds
[0m15:12:12.505114 [debug] [MainThread]: Connection 'debug' was properly closed.
[0m15:12:12.505856 [debug] [MainThread]: Sending event: {'category': 'dbt', 'action': 'invocation', 'label': 'end', 'context': [<snowplow_tracker.self_describing_json.SelfDescribingJson object at 0x0000018664F136F0>, <snowplow_tracker.self_describing_json.SelfDescribingJson object at 0x0000018664EA8B90>, <snowplow_tracker.self_describing_json.SelfDescribingJson object at 0x0000018665173680>]}
[0m15:12:12.506731 [debug] [MainThread]: Flushing usage events
[0m15:12:15.233202 [debug] [MainThread]: An error was encountered while trying to flush usage events
