[2026-10-07T03:00:34.116+0000] {taskinstance.py:1956} INFO - Dependencies all met for dep_context=non-requeueable deps ti=<TaskInstance: sgfood_elt_pipeline.dbt_run_models scheduled__2026-10-06T03:00:00+00:00 [queued]>
[2026-10-07T03:00:34.129+0000] {taskinstance.py:1956} INFO - Dependencies all met for dep_context=requeueable deps ti=<TaskInstance: sgfood_elt_pipeline.dbt_run_models scheduled__2026-10-06T03:00:00+00:00 [queued]>
[2026-10-07T03:00:34.130+0000] {taskinstance.py:2170} INFO - Starting attempt 1 of 3
[2026-10-07T03:00:34.159+0000] {taskinstance.py:2191} INFO - Executing <Task(BashOperator): dbt_run_models> on 2026-10-06 03:00:00+00:00
[2026-10-07T03:00:34.170+0000] {standard_task_runner.py:60} INFO - Started process 960 to run task
[2026-10-07T03:00:34.178+0000] {standard_task_runner.py:87} INFO - Running: ['airflow', 'tasks', 'run', 'sgfood_elt_pipeline', 'dbt_run_models', 'scheduled__2026-10-06T03:00:00+00:00', '--job-id', '12', '--raw', '--subdir', 'DAGS_FOLDER/sgfood_elt_dag.py', '--cfg-path', '/tmp/tmpf79mmiqf']
[2026-10-07T03:00:34.183+0000] {standard_task_runner.py:88} INFO - Job 12: Subtask dbt_run_models
[2026-10-07T03:00:34.221+0000] {logging_mixin.py:188} WARNING - /home/airflow/.local/lib/python3.11/site-packages/airflow/settings.py:194 DeprecationWarning: The sql_alchemy_conn option in [core] has been moved to the sql_alchemy_conn option in [database] - the old setting has been used, but please update your config.
[2026-10-07T03:00:34.277+0000] {task_command.py:423} INFO - Running <TaskInstance: sgfood_elt_pipeline.dbt_run_models scheduled__2026-10-06T03:00:00+00:00 [running]> on host 678e88aa542a
[2026-10-07T03:00:34.384+0000] {taskinstance.py:2480} INFO - Exporting env vars: AIRFLOW_CTX_DAG_OWNER='sgfood_team' AIRFLOW_CTX_DAG_ID='sgfood_elt_pipeline' AIRFLOW_CTX_TASK_ID='dbt_run_models' AIRFLOW_CTX_EXECUTION_DATE='2026-10-06T03:00:00+00:00' AIRFLOW_CTX_TRY_NUMBER='1' AIRFLOW_CTX_DAG_RUN_ID='scheduled__2026-10-06T03:00:00+00:00'
[2026-10-07T03:00:34.388+0000] {subprocess.py:63} INFO - Tmp dir root location: /tmp
[2026-10-07T03:00:34.389+0000] {subprocess.py:75} INFO - Running command: ['/usr/bin/bash', '-c', 'cd /opt/airflow/project/dbt/sgfood_dbt && dbt run --profiles-dir .']
[2026-10-07T03:00:34.411+0000] {subprocess.py:86} INFO - Output:
[2026-10-07T03:00:39.253+0000] {subprocess.py:93} INFO - [0m03:00:39  Running with dbt=1.12.5
[2026-10-07T03:00:39.944+0000] {subprocess.py:93} INFO - [0m03:00:39  Registered adapter: postgres=1.11.0
[2026-10-07T03:00:42.595+0000] {subprocess.py:93} INFO - [0m03:00:42  Found 23 models, 78 data tests, 12 sources, 478 macros
[2026-10-07T03:00:42.610+0000] {subprocess.py:93} INFO - [0m03:00:42
[2026-10-07T03:00:42.614+0000] {subprocess.py:93} INFO - [0m03:00:42  Concurrency: 4 threads (target='dev')
[2026-10-07T03:00:42.617+0000] {subprocess.py:93} INFO - [0m03:00:42
[2026-10-07T03:00:43.478+0000] {subprocess.py:93} INFO - [0m03:00:43  1 of 23 START sql table model marts.dim_fecha .................................. [RUN]
[2026-10-07T03:00:43.482+0000] {subprocess.py:93} INFO - [0m03:00:43  2 of 23 START sql view model staging.stg_categorias ............................ [RUN]
[2026-10-07T03:00:43.485+0000] {subprocess.py:93} INFO - [0m03:00:43  3 of 23 START sql view model staging.stg_clientes .............................. [RUN]
[2026-10-07T03:00:43.488+0000] {subprocess.py:93} INFO - [0m03:00:43  4 of 23 START sql view model staging.stg_devoluciones .......................... [RUN]
[2026-10-07T03:00:44.390+0000] {subprocess.py:93} INFO - [0m03:00:44  2 of 23 OK created sql view model staging.stg_categorias ....................... [[32mCREATE VIEW[0m in 0.88s]
[2026-10-07T03:00:44.394+0000] {subprocess.py:93} INFO - [0m03:00:44  4 of 23 OK created sql view model staging.stg_devoluciones ..................... [[32mCREATE VIEW[0m in 0.88s]
[2026-10-07T03:00:44.400+0000] {subprocess.py:93} INFO - [0m03:00:44  3 of 23 OK created sql view model staging.stg_clientes ......................... [[32mCREATE VIEW[0m in 0.88s]
[2026-10-07T03:00:44.406+0000] {subprocess.py:93} INFO - [0m03:00:44  1 of 23 OK created sql table model marts.dim_fecha ............................. [[32mSELECT 1096[0m in 0.89s]
[2026-10-07T03:00:44.440+0000] {subprocess.py:93} INFO - [0m03:00:44  5 of 23 START sql view model staging.stg_inventario_bodega ..................... [RUN]
[2026-10-07T03:00:44.444+0000] {subprocess.py:93} INFO - [0m03:00:44  6 of 23 START sql view model staging.stg_marcas ................................ [RUN]
[2026-10-07T03:00:44.448+0000] {subprocess.py:93} INFO - [0m03:00:44  7 of 23 START sql view model staging.stg_metas_ventas .......................... [RUN]
[2026-10-07T03:00:44.452+0000] {subprocess.py:93} INFO - [0m03:00:44  8 of 23 START sql view model staging.stg_productos ............................. [RUN]
[2026-10-07T03:00:44.765+0000] {subprocess.py:93} INFO - [0m03:00:44  6 of 23 OK created sql view model staging.stg_marcas ........................... [[32mCREATE VIEW[0m in 0.30s]
[2026-10-07T03:00:44.780+0000] {subprocess.py:93} INFO - [0m03:00:44  9 of 23 START sql view model staging.stg_promociones ........................... [RUN]
[2026-10-07T03:00:45.141+0000] {subprocess.py:93} INFO - [0m03:00:45  7 of 23 OK created sql view model staging.stg_metas_ventas ..................... [[32mCREATE VIEW[0m in 0.66s]
[2026-10-07T03:00:45.159+0000] {subprocess.py:93} INFO - [0m03:00:45  5 of 23 OK created sql view model staging.stg_inventario_bodega ................ [[32mCREATE VIEW[0m in 0.69s]
[2026-10-07T03:00:45.190+0000] {subprocess.py:93} INFO - [0m03:00:45  10 of 23 START sql view model staging.stg_proveedores_precios .................. [RUN]
[2026-10-07T03:00:45.208+0000] {subprocess.py:93} INFO - [0m03:00:45  8 of 23 OK created sql view model staging.stg_productos ........................ [[32mCREATE VIEW[0m in 0.73s]
[2026-10-07T03:00:45.216+0000] {subprocess.py:93} INFO - [0m03:00:45  11 of 23 START sql view model staging.stg_sucursales ........................... [RUN]
[2026-10-07T03:00:45.269+0000] {subprocess.py:93} INFO - [0m03:00:45  12 of 23 START sql view model staging.stg_ventas ............................... [RUN]
[2026-10-07T03:00:45.415+0000] {subprocess.py:93} INFO - [0m03:00:45  9 of 23 OK created sql view model staging.stg_promociones ...................... [[32mCREATE VIEW[0m in 0.63s]
[2026-10-07T03:00:45.446+0000] {subprocess.py:93} INFO - [0m03:00:45  13 of 23 START sql view model staging.stg_ventas_detalle ....................... [RUN]
[2026-10-07T03:00:45.739+0000] {subprocess.py:93} INFO - [0m03:00:45  10 of 23 OK created sql view model staging.stg_proveedores_precios ............. [[32mCREATE VIEW[0m in 0.51s]
[2026-10-07T03:00:45.746+0000] {subprocess.py:93} INFO - [0m03:00:45  11 of 23 OK created sql view model staging.stg_sucursales ...................... [[32mCREATE VIEW[0m in 0.49s]
[2026-10-07T03:00:45.757+0000] {subprocess.py:93} INFO - [0m03:00:45  12 of 23 OK created sql view model staging.stg_ventas .......................... [[32mCREATE VIEW[0m in 0.46s]
[2026-10-07T03:00:45.786+0000] {subprocess.py:93} INFO - [0m03:00:45  14 of 23 START sql table model marts.dim_clientes .............................. [RUN]
[2026-10-07T03:00:45.793+0000] {subprocess.py:93} INFO - [0m03:00:45  15 of 23 START sql table model marts.fct_metas_ventas .......................... [RUN]
[2026-10-07T03:00:45.804+0000] {subprocess.py:93} INFO - [0m03:00:45  16 of 23 START sql table model marts.dim_productos ............................. [RUN]
[2026-10-07T03:00:45.953+0000] {subprocess.py:93} INFO - [0m03:00:45  13 of 23 OK created sql view model staging.stg_ventas_detalle .................. [[32mCREATE VIEW[0m in 0.49s]
[2026-10-07T03:00:45.997+0000] {subprocess.py:93} INFO - [0m03:00:45  17 of 23 START sql view model intermediate.int_inventario_costos ............... [RUN]
[2026-10-07T03:00:54.647+0000] {subprocess.py:93} INFO - [0m03:00:54  15 of 23 OK created sql table model marts.fct_metas_ventas ..................... [[32mSELECT 48[0m in 8.83s]
[2026-10-07T03:00:54.682+0000] {subprocess.py:93} INFO - [0m03:00:54  18 of 23 START sql table model marts.dim_sucursales ............................ [RUN]
[2026-10-07T03:00:54.694+0000] {subprocess.py:93} INFO - [0m03:00:54  16 of 23 OK created sql table model marts.dim_productos ........................ [[32mSELECT 80[0m in 8.85s]
[2026-10-07T03:00:54.745+0000] {subprocess.py:93} INFO - [0m03:00:54  19 of 23 START sql view model intermediate.int_devoluciones_detalle ............ [RUN]
[2026-10-07T03:00:54.780+0000] {subprocess.py:93} INFO - [0m03:00:54  14 of 23 OK created sql table model marts.dim_clientes ......................... [[32mSELECT 250[0m in 8.97s]
[2026-10-07T03:00:54.828+0000] {subprocess.py:93} INFO - [0m03:00:54  20 of 23 START sql view model intermediate.int_ventas_lineas ................... [RUN]
[2026-10-07T03:00:45.989+0000] {subprocess.py:93} INFO - [0m03:00:45  17 of 23 OK created sql view model intermediate.int_inventario_costos .......... [[32mCREATE VIEW[0m in -0.03s]
[2026-10-07T03:00:46.014+0000] {subprocess.py:93} INFO - [0m03:00:46  21 of 23 START sql table model marts.fct_inventario ............................ [RUN]
[2026-10-07T03:00:46.240+0000] {subprocess.py:93} INFO - [0m03:00:46  19 of 23 OK created sql view model intermediate.int_devoluciones_detalle ....... [[32mCREATE VIEW[0m in -8.53s]
[2026-10-07T03:00:46.276+0000] {subprocess.py:93} INFO - [0m03:00:46  18 of 23 OK created sql table model marts.dim_sucursales ....................... [[32mSELECT 6[0m in -8.44s]
[2026-10-07T03:00:46.285+0000] {subprocess.py:93} INFO - [0m03:00:46  22 of 23 START sql table model marts.fct_devoluciones .......................... [RUN]
[2026-10-07T03:00:46.377+0000] {subprocess.py:93} INFO - [0m03:00:46  20 of 23 OK created sql view model intermediate.int_ventas_lineas .............. [[32mCREATE VIEW[0m in -8.46s]
[2026-10-07T03:00:46.390+0000] {subprocess.py:93} INFO - [0m03:00:46  23 of 23 START sql table model marts.fct_ventas ................................ [RUN]
[2026-10-07T03:00:46.562+0000] {subprocess.py:93} INFO - [0m03:00:46  21 of 23 OK created sql table model marts.fct_inventario ....................... [[32mSELECT 3840[0m in 0.53s]
[2026-10-07T03:00:46.638+0000] {subprocess.py:93} INFO - [0m03:00:46  22 of 23 OK created sql table model marts.fct_devoluciones ..................... [[32mSELECT 80[0m in 0.34s]
[2026-10-07T03:01:00.890+0000] {subprocess.py:93} INFO - [0m03:01:00  23 of 23 OK created sql table model marts.fct_ventas ........................... [[32mSELECT 3209[0m in 0.42s]
[2026-10-07T03:01:00.952+0000] {subprocess.py:93} INFO - [0m03:01:00
[2026-10-07T03:01:00.955+0000] {subprocess.py:93} INFO - [0m03:01:00  Finished running 8 table models, 15 view models in 0 hours 0 minutes and 18.33 seconds (18.33s).
[2026-10-07T03:01:01.237+0000] {subprocess.py:93} INFO - [0m03:01:01
[2026-10-07T03:01:01.240+0000] {subprocess.py:93} INFO - [0m03:01:01  [32mCompleted successfully[0m
[2026-10-07T03:01:01.243+0000] {subprocess.py:93} INFO - [0m03:01:01
[2026-10-07T03:01:01.247+0000] {subprocess.py:93} INFO - [0m03:01:01  Done. PASS=23 WARN=0 ERROR=0 SKIP=0 NO-OP=0 REUSED=0 TOTAL=23
[2026-10-07T03:01:08.330+0000] {subprocess.py:97} INFO - Command exited with return code 0
[2026-10-07T03:01:08.367+0000] {taskinstance.py:1138} INFO - Marking task as SUCCESS. dag_id=sgfood_elt_pipeline, task_id=dbt_run_models, execution_date=20261006T030000, start_date=20261007T030034, end_date=20261007T030108
[2026-10-07T03:01:08.435+0000] {local_task_job_runner.py:234} INFO - Task exited with return code 0
[2026-10-07T03:01:08.486+0000] {taskinstance.py:3280} INFO - 1 downstream tasks scheduled from follow-on schedule check
[2026-10-07T04:12:30.831+0000] {taskinstance.py:1956} INFO - Dependencies all met for dep_context=non-requeueable deps ti=<TaskInstance: sgfood_elt_pipeline.dbt_run_models scheduled__2026-10-06T03:00:00+00:00 [queued]>
[2026-10-07T04:12:30.844+0000] {taskinstance.py:1956} INFO - Dependencies all met for dep_context=requeueable deps ti=<TaskInstance: sgfood_elt_pipeline.dbt_run_models scheduled__2026-10-06T03:00:00+00:00 [queued]>
[2026-10-07T04:12:30.845+0000] {taskinstance.py:2170} INFO - Starting attempt 1 of 3
[2026-10-07T04:12:30.874+0000] {taskinstance.py:2191} INFO - Executing <Task(BashOperator): dbt_run_models> on 2026-10-06 03:00:00+00:00
[2026-10-07T04:12:30.888+0000] {standard_task_runner.py:60} INFO - Started process 246 to run task
[2026-10-07T04:12:30.895+0000] {standard_task_runner.py:87} INFO - Running: ['airflow', 'tasks', 'run', 'sgfood_elt_pipeline', 'dbt_run_models', 'scheduled__2026-10-06T03:00:00+00:00', '--job-id', '6', '--raw', '--subdir', 'DAGS_FOLDER/sgfood_elt_dag.py', '--cfg-path', '/tmp/tmpb3whpq4f']
[2026-10-07T04:12:30.900+0000] {standard_task_runner.py:88} INFO - Job 6: Subtask dbt_run_models
[2026-10-07T04:12:30.938+0000] {logging_mixin.py:188} WARNING - /home/airflow/.local/lib/python3.11/site-packages/airflow/settings.py:194 DeprecationWarning: The sql_alchemy_conn option in [core] has been moved to the sql_alchemy_conn option in [database] - the old setting has been used, but please update your config.
[2026-10-07T04:12:31.000+0000] {task_command.py:423} INFO - Running <TaskInstance: sgfood_elt_pipeline.dbt_run_models scheduled__2026-10-06T03:00:00+00:00 [running]> on host 26c9da150547
[2026-10-07T04:12:31.106+0000] {taskinstance.py:2480} INFO - Exporting env vars: AIRFLOW_CTX_DAG_OWNER='sgfood_team' AIRFLOW_CTX_DAG_ID='sgfood_elt_pipeline' AIRFLOW_CTX_TASK_ID='dbt_run_models' AIRFLOW_CTX_EXECUTION_DATE='2026-10-06T03:00:00+00:00' AIRFLOW_CTX_TRY_NUMBER='1' AIRFLOW_CTX_DAG_RUN_ID='scheduled__2026-10-06T03:00:00+00:00'
[2026-10-07T04:12:31.111+0000] {subprocess.py:63} INFO - Tmp dir root location: /tmp
[2026-10-07T04:12:31.112+0000] {subprocess.py:75} INFO - Running command: ['/usr/bin/bash', '-c', 'cd /opt/airflow/project/dbt/sgfood_dbt && dbt run --profiles-dir .']
[2026-10-07T04:12:31.130+0000] {subprocess.py:86} INFO - Output:
[2026-10-07T04:12:34.952+0000] {subprocess.py:93} INFO - [0m04:12:34  Running with dbt=1.12.5
[2026-10-07T04:12:35.705+0000] {subprocess.py:93} INFO - [0m04:12:35  Registered adapter: postgres=1.11.0
[2026-10-07T04:12:36.364+0000] {subprocess.py:93} INFO - [0m04:12:36  Unable to do partial parsing because of a version mismatch
[2026-10-07T04:12:39.947+0000] {subprocess.py:93} INFO - [0m04:12:39  [[33mWARNING[0m][MissingArgumentsPropertyInGenericTestDeprecation]: Deprecated
[2026-10-07T04:12:39.948+0000] {subprocess.py:93} INFO - functionality
[2026-10-07T04:12:39.949+0000] {subprocess.py:93} INFO - Found top-level arguments to test `relationships` defined on 'fct_ventas' in
[2026-10-07T04:12:39.950+0000] {subprocess.py:93} INFO - package 'sgfood_dbt' (models/marts/marts_models.yml). Arguments to generic tests
[2026-10-07T04:12:39.951+0000] {subprocess.py:93} INFO - should be nested under the `arguments` property.
[2026-10-07T04:12:41.792+0000] {subprocess.py:93} INFO - [0m04:12:41  Found 23 models, 78 data tests, 12 sources, 478 macros
[2026-10-07T04:12:41.808+0000] {subprocess.py:93} INFO - [0m04:12:41
[2026-10-07T04:12:41.812+0000] {subprocess.py:93} INFO - [0m04:12:41  Concurrency: 4 threads (target='dev')
[2026-10-07T04:12:41.815+0000] {subprocess.py:93} INFO - [0m04:12:41
[2026-10-07T04:12:42.310+0000] {subprocess.py:93} INFO - [0m04:12:42  1 of 23 START sql table model marts.dim_fecha .................................. [RUN]
[2026-10-07T04:12:42.313+0000] {subprocess.py:93} INFO - [0m04:12:42  2 of 23 START sql view model staging.stg_categorias ............................ [RUN]
[2026-10-07T04:12:42.317+0000] {subprocess.py:93} INFO - [0m04:12:42  3 of 23 START sql view model staging.stg_clientes .............................. [RUN]
[2026-10-07T04:12:42.321+0000] {subprocess.py:93} INFO - [0m04:12:42  4 of 23 START sql view model staging.stg_devoluciones .......................... [RUN]
[2026-10-07T04:12:43.066+0000] {subprocess.py:93} INFO - [0m04:12:43  2 of 23 OK created sql view model staging.stg_categorias ....................... [[32mCREATE VIEW[0m in 0.72s]
[2026-10-07T04:12:43.071+0000] {subprocess.py:93} INFO - [0m04:12:43  4 of 23 OK created sql view model staging.stg_devoluciones ..................... [[32mCREATE VIEW[0m in 0.72s]
[2026-10-07T04:12:43.075+0000] {subprocess.py:93} INFO - [0m04:12:43  3 of 23 OK created sql view model staging.stg_clientes ......................... [[32mCREATE VIEW[0m in 0.73s]
[2026-10-07T04:12:43.113+0000] {subprocess.py:93} INFO - [0m04:12:43  1 of 23 OK created sql table model marts.dim_fecha ............................. [[32mSELECT 1096[0m in 0.77s]
[2026-10-07T04:12:43.117+0000] {subprocess.py:93} INFO - [0m04:12:43  5 of 23 START sql view model staging.stg_inventario_bodega ..................... [RUN]
[2026-10-07T04:12:43.121+0000] {subprocess.py:93} INFO - [0m04:12:43  6 of 23 START sql view model staging.stg_marcas ................................ [RUN]
[2026-10-07T04:12:43.125+0000] {subprocess.py:93} INFO - [0m04:12:43  7 of 23 START sql view model staging.stg_metas_ventas .......................... [RUN]
[2026-10-07T04:12:43.161+0000] {subprocess.py:93} INFO - [0m04:12:43  8 of 23 START sql view model staging.stg_productos ............................. [RUN]
[2026-10-07T04:12:43.613+0000] {subprocess.py:93} INFO - [0m04:12:43  6 of 23 OK created sql view model staging.stg_marcas ........................... [[32mCREATE VIEW[0m in 0.46s]
[2026-10-07T04:12:43.639+0000] {subprocess.py:93} INFO - [0m04:12:43  8 of 23 OK created sql view model staging.stg_productos ........................ [[32mCREATE VIEW[0m in 0.44s]
[2026-10-07T04:12:43.651+0000] {subprocess.py:93} INFO - [0m04:12:43  7 of 23 OK created sql view model staging.stg_metas_ventas ..................... [[32mCREATE VIEW[0m in 0.49s]
[2026-10-07T04:12:43.659+0000] {subprocess.py:93} INFO - [0m04:12:43  5 of 23 OK created sql view model staging.stg_inventario_bodega ................ [[32mCREATE VIEW[0m in 0.51s]
[2026-10-07T04:12:43.663+0000] {subprocess.py:93} INFO - [0m04:12:43  9 of 23 START sql view model staging.stg_promociones ........................... [RUN]
[2026-10-07T04:12:43.685+0000] {subprocess.py:93} INFO - [0m04:12:43  10 of 23 START sql view model staging.stg_proveedores_precios .................. [RUN]
[2026-10-07T04:12:43.697+0000] {subprocess.py:93} INFO - [0m04:12:43  11 of 23 START sql view model staging.stg_sucursales ........................... [RUN]
[2026-10-07T04:12:43.706+0000] {subprocess.py:93} INFO - [0m04:12:43  12 of 23 START sql view model staging.stg_ventas ............................... [RUN]
[2026-10-07T04:12:43.646+0000] {subprocess.py:93} INFO - [0m04:12:43  9 of 23 OK created sql view model staging.stg_promociones ...................... [[32mCREATE VIEW[0m in -0.04s]
[2026-10-07T04:12:43.672+0000] {subprocess.py:93} INFO - [0m04:12:43  10 of 23 OK created sql view model staging.stg_proveedores_precios ............. [[32mCREATE VIEW[0m in -0.05s]
[2026-10-07T04:12:43.683+0000] {subprocess.py:93} INFO - [0m04:12:43  11 of 23 OK created sql view model staging.stg_sucursales ...................... [[32mCREATE VIEW[0m in -0.05s]
[2026-10-07T04:12:43.691+0000] {subprocess.py:93} INFO - [0m04:12:43  12 of 23 OK created sql view model staging.stg_ventas .......................... [[32mCREATE VIEW[0m in -0.05s]
[2026-10-07T04:12:43.694+0000] {subprocess.py:93} INFO - [0m04:12:43  13 of 23 START sql view model staging.stg_ventas_detalle ....................... [RUN]
[2026-10-07T04:12:43.716+0000] {subprocess.py:93} INFO - [0m04:12:43  14 of 23 START sql table model marts.dim_clientes .............................. [RUN]
[2026-10-07T04:12:43.726+0000] {subprocess.py:93} INFO - [0m04:12:43  15 of 23 START sql table model marts.dim_productos ............................. [RUN]
[2026-10-07T04:12:43.733+0000] {subprocess.py:93} INFO - [0m04:12:43  16 of 23 START sql table model marts.fct_metas_ventas .......................... [RUN]
[2026-10-07T04:12:44.159+0000] {subprocess.py:93} INFO - [0m04:12:44  13 of 23 OK created sql view model staging.stg_ventas_detalle .................. [[32mCREATE VIEW[0m in 0.44s]
[2026-10-07T04:12:44.199+0000] {subprocess.py:93} INFO - [0m04:12:44  14 of 23 OK created sql table model marts.dim_clientes ......................... [[32mSELECT 250[0m in 0.45s]
[2026-10-07T04:12:44.203+0000] {subprocess.py:93} INFO - [0m04:12:44  15 of 23 OK created sql table model marts.dim_productos ........................ [[32mSELECT 80[0m in 0.44s]
[2026-10-07T04:12:44.210+0000] {subprocess.py:93} INFO - [0m04:12:44  17 of 23 START sql view model intermediate.int_inventario_costos ............... [RUN]
[2026-10-07T04:12:44.222+0000] {subprocess.py:93} INFO - [0m04:12:44  16 of 23 OK created sql table model marts.fct_metas_ventas ..................... [[32mSELECT 48[0m in 0.46s]
[2026-10-07T04:12:44.244+0000] {subprocess.py:93} INFO - [0m04:12:44  18 of 23 START sql table model marts.dim_sucursales ............................ [RUN]
[2026-10-07T04:12:44.248+0000] {subprocess.py:93} INFO - [0m04:12:44  19 of 23 START sql view model intermediate.int_devoluciones_detalle ............ [RUN]
[2026-10-07T04:12:44.271+0000] {subprocess.py:93} INFO - [0m04:12:44  20 of 23 START sql view model intermediate.int_ventas_lineas ................... [RUN]
[2026-10-07T04:12:44.651+0000] {subprocess.py:93} INFO - [0m04:12:44  17 of 23 OK created sql view model intermediate.int_inventario_costos .......... [[32mCREATE VIEW[0m in 0.41s]
[2026-10-07T04:12:44.672+0000] {subprocess.py:93} INFO - [0m04:12:44  19 of 23 OK created sql view model intermediate.int_devoluciones_detalle ....... [[32mCREATE VIEW[0m in 0.39s]
[2026-10-07T04:12:44.699+0000] {subprocess.py:93} INFO - [0m04:12:44  21 of 23 START sql table model marts.fct_inventario ............................ [RUN]
[2026-10-07T04:12:44.707+0000] {subprocess.py:93} INFO - [0m04:12:44  20 of 23 OK created sql view model intermediate.int_ventas_lineas .............. [[32mCREATE VIEW[0m in 0.41s]
[2026-10-07T04:12:44.716+0000] {subprocess.py:93} INFO - [0m04:12:44  22 of 23 START sql table model marts.fct_devoluciones .......................... [RUN]
[2026-10-07T04:12:44.754+0000] {subprocess.py:93} INFO - [0m04:12:44  18 of 23 OK created sql table model marts.dim_sucursales ....................... [[32mSELECT 6[0m in 0.47s]
[2026-10-07T04:12:44.758+0000] {subprocess.py:93} INFO - [0m04:12:44  23 of 23 START sql table model marts.fct_ventas ................................ [RUN]
[2026-10-07T04:12:46.234+0000] {subprocess.py:93} INFO - [0m04:12:46  21 of 23 OK created sql table model marts.fct_inventario ....................... [[32mSELECT 3840[0m in 0.40s]
[2026-10-07T04:12:46.236+0000] {subprocess.py:93} INFO - [0m04:12:46  23 of 23 OK created sql table model marts.fct_ventas ........................... [[32mSELECT 3209[0m in 0.37s]
[2026-10-07T04:12:46.240+0000] {subprocess.py:93} INFO - [0m04:12:46  22 of 23 OK created sql table model marts.fct_devoluciones ..................... [[32mSELECT 80[0m in 0.30s]
[2026-10-07T04:12:46.308+0000] {subprocess.py:93} INFO - [0m04:12:46
[2026-10-07T04:12:46.312+0000] {subprocess.py:93} INFO - [0m04:12:46  Finished running 8 table models, 15 view models in 0 hours 0 minutes and 4.49 seconds (4.49s).
[2026-10-07T04:12:46.579+0000] {subprocess.py:93} INFO - [0m04:12:46
[2026-10-07T04:12:46.582+0000] {subprocess.py:93} INFO - [0m04:12:46  [32mCompleted successfully[0m
[2026-10-07T04:12:46.585+0000] {subprocess.py:93} INFO - [0m04:12:46
[2026-10-07T04:12:46.588+0000] {subprocess.py:93} INFO - [0m04:12:46  Done. PASS=23 WARN=0 ERROR=0 SKIP=0 NO-OP=0 REUSED=0 TOTAL=23
[2026-10-07T04:12:46.592+0000] {subprocess.py:93} INFO - [0m04:12:46  [[33mWARNING[0m][DeprecationsSummary]: Deprecated functionality
[2026-10-07T04:12:46.593+0000] {subprocess.py:93} INFO - Summary of encountered deprecations:
[2026-10-07T04:12:46.594+0000] {subprocess.py:93} INFO - - MissingArgumentsPropertyInGenericTestDeprecation: 10 occurrences
[2026-10-07T04:12:46.595+0000] {subprocess.py:93} INFO - To see all deprecation instances instead of just the first occurrence of each,
[2026-10-07T04:12:46.596+0000] {subprocess.py:93} INFO - run command again with the `--show-all-deprecations` flag. You may also need to
[2026-10-07T04:12:46.597+0000] {subprocess.py:93} INFO - run with `--no-partial-parse` as some deprecations are only encountered during
[2026-10-07T04:12:46.598+0000] {subprocess.py:93} INFO - parsing.
[2026-10-07T04:12:48.356+0000] {subprocess.py:97} INFO - Command exited with return code 0
[2026-10-07T04:12:48.391+0000] {taskinstance.py:1138} INFO - Marking task as SUCCESS. dag_id=sgfood_elt_pipeline, task_id=dbt_run_models, execution_date=20261006T030000, start_date=20261007T041230, end_date=20261007T041248
[2026-10-07T04:12:48.450+0000] {local_task_job_runner.py:234} INFO - Task exited with return code 0
[2026-10-07T04:12:48.477+0000] {taskinstance.py:3280} INFO - 1 downstream tasks scheduled from follow-on schedule check
[2026-10-07T04:27:11.573+0000] {taskinstance.py:1956} INFO - Dependencies all met for dep_context=non-requeueable deps ti=<TaskInstance: sgfood_elt_pipeline.dbt_run_models scheduled__2026-10-06T03:00:00+00:00 [queued]>
[2026-10-07T04:27:11.592+0000] {taskinstance.py:1956} INFO - Dependencies all met for dep_context=requeueable deps ti=<TaskInstance: sgfood_elt_pipeline.dbt_run_models scheduled__2026-10-06T03:00:00+00:00 [queued]>
[2026-10-07T04:27:11.595+0000] {taskinstance.py:2170} INFO - Starting attempt 1 of 3
[2026-10-07T04:27:11.630+0000] {taskinstance.py:2191} INFO - Executing <Task(BashOperator): dbt_run_models> on 2026-10-06 03:00:00+00:00
[2026-10-07T04:27:11.641+0000] {standard_task_runner.py:60} INFO - Started process 234 to run task
[2026-10-07T04:27:11.648+0000] {standard_task_runner.py:87} INFO - Running: ['airflow', 'tasks', 'run', 'sgfood_elt_pipeline', 'dbt_run_models', 'scheduled__2026-10-06T03:00:00+00:00', '--job-id', '6', '--raw', '--subdir', 'DAGS_FOLDER/sgfood_elt_dag.py', '--cfg-path', '/tmp/tmp67cp4tiz']
[2026-10-07T04:27:11.653+0000] {standard_task_runner.py:88} INFO - Job 6: Subtask dbt_run_models
[2026-10-07T04:27:11.693+0000] {logging_mixin.py:188} WARNING - /home/airflow/.local/lib/python3.11/site-packages/airflow/settings.py:194 DeprecationWarning: The sql_alchemy_conn option in [core] has been moved to the sql_alchemy_conn option in [database] - the old setting has been used, but please update your config.
[2026-10-07T04:27:11.751+0000] {task_command.py:423} INFO - Running <TaskInstance: sgfood_elt_pipeline.dbt_run_models scheduled__2026-10-06T03:00:00+00:00 [running]> on host 41d714b9e1fd
[2026-10-07T04:27:11.859+0000] {taskinstance.py:2480} INFO - Exporting env vars: AIRFLOW_CTX_DAG_OWNER='sgfood_team' AIRFLOW_CTX_DAG_ID='sgfood_elt_pipeline' AIRFLOW_CTX_TASK_ID='dbt_run_models' AIRFLOW_CTX_EXECUTION_DATE='2026-10-06T03:00:00+00:00' AIRFLOW_CTX_TRY_NUMBER='1' AIRFLOW_CTX_DAG_RUN_ID='scheduled__2026-10-06T03:00:00+00:00'
[2026-10-07T04:27:11.865+0000] {subprocess.py:63} INFO - Tmp dir root location: /tmp
[2026-10-07T04:27:11.866+0000] {subprocess.py:75} INFO - Running command: ['/usr/bin/bash', '-c', 'cd /opt/airflow/project/dbt/sgfood_dbt && dbt run --profiles-dir .']
[2026-10-07T04:27:11.885+0000] {subprocess.py:86} INFO - Output:
[2026-10-07T04:27:15.843+0000] {subprocess.py:93} INFO - [0m04:27:15  Running with dbt=1.12.5
[2026-10-07T04:27:16.597+0000] {subprocess.py:93} INFO - [0m04:27:16  Registered adapter: postgres=1.11.0
[2026-10-07T04:27:17.261+0000] {subprocess.py:93} INFO - [0m04:27:17  Unable to do partial parsing because of a version mismatch
[2026-10-07T04:27:21.229+0000] {subprocess.py:93} INFO - [0m04:27:21  [[33mWARNING[0m][MissingArgumentsPropertyInGenericTestDeprecation]: Deprecated
[2026-10-07T04:27:21.230+0000] {subprocess.py:93} INFO - functionality
[2026-10-07T04:27:21.231+0000] {subprocess.py:93} INFO - Found top-level arguments to test `relationships` defined on 'fct_ventas' in
[2026-10-07T04:27:21.232+0000] {subprocess.py:93} INFO - package 'sgfood_dbt' (models/marts/marts_models.yml). Arguments to generic tests
[2026-10-07T04:27:21.233+0000] {subprocess.py:93} INFO - should be nested under the `arguments` property.
[2026-10-07T04:27:22.822+0000] {subprocess.py:93} INFO - [0m04:27:22  Found 23 models, 78 data tests, 12 sources, 478 macros
[2026-10-07T04:27:22.837+0000] {subprocess.py:93} INFO - [0m04:27:22
[2026-10-07T04:27:22.840+0000] {subprocess.py:93} INFO - [0m04:27:22  Concurrency: 4 threads (target='dev')
[2026-10-07T04:27:22.843+0000] {subprocess.py:93} INFO - [0m04:27:22
[2026-10-07T04:27:23.267+0000] {subprocess.py:93} INFO - [0m04:27:23  1 of 23 START sql table model marts.dim_fecha .................................. [RUN]
[2026-10-07T04:27:23.270+0000] {subprocess.py:93} INFO - [0m04:27:23  2 of 23 START sql view model staging.stg_categorias ............................ [RUN]
[2026-10-07T04:27:23.275+0000] {subprocess.py:93} INFO - [0m04:27:23  3 of 23 START sql view model staging.stg_clientes .............................. [RUN]
[2026-10-07T04:27:23.279+0000] {subprocess.py:93} INFO - [0m04:27:23  4 of 23 START sql view model staging.stg_devoluciones .......................... [RUN]
[2026-10-07T04:27:23.997+0000] {subprocess.py:93} INFO - [0m04:27:23  4 of 23 OK created sql view model staging.stg_devoluciones ..................... [[32mCREATE VIEW[0m in 0.68s]
[2026-10-07T04:27:24.022+0000] {subprocess.py:93} INFO - [0m04:27:24  2 of 23 OK created sql view model staging.stg_categorias ....................... [[32mCREATE VIEW[0m in 0.72s]
[2026-10-07T04:27:24.027+0000] {subprocess.py:93} INFO - [0m04:27:24  3 of 23 OK created sql view model staging.stg_clientes ......................... [[32mCREATE VIEW[0m in 0.72s]
[2026-10-07T04:27:24.036+0000] {subprocess.py:93} INFO - [0m04:27:24  1 of 23 OK created sql table model marts.dim_fecha ............................. [[32mSELECT 1096[0m in 0.74s]
[2026-10-07T04:27:24.048+0000] {subprocess.py:93} INFO - [0m04:27:24  5 of 23 START sql view model staging.stg_inventario_bodega ..................... [RUN]
[2026-10-07T04:27:24.070+0000] {subprocess.py:93} INFO - [0m04:27:24  6 of 23 START sql view model staging.stg_marcas ................................ [RUN]
[2026-10-07T04:27:24.074+0000] {subprocess.py:93} INFO - [0m04:27:24  7 of 23 START sql view model staging.stg_metas_ventas .......................... [RUN]
[2026-10-07T04:27:24.082+0000] {subprocess.py:93} INFO - [0m04:27:24  8 of 23 START sql view model staging.stg_productos ............................. [RUN]
[2026-10-07T04:27:24.542+0000] {subprocess.py:93} INFO - [0m04:27:24  6 of 23 OK created sql view model staging.stg_marcas ........................... [[32mCREATE VIEW[0m in 0.44s]
[2026-10-07T04:27:24.550+0000] {subprocess.py:93} INFO - [0m04:27:24  5 of 23 OK created sql view model staging.stg_inventario_bodega ................ [[32mCREATE VIEW[0m in 0.48s]
[2026-10-07T04:27:24.565+0000] {subprocess.py:93} INFO - [0m04:27:24  7 of 23 OK created sql view model staging.stg_metas_ventas ..................... [[32mCREATE VIEW[0m in 0.46s]
[2026-10-07T04:27:24.588+0000] {subprocess.py:93} INFO - [0m04:27:24  9 of 23 START sql view model staging.stg_promociones ........................... [RUN]
[2026-10-07T04:27:24.593+0000] {subprocess.py:93} INFO - [0m04:27:24  8 of 23 OK created sql view model staging.stg_productos ........................ [[32mCREATE VIEW[0m in 0.48s]
[2026-10-07T04:27:24.601+0000] {subprocess.py:93} INFO - [0m04:27:24  10 of 23 START sql view model staging.stg_proveedores_precios .................. [RUN]
[2026-10-07T04:27:24.612+0000] {subprocess.py:93} INFO - [0m04:27:24  11 of 23 START sql view model staging.stg_sucursales ........................... [RUN]
[2026-10-07T04:27:24.641+0000] {subprocess.py:93} INFO - [0m04:27:24  12 of 23 START sql view model staging.stg_ventas ............................... [RUN]
[2026-10-07T04:27:25.107+0000] {subprocess.py:93} INFO - [0m04:27:25  10 of 23 OK created sql view model staging.stg_proveedores_precios ............. [[32mCREATE VIEW[0m in 0.48s]
[2026-10-07T04:27:25.133+0000] {subprocess.py:93} INFO - [0m04:27:25  9 of 23 OK created sql view model staging.stg_promociones ...................... [[32mCREATE VIEW[0m in 0.51s]
[2026-10-07T04:27:25.141+0000] {subprocess.py:93} INFO - [0m04:27:25  11 of 23 OK created sql view model staging.stg_sucursales ...................... [[32mCREATE VIEW[0m in 0.50s]
[2026-10-07T04:27:25.152+0000] {subprocess.py:93} INFO - [0m04:27:25  13 of 23 START sql view model staging.stg_ventas_detalle ....................... [RUN]
[2026-10-07T04:27:25.159+0000] {subprocess.py:93} INFO - [0m04:27:25  12 of 23 OK created sql view model staging.stg_ventas .......................... [[32mCREATE VIEW[0m in 0.49s]
[2026-10-07T04:27:25.178+0000] {subprocess.py:93} INFO - [0m04:27:25  14 of 23 START sql table model marts.dim_clientes .............................. [RUN]
[2026-10-07T04:27:25.185+0000] {subprocess.py:93} INFO - [0m04:27:25  15 of 23 START sql table model marts.fct_metas_ventas .......................... [RUN]
[2026-10-07T04:27:25.207+0000] {subprocess.py:93} INFO - [0m04:27:25  16 of 23 START sql table model marts.dim_productos ............................. [RUN]
[2026-10-07T04:27:25.121+0000] {subprocess.py:93} INFO - [0m04:27:25  13 of 23 OK created sql view model staging.stg_ventas_detalle .................. [[32mCREATE VIEW[0m in -0.06s]
[2026-10-07T04:27:25.154+0000] {subprocess.py:93} INFO - [0m04:27:25  17 of 23 START sql view model intermediate.int_inventario_costos ............... [RUN]
[2026-10-07T04:27:25.183+0000] {subprocess.py:93} INFO - [0m04:27:25  15 of 23 OK created sql table model marts.fct_metas_ventas ..................... [[32mSELECT 48[0m in -0.03s]
[2026-10-07T04:27:25.190+0000] {subprocess.py:93} INFO - [0m04:27:25  16 of 23 OK created sql table model marts.dim_productos ........................ [[32mSELECT 80[0m in -0.04s]
[2026-10-07T04:27:25.195+0000] {subprocess.py:93} INFO - [0m04:27:25  14 of 23 OK created sql table model marts.dim_clientes ......................... [[32mSELECT 250[0m in -0.01s]
[2026-10-07T04:27:25.231+0000] {subprocess.py:93} INFO - [0m04:27:25  18 of 23 START sql table model marts.dim_sucursales ............................ [RUN]
[2026-10-07T04:27:25.234+0000] {subprocess.py:93} INFO - [0m04:27:25  19 of 23 START sql view model intermediate.int_devoluciones_detalle ............ [RUN]
[2026-10-07T04:27:25.237+0000] {subprocess.py:93} INFO - [0m04:27:25  20 of 23 START sql view model intermediate.int_ventas_lineas ................... [RUN]
[2026-10-07T04:27:25.482+0000] {subprocess.py:93} INFO - [0m04:27:25  17 of 23 OK created sql view model intermediate.int_inventario_costos .......... [[32mCREATE VIEW[0m in 0.28s]
[2026-10-07T04:27:25.535+0000] {subprocess.py:93} INFO - [0m04:27:25  21 of 23 START sql table model marts.fct_inventario ............................ [RUN]
[2026-10-07T04:27:25.678+0000] {subprocess.py:93} INFO - [0m04:27:25  20 of 23 OK created sql view model intermediate.int_ventas_lineas .............. [[32mCREATE VIEW[0m in 0.41s]
[2026-10-07T04:27:25.685+0000] {subprocess.py:93} INFO - [0m04:27:25  19 of 23 OK created sql view model intermediate.int_devoluciones_detalle ....... [[32mCREATE VIEW[0m in 0.43s]
[2026-10-07T04:27:25.715+0000] {subprocess.py:93} INFO - [0m04:27:25  22 of 23 START sql table model marts.fct_ventas ................................ [RUN]
[2026-10-07T04:27:25.719+0000] {subprocess.py:93} INFO - [0m04:27:25  23 of 23 START sql table model marts.fct_devoluciones .......................... [RUN]
[2026-10-07T04:27:25.741+0000] {subprocess.py:93} INFO - [0m04:27:25  18 of 23 OK created sql table model marts.dim_sucursales ....................... [[32mSELECT 6[0m in 0.49s]
[2026-10-07T04:27:26.746+0000] {subprocess.py:93} INFO - [0m04:27:26  23 of 23 OK created sql table model marts.fct_devoluciones ..................... [[32mSELECT 80[0m in 0.36s]
[2026-10-07T04:27:26.749+0000] {subprocess.py:93} INFO - [0m04:27:26  22 of 23 OK created sql table model marts.fct_ventas ........................... [[32mSELECT 3209[0m in 0.38s]
[2026-10-07T04:27:26.758+0000] {subprocess.py:93} INFO - [0m04:27:26  21 of 23 OK created sql table model marts.fct_inventario ....................... [[32mSELECT 3840[0m in 0.51s]
[2026-10-07T04:27:26.838+0000] {subprocess.py:93} INFO - [0m04:27:26
[2026-10-07T04:27:26.842+0000] {subprocess.py:93} INFO - [0m04:27:26  Finished running 8 table models, 15 view models in 0 hours 0 minutes and 3.99 seconds (3.99s).
[2026-10-07T04:27:27.124+0000] {subprocess.py:93} INFO - [0m04:27:27
[2026-10-07T04:27:27.128+0000] {subprocess.py:93} INFO - [0m04:27:27  [32mCompleted successfully[0m
[2026-10-07T04:27:27.131+0000] {subprocess.py:93} INFO - [0m04:27:27
[2026-10-07T04:27:27.134+0000] {subprocess.py:93} INFO - [0m04:27:27  Done. PASS=23 WARN=0 ERROR=0 SKIP=0 NO-OP=0 REUSED=0 TOTAL=23
[2026-10-07T04:27:27.139+0000] {subprocess.py:93} INFO - [0m04:27:27  [[33mWARNING[0m][DeprecationsSummary]: Deprecated functionality
[2026-10-07T04:27:27.140+0000] {subprocess.py:93} INFO - Summary of encountered deprecations:
[2026-10-07T04:27:27.141+0000] {subprocess.py:93} INFO - - MissingArgumentsPropertyInGenericTestDeprecation: 10 occurrences
[2026-10-07T04:27:27.142+0000] {subprocess.py:93} INFO - To see all deprecation instances instead of just the first occurrence of each,
[2026-10-07T04:27:27.143+0000] {subprocess.py:93} INFO - run command again with the `--show-all-deprecations` flag. You may also need to
[2026-10-07T04:27:27.144+0000] {subprocess.py:93} INFO - run with `--no-partial-parse` as some deprecations are only encountered during
[2026-10-07T04:27:27.145+0000] {subprocess.py:93} INFO - parsing.
[2026-10-07T04:27:28.199+0000] {subprocess.py:97} INFO - Command exited with return code 0
[2026-10-07T04:27:28.232+0000] {taskinstance.py:1138} INFO - Marking task as SUCCESS. dag_id=sgfood_elt_pipeline, task_id=dbt_run_models, execution_date=20261006T030000, start_date=20261007T042711, end_date=20261007T042728
[2026-10-07T04:27:28.281+0000] {local_task_job_runner.py:234} INFO - Task exited with return code 0
[2026-10-07T04:27:28.307+0000] {taskinstance.py:3280} INFO - 1 downstream tasks scheduled from follow-on schedule check
[2026-10-07T04:34:36.548+0000] {taskinstance.py:1956} INFO - Dependencies all met for dep_context=non-requeueable deps ti=<TaskInstance: sgfood_elt_pipeline.dbt_run_models scheduled__2026-10-06T03:00:00+00:00 [queued]>
[2026-10-07T04:34:36.564+0000] {taskinstance.py:1956} INFO - Dependencies all met for dep_context=requeueable deps ti=<TaskInstance: sgfood_elt_pipeline.dbt_run_models scheduled__2026-10-06T03:00:00+00:00 [queued]>
[2026-10-07T04:34:36.566+0000] {taskinstance.py:2170} INFO - Starting attempt 1 of 3
[2026-10-07T04:34:36.593+0000] {taskinstance.py:2191} INFO - Executing <Task(BashOperator): dbt_run_models> on 2026-10-06 03:00:00+00:00
[2026-10-07T04:34:36.603+0000] {standard_task_runner.py:60} INFO - Started process 234 to run task
[2026-10-07T04:34:36.607+0000] {standard_task_runner.py:87} INFO - Running: ['airflow', 'tasks', 'run', 'sgfood_elt_pipeline', 'dbt_run_models', 'scheduled__2026-10-06T03:00:00+00:00', '--job-id', '6', '--raw', '--subdir', 'DAGS_FOLDER/sgfood_elt_dag.py', '--cfg-path', '/tmp/tmpcj1xwvwu']
[2026-10-07T04:34:36.612+0000] {standard_task_runner.py:88} INFO - Job 6: Subtask dbt_run_models
[2026-10-07T04:34:36.652+0000] {logging_mixin.py:188} WARNING - /home/airflow/.local/lib/python3.11/site-packages/airflow/settings.py:194 DeprecationWarning: The sql_alchemy_conn option in [core] has been moved to the sql_alchemy_conn option in [database] - the old setting has been used, but please update your config.
[2026-10-07T04:34:36.711+0000] {task_command.py:423} INFO - Running <TaskInstance: sgfood_elt_pipeline.dbt_run_models scheduled__2026-10-06T03:00:00+00:00 [running]> on host 2ffd52718d32
[2026-10-07T04:34:36.823+0000] {taskinstance.py:2480} INFO - Exporting env vars: AIRFLOW_CTX_DAG_OWNER='sgfood_team' AIRFLOW_CTX_DAG_ID='sgfood_elt_pipeline' AIRFLOW_CTX_TASK_ID='dbt_run_models' AIRFLOW_CTX_EXECUTION_DATE='2026-10-06T03:00:00+00:00' AIRFLOW_CTX_TRY_NUMBER='1' AIRFLOW_CTX_DAG_RUN_ID='scheduled__2026-10-06T03:00:00+00:00'
[2026-10-07T04:34:36.827+0000] {subprocess.py:63} INFO - Tmp dir root location: /tmp
[2026-10-07T04:34:36.828+0000] {subprocess.py:75} INFO - Running command: ['/usr/bin/bash', '-c', 'cd /opt/airflow/project/dbt/sgfood_dbt && dbt run --profiles-dir .']
[2026-10-07T04:34:36.848+0000] {subprocess.py:86} INFO - Output:
[2026-10-07T04:34:40.100+0000] {subprocess.py:93} INFO - [0m04:34:40  Running with dbt=1.12.5
[2026-10-07T04:34:40.963+0000] {subprocess.py:93} INFO - [0m04:34:40  Registered adapter: postgres=1.11.0
[2026-10-07T04:34:41.279+0000] {subprocess.py:93} INFO - [0m04:34:41  Unable to do partial parsing because of a version mismatch
[2026-10-07T04:34:45.260+0000] {subprocess.py:93} INFO - [0m04:34:45  [[33mWARNING[0m][MissingArgumentsPropertyInGenericTestDeprecation]: Deprecated
[2026-10-07T04:34:45.262+0000] {subprocess.py:93} INFO - functionality
[2026-10-07T04:34:45.264+0000] {subprocess.py:93} INFO - Found top-level arguments to test `relationships` defined on 'fct_ventas' in
[2026-10-07T04:34:45.265+0000] {subprocess.py:93} INFO - package 'sgfood_dbt' (models/marts/marts_models.yml). Arguments to generic tests
[2026-10-07T04:34:45.266+0000] {subprocess.py:93} INFO - should be nested under the `arguments` property.
[2026-10-07T04:34:46.461+0000] {subprocess.py:93} INFO - [0m04:34:46  Found 23 models, 78 data tests, 12 sources, 478 macros
[2026-10-07T04:34:46.476+0000] {subprocess.py:93} INFO - [0m04:34:46
[2026-10-07T04:34:46.479+0000] {subprocess.py:93} INFO - [0m04:34:46  Concurrency: 4 threads (target='dev')
[2026-10-07T04:34:46.483+0000] {subprocess.py:93} INFO - [0m04:34:46
[2026-10-07T04:34:46.970+0000] {subprocess.py:93} INFO - [0m04:34:46  1 of 23 START sql table model marts.dim_clientes ............................... [RUN]
[2026-10-07T04:34:46.974+0000] {subprocess.py:93} INFO - [0m04:34:46  2 of 23 START sql table model marts.dim_fecha .................................. [RUN]
[2026-10-07T04:34:46.979+0000] {subprocess.py:93} INFO - [0m04:34:46  3 of 23 START sql table model marts.dim_productos .............................. [RUN]
[2026-10-07T04:34:46.983+0000] {subprocess.py:93} INFO - [0m04:34:46  4 of 23 START sql table model marts.dim_sucursales ............................. [RUN]
[2026-10-07T04:34:47.084+0000] {subprocess.py:93} INFO - [0m04:34:47  1 of 23 ERROR creating sql table model marts.dim_clientes ...................... [[31mERROR[0m in 0.08s]
[2026-10-07T04:34:47.088+0000] {subprocess.py:93} INFO - [0m04:34:47  3 of 23 ERROR creating sql table model marts.dim_productos ..................... [[31mERROR[0m in 0.08s]
[2026-10-07T04:34:47.093+0000] {subprocess.py:93} INFO - [0m04:34:47  4 of 23 ERROR creating sql table model marts.dim_sucursales .................... [[31mERROR[0m in 0.08s]
[2026-10-07T04:34:47.209+0000] {subprocess.py:93} INFO - [0m04:34:47  5 of 23 START sql table model marts.fct_devoluciones ........................... [RUN]
[2026-10-07T04:34:47.217+0000] {subprocess.py:93} INFO - [0m04:34:47  6 of 23 START sql table model marts.fct_inventario ............................. [RUN]
[2026-10-07T04:34:47.223+0000] {subprocess.py:93} INFO - [0m04:34:47  7 of 23 START sql table model marts.fct_metas_ventas ........................... [RUN]
[2026-10-07T04:34:47.300+0000] {subprocess.py:93} INFO - [0m04:34:47  5 of 23 ERROR creating sql table model marts.fct_devoluciones .................. [[31mERROR[0m in 0.06s]
[2026-10-07T04:34:47.309+0000] {subprocess.py:93} INFO - [0m04:34:47  6 of 23 ERROR creating sql table model marts.fct_inventario .................... [[31mERROR[0m in 0.06s]
[2026-10-07T04:34:47.316+0000] {subprocess.py:93} INFO - [0m04:34:47  7 of 23 ERROR creating sql table model marts.fct_metas_ventas .................. [[31mERROR[0m in 0.06s]
[2026-10-07T04:34:47.347+0000] {subprocess.py:93} INFO - [0m04:34:47  8 of 23 START sql table model marts.fct_ventas ................................. [RUN]
[2026-10-07T04:34:47.355+0000] {subprocess.py:93} INFO - [0m04:34:47  9 of 23 START sql view model intermediate.int_devoluciones_detalle ............. [RUN]
[2026-10-07T04:34:47.359+0000] {subprocess.py:93} INFO - [0m04:34:47  10 of 23 START sql view model intermediate.int_inventario_costos ............... [RUN]
[2026-10-07T04:34:47.499+0000] {subprocess.py:93} INFO - [0m04:34:47  8 of 23 ERROR creating sql table model marts.fct_ventas ........................ [[31mERROR[0m in 0.11s]
[2026-10-07T04:34:47.509+0000] {subprocess.py:93} INFO - [0m04:34:47  9 of 23 ERROR creating sql view model intermediate.int_devoluciones_detalle .... [[31mERROR[0m in 0.09s]
[2026-10-07T04:34:47.513+0000] {subprocess.py:93} INFO - [0m04:34:47  10 of 23 ERROR creating sql view model intermediate.int_inventario_costos ...... [[31mERROR[0m in 0.09s]
[2026-10-07T04:34:47.596+0000] {subprocess.py:93} INFO - [0m04:34:47  11 of 23 START sql view model intermediate.int_ventas_lineas ................... [RUN]
[2026-10-07T04:34:47.605+0000] {subprocess.py:93} INFO - [0m04:34:47  12 of 23 START sql view model staging.stg_categorias ........................... [RUN]
[2026-10-07T04:34:47.611+0000] {subprocess.py:93} INFO - [0m04:34:47  13 of 23 START sql view model staging.stg_clientes ............................. [RUN]
[2026-10-07T04:34:47.723+0000] {subprocess.py:93} INFO - [0m04:34:47  11 of 23 ERROR creating sql view model intermediate.int_ventas_lineas .......... [[31mERROR[0m in 0.08s]
[2026-10-07T04:34:47.810+0000] {subprocess.py:93} INFO - [0m04:34:47  14 of 23 START sql view model staging.stg_devoluciones ......................... [RUN]
[2026-10-07T04:34:47.827+0000] {subprocess.py:93} INFO - [0m04:34:47  2 of 23 OK created sql table model marts.dim_fecha ............................. [[32mSELECT 1096[0m in 0.82s]
[2026-10-07T04:34:47.872+0000] {subprocess.py:93} INFO - [0m04:34:47  15 of 23 START sql view model staging.stg_inventario_bodega .................... [RUN]
[2026-10-07T04:34:48.266+0000] {subprocess.py:93} INFO - [0m04:34:48  12 of 23 OK created sql view model staging.stg_categorias ...................... [[32mCREATE VIEW[0m in 0.62s]
[2026-10-07T04:34:48.274+0000] {subprocess.py:93} INFO - [0m04:34:48  13 of 23 OK created sql view model staging.stg_clientes ........................ [[32mCREATE VIEW[0m in 0.63s]
[2026-10-07T04:34:48.308+0000] {subprocess.py:93} INFO - [0m04:34:48  16 of 23 START sql view model staging.stg_marcas ............................... [RUN]
[2026-10-07T04:34:48.315+0000] {subprocess.py:93} INFO - [0m04:34:48  17 of 23 START sql view model staging.stg_metas_ventas ......................... [RUN]
[2026-10-07T04:34:48.394+0000] {subprocess.py:93} INFO - [0m04:34:48  14 of 23 OK created sql view model staging.stg_devoluciones .................... [[32mCREATE VIEW[0m in 0.56s]
[2026-10-07T04:34:48.418+0000] {subprocess.py:93} INFO - [0m04:34:48  15 of 23 OK created sql view model staging.stg_inventario_bodega ............... [[32mCREATE VIEW[0m in 0.52s]
[2026-10-07T04:34:48.446+0000] {subprocess.py:93} INFO - [0m04:34:48  18 of 23 START sql view model staging.stg_productos ............................ [RUN]
[2026-10-07T04:34:48.459+0000] {subprocess.py:93} INFO - [0m04:34:48  19 of 23 START sql view model staging.stg_promociones .......................... [RUN]
[2026-10-07T04:34:48.819+0000] {subprocess.py:93} INFO - [0m04:34:48  17 of 23 OK created sql view model staging.stg_metas_ventas .................... [[32mCREATE VIEW[0m in 0.47s]
[2026-10-07T04:34:48.823+0000] {subprocess.py:93} INFO - [0m04:34:48  16 of 23 OK created sql view model staging.stg_marcas .......................... [[32mCREATE VIEW[0m in 0.48s]
[2026-10-07T04:34:48.867+0000] {subprocess.py:93} INFO - [0m04:34:48  20 of 23 START sql view model staging.stg_proveedores_precios .................. [RUN]
[2026-10-07T04:34:48.870+0000] {subprocess.py:93} INFO - [0m04:34:48  21 of 23 START sql view model staging.stg_sucursales ........................... [RUN]
[2026-10-07T04:34:48.982+0000] {subprocess.py:93} INFO - [0m04:34:48  19 of 23 OK created sql view model staging.stg_promociones ..................... [[32mCREATE VIEW[0m in 0.49s]
[2026-10-07T04:34:49.006+0000] {subprocess.py:93} INFO - [0m04:34:49  18 of 23 OK created sql view model staging.stg_productos ....................... [[32mCREATE VIEW[0m in 0.54s]
[2026-10-07T04:34:49.023+0000] {subprocess.py:93} INFO - [0m04:34:49  22 of 23 START sql view model staging.stg_ventas ............................... [RUN]
[2026-10-07T04:34:49.041+0000] {subprocess.py:93} INFO - [0m04:34:49  23 of 23 START sql view model staging.stg_ventas_detalle ....................... [RUN]
[2026-10-07T04:34:49.365+0000] {subprocess.py:93} INFO - [0m04:34:49  20 of 23 OK created sql view model staging.stg_proveedores_precios ............. [[32mCREATE VIEW[0m in 0.47s]
[2026-10-07T04:34:49.956+0000] {subprocess.py:93} INFO - [0m04:34:49  22 of 23 OK created sql view model staging.stg_ventas .......................... [[32mCREATE VIEW[0m in 0.42s]
[2026-10-07T04:34:49.958+0000] {subprocess.py:93} INFO - [0m04:34:49  23 of 23 OK created sql view model staging.stg_ventas_detalle .................. [[32mCREATE VIEW[0m in 0.42s]
[2026-10-07T04:34:49.964+0000] {subprocess.py:93} INFO - [0m04:34:49  21 of 23 OK created sql view model staging.stg_sucursales ...................... [[32mCREATE VIEW[0m in 0.49s]
[2026-10-07T04:34:50.037+0000] {subprocess.py:93} INFO - [0m04:34:50
[2026-10-07T04:34:50.041+0000] {subprocess.py:93} INFO - [0m04:34:50  Finished running 8 table models, 15 view models in 0 hours 0 minutes and 3.55 seconds (3.55s).
[2026-10-07T04:34:50.327+0000] {subprocess.py:93} INFO - [0m04:34:50
[2026-10-07T04:34:50.331+0000] {subprocess.py:93} INFO - [0m04:34:50  [31mCompleted with 10 errors, 0 partial successes, and 0 warnings:[0m
[2026-10-07T04:34:50.334+0000] {subprocess.py:93} INFO - [0m04:34:50
[2026-10-07T04:34:50.338+0000] {subprocess.py:93} INFO - [0m04:34:50  [[31mERROR[0m]: in model dim_clientes (models/marts/dimensions/dim_clientes.sql)
[2026-10-07T04:34:50.341+0000] {subprocess.py:93} INFO - [0m04:34:50    Compilation Error in model dim_clientes (models/marts/dimensions/dim_clientes.sql)
[2026-10-07T04:34:50.342+0000] {subprocess.py:93} INFO -   dbt was unable to infer all dependencies for the model "dim_clientes".
[2026-10-07T04:34:50.343+0000] {subprocess.py:93} INFO -   This typically happens when ref() is placed within a conditional block.
[2026-10-07T04:34:50.344+0000] {subprocess.py:93} INFO - 
[2026-10-07T04:34:50.345+0000] {subprocess.py:93} INFO -   To fix this, add the following hint to the top of the model "dim_clientes":
[2026-10-07T04:34:50.346+0000] {subprocess.py:93} INFO - 
[2026-10-07T04:34:50.348+0000] {subprocess.py:93} INFO -   -- depends_on: {{ ref('stg_clientes') }}
[2026-10-07T04:34:50.349+0000] {subprocess.py:93} INFO - [0m04:34:50
[2026-10-07T04:34:50.350+0000] {subprocess.py:93} INFO - [0m04:34:50  [[31mERROR[0m]: in model dim_productos (models/marts/dimensions/dim_productos.sql)
[2026-10-07T04:34:50.351+0000] {subprocess.py:93} INFO - [0m04:34:50    Compilation Error in model dim_productos (models/marts/dimensions/dim_productos.sql)
[2026-10-07T04:34:50.352+0000] {subprocess.py:93} INFO -   dbt was unable to infer all dependencies for the model "dim_productos".
[2026-10-07T04:34:50.353+0000] {subprocess.py:93} INFO -   This typically happens when ref() is placed within a conditional block.
[2026-10-07T04:34:50.354+0000] {subprocess.py:93} INFO - 
[2026-10-07T04:34:50.355+0000] {subprocess.py:93} INFO -   To fix this, add the following hint to the top of the model "dim_productos":
[2026-10-07T04:34:50.356+0000] {subprocess.py:93} INFO - 
[2026-10-07T04:34:50.356+0000] {subprocess.py:93} INFO -   -- depends_on: {{ ref('stg_productos') }}
[2026-10-07T04:34:50.357+0000] {subprocess.py:93} INFO - [0m04:34:50
[2026-10-07T04:34:50.358+0000] {subprocess.py:93} INFO - [0m04:34:50  [[31mERROR[0m]: in model dim_sucursales (models/marts/dimensions/dim_sucursales.sql)
[2026-10-07T04:34:50.361+0000] {subprocess.py:93} INFO - [0m04:34:50    Compilation Error in model dim_sucursales (models/marts/dimensions/dim_sucursales.sql)
[2026-10-07T04:34:50.362+0000] {subprocess.py:93} INFO -   dbt was unable to infer all dependencies for the model "dim_sucursales".
[2026-10-07T04:34:50.363+0000] {subprocess.py:93} INFO -   This typically happens when ref() is placed within a conditional block.
[2026-10-07T04:34:50.364+0000] {subprocess.py:93} INFO - 
[2026-10-07T04:34:50.365+0000] {subprocess.py:93} INFO -   To fix this, add the following hint to the top of the model "dim_sucursales":
[2026-10-07T04:34:50.366+0000] {subprocess.py:93} INFO - 
[2026-10-07T04:34:50.367+0000] {subprocess.py:93} INFO -   -- depends_on: {{ ref('stg_sucursales') }}
[2026-10-07T04:34:50.368+0000] {subprocess.py:93} INFO - [0m04:34:50
[2026-10-07T04:34:50.369+0000] {subprocess.py:93} INFO - [0m04:34:50  [[31mERROR[0m]: in model fct_devoluciones (models/marts/facts/fct_devoluciones.sql)
[2026-10-07T04:34:50.372+0000] {subprocess.py:93} INFO - [0m04:34:50    Compilation Error in model fct_devoluciones (models/marts/facts/fct_devoluciones.sql)
[2026-10-07T04:34:50.373+0000] {subprocess.py:93} INFO -   dbt was unable to infer all dependencies for the model "fct_devoluciones".
[2026-10-07T04:34:50.374+0000] {subprocess.py:93} INFO -   This typically happens when ref() is placed within a conditional block.
[2026-10-07T04:34:50.375+0000] {subprocess.py:93} INFO - 
[2026-10-07T04:34:50.376+0000] {subprocess.py:93} INFO -   To fix this, add the following hint to the top of the model "fct_devoluciones":
[2026-10-07T04:34:50.377+0000] {subprocess.py:93} INFO - 
[2026-10-07T04:34:50.378+0000] {subprocess.py:93} INFO -   -- depends_on: {{ ref('int_devoluciones_detalle') }}
[2026-10-07T04:34:50.379+0000] {subprocess.py:93} INFO - [0m04:34:50
[2026-10-07T04:34:50.380+0000] {subprocess.py:93} INFO - [0m04:34:50  [[31mERROR[0m]: in model fct_inventario (models/marts/facts/fct_inventario.sql)
[2026-10-07T04:34:50.382+0000] {subprocess.py:93} INFO - [0m04:34:50    Compilation Error in model fct_inventario (models/marts/facts/fct_inventario.sql)
[2026-10-07T04:34:50.383+0000] {subprocess.py:93} INFO -   dbt was unable to infer all dependencies for the model "fct_inventario".
[2026-10-07T04:34:50.383+0000] {subprocess.py:93} INFO -   This typically happens when ref() is placed within a conditional block.
[2026-10-07T04:34:50.384+0000] {subprocess.py:93} INFO - 
[2026-10-07T04:34:50.385+0000] {subprocess.py:93} INFO -   To fix this, add the following hint to the top of the model "fct_inventario":
[2026-10-07T04:34:50.386+0000] {subprocess.py:93} INFO - 
[2026-10-07T04:34:50.386+0000] {subprocess.py:93} INFO -   -- depends_on: {{ ref('int_inventario_costos') }}
[2026-10-07T04:34:50.387+0000] {subprocess.py:93} INFO - [0m04:34:50
[2026-10-07T04:34:50.388+0000] {subprocess.py:93} INFO - [0m04:34:50  [[31mERROR[0m]: in model fct_metas_ventas (models/marts/facts/fct_metas_ventas.sql)
[2026-10-07T04:34:50.391+0000] {subprocess.py:93} INFO - [0m04:34:50    Compilation Error in model fct_metas_ventas (models/marts/facts/fct_metas_ventas.sql)
[2026-10-07T04:34:50.391+0000] {subprocess.py:93} INFO -   dbt was unable to infer all dependencies for the model "fct_metas_ventas".
[2026-10-07T04:34:50.392+0000] {subprocess.py:93} INFO -   This typically happens when ref() is placed within a conditional block.
[2026-10-07T04:34:50.393+0000] {subprocess.py:93} INFO - 
[2026-10-07T04:34:50.394+0000] {subprocess.py:93} INFO -   To fix this, add the following hint to the top of the model "fct_metas_ventas":
[2026-10-07T04:34:50.395+0000] {subprocess.py:93} INFO - 
[2026-10-07T04:34:50.396+0000] {subprocess.py:93} INFO -   -- depends_on: {{ ref('stg_metas_ventas') }}
[2026-10-07T04:34:50.397+0000] {subprocess.py:93} INFO - [0m04:34:50
[2026-10-07T04:34:50.398+0000] {subprocess.py:93} INFO - [0m04:34:50  [[31mERROR[0m]: in model fct_ventas (models/marts/facts/fct_ventas.sql)
[2026-10-07T04:34:50.401+0000] {subprocess.py:93} INFO - [0m04:34:50    Compilation Error in model fct_ventas (models/marts/facts/fct_ventas.sql)
[2026-10-07T04:34:50.402+0000] {subprocess.py:93} INFO -   dbt was unable to infer all dependencies for the model "fct_ventas".
[2026-10-07T04:34:50.403+0000] {subprocess.py:93} INFO -   This typically happens when ref() is placed within a conditional block.
[2026-10-07T04:34:50.404+0000] {subprocess.py:93} INFO - 
[2026-10-07T04:34:50.405+0000] {subprocess.py:93} INFO -   To fix this, add the following hint to the top of the model "fct_ventas":
[2026-10-07T04:34:50.405+0000] {subprocess.py:93} INFO - 
[2026-10-07T04:34:50.406+0000] {subprocess.py:93} INFO -   -- depends_on: {{ ref('int_ventas_lineas') }}
[2026-10-07T04:34:50.407+0000] {subprocess.py:93} INFO - [0m04:34:50
[2026-10-07T04:34:50.407+0000] {subprocess.py:93} INFO - [0m04:34:50  [[31mERROR[0m]: in model int_devoluciones_detalle (models/intermediate/int_devoluciones_detalle.sql)
[2026-10-07T04:34:50.410+0000] {subprocess.py:93} INFO - [0m04:34:50    Compilation Error in model int_devoluciones_detalle (models/intermediate/int_devoluciones_detalle.sql)
[2026-10-07T04:34:50.411+0000] {subprocess.py:93} INFO -   dbt was unable to infer all dependencies for the model "int_devoluciones_detalle".
[2026-10-07T04:34:50.412+0000] {subprocess.py:93} INFO -   This typically happens when ref() is placed within a conditional block.
[2026-10-07T04:34:50.412+0000] {subprocess.py:93} INFO - 
[2026-10-07T04:34:50.414+0000] {subprocess.py:93} INFO -   To fix this, add the following hint to the top of the model "int_devoluciones_detalle":
[2026-10-07T04:34:50.415+0000] {subprocess.py:93} INFO - 
[2026-10-07T04:34:50.415+0000] {subprocess.py:93} INFO -   -- depends_on: {{ ref('stg_devoluciones') }}
[2026-10-07T04:34:50.416+0000] {subprocess.py:93} INFO - [0m04:34:50
[2026-10-07T04:34:50.417+0000] {subprocess.py:93} INFO - [0m04:34:50  [[31mERROR[0m]: in model int_inventario_costos (models/intermediate/int_inventario_costos.sql)
[2026-10-07T04:34:50.420+0000] {subprocess.py:93} INFO - [0m04:34:50    Compilation Error in model int_inventario_costos (models/intermediate/int_inventario_costos.sql)
[2026-10-07T04:34:50.421+0000] {subprocess.py:93} INFO -   dbt was unable to infer all dependencies for the model "int_inventario_costos".
[2026-10-07T04:34:50.422+0000] {subprocess.py:93} INFO -   This typically happens when ref() is placed within a conditional block.
[2026-10-07T04:34:50.423+0000] {subprocess.py:93} INFO - 
[2026-10-07T04:34:50.424+0000] {subprocess.py:93} INFO -   To fix this, add the following hint to the top of the model "int_inventario_costos":
[2026-10-07T04:34:50.425+0000] {subprocess.py:93} INFO - 
[2026-10-07T04:34:50.426+0000] {subprocess.py:93} INFO -   -- depends_on: {{ ref('stg_inventario_bodega') }}
[2026-10-07T04:34:50.427+0000] {subprocess.py:93} INFO - [0m04:34:50
[2026-10-07T04:34:50.428+0000] {subprocess.py:93} INFO - [0m04:34:50  [[31mERROR[0m]: in model int_ventas_lineas (models/intermediate/int_ventas_lineas.sql)
[2026-10-07T04:34:50.430+0000] {subprocess.py:93} INFO - [0m04:34:50    Compilation Error in model int_ventas_lineas (models/intermediate/int_ventas_lineas.sql)
[2026-10-07T04:34:50.431+0000] {subprocess.py:93} INFO -   dbt was unable to infer all dependencies for the model "int_ventas_lineas".
[2026-10-07T04:34:50.432+0000] {subprocess.py:93} INFO -   This typically happens when ref() is placed within a conditional block.
[2026-10-07T04:34:50.433+0000] {subprocess.py:93} INFO - 
[2026-10-07T04:34:50.434+0000] {subprocess.py:93} INFO -   To fix this, add the following hint to the top of the model "int_ventas_lineas":
[2026-10-07T04:34:50.435+0000] {subprocess.py:93} INFO - 
[2026-10-07T04:34:50.436+0000] {subprocess.py:93} INFO -   -- depends_on: {{ ref('stg_ventas') }}
[2026-10-07T04:34:50.436+0000] {subprocess.py:93} INFO - [0m04:34:50
[2026-10-07T04:34:50.437+0000] {subprocess.py:93} INFO - [0m04:34:50  Done. PASS=13 WARN=0 ERROR=10 SKIP=0 NO-OP=0 REUSED=0 TOTAL=23
[2026-10-07T04:34:50.441+0000] {subprocess.py:93} INFO - [0m04:34:50  [[33mWARNING[0m][DeprecationsSummary]: Deprecated functionality
[2026-10-07T04:34:50.442+0000] {subprocess.py:93} INFO - Summary of encountered deprecations:
[2026-10-07T04:34:50.442+0000] {subprocess.py:93} INFO - - MissingArgumentsPropertyInGenericTestDeprecation: 10 occurrences
[2026-10-07T04:34:50.443+0000] {subprocess.py:93} INFO - To see all deprecation instances instead of just the first occurrence of each,
[2026-10-07T04:34:50.444+0000] {subprocess.py:93} INFO - run command again with the `--show-all-deprecations` flag. You may also need to
[2026-10-07T04:34:50.445+0000] {subprocess.py:93} INFO - run with `--no-partial-parse` as some deprecations are only encountered during
[2026-10-07T04:34:50.445+0000] {subprocess.py:93} INFO - parsing.
[2026-10-07T04:34:51.038+0000] {subprocess.py:97} INFO - Command exited with return code 1
[2026-10-07T04:34:51.048+0000] {taskinstance.py:2698} ERROR - Task failed with exception
Traceback (most recent call last):
  File "/home/airflow/.local/lib/python3.11/site-packages/airflow/models/taskinstance.py", line 433, in _execute_task
    result = execute_callable(context=context, **execute_callable_kwargs)
             ^^^^^^^^^^^^^^^^^^^^^^^^^^^^^^^^^^^^^^^^^^^^^^^^^^^^^^^^^^^^
  File "/home/airflow/.local/lib/python3.11/site-packages/airflow/operators/bash.py", line 212, in execute
    raise AirflowException(
airflow.exceptions.AirflowException: Bash command failed. The command returned a non-zero exit code 1.
[2026-10-07T04:34:51.055+0000] {taskinstance.py:1138} INFO - Marking task as UP_FOR_RETRY. dag_id=sgfood_elt_pipeline, task_id=dbt_run_models, execution_date=20261006T030000, start_date=20261007T043436, end_date=20261007T043451
[2026-10-07T04:34:51.080+0000] {standard_task_runner.py:107} ERROR - Failed to execute job 6 for task dbt_run_models (Bash command failed. The command returned a non-zero exit code 1.; 234)
[2026-10-07T04:34:51.467+0000] {local_task_job_runner.py:234} INFO - Task exited with return code 1
[2026-10-07T04:34:51.492+0000] {taskinstance.py:3280} INFO - 0 downstream tasks scheduled from follow-on schedule check
[2026-10-07T16:53:46.340+0000] {taskinstance.py:1956} INFO - Dependencies all met for dep_context=non-requeueable deps ti=<TaskInstance: sgfood_elt_pipeline.dbt_run_models scheduled__2026-10-06T03:00:00+00:00 [queued]>
[2026-10-07T16:53:46.357+0000] {taskinstance.py:1956} INFO - Dependencies all met for dep_context=requeueable deps ti=<TaskInstance: sgfood_elt_pipeline.dbt_run_models scheduled__2026-10-06T03:00:00+00:00 [queued]>
[2026-10-07T16:53:46.359+0000] {taskinstance.py:2170} INFO - Starting attempt 1 of 3
[2026-10-07T16:53:46.399+0000] {taskinstance.py:2191} INFO - Executing <Task(BashOperator): dbt_run_models> on 2026-10-06 03:00:00+00:00
[2026-10-07T16:53:46.413+0000] {standard_task_runner.py:60} INFO - Started process 234 to run task
[2026-10-07T16:53:46.425+0000] {standard_task_runner.py:87} INFO - Running: ['airflow', 'tasks', 'run', 'sgfood_elt_pipeline', 'dbt_run_models', 'scheduled__2026-10-06T03:00:00+00:00', '--job-id', '6', '--raw', '--subdir', 'DAGS_FOLDER/sgfood_elt_dag.py', '--cfg-path', '/tmp/tmp2ueb306l']
[2026-10-07T16:53:46.432+0000] {standard_task_runner.py:88} INFO - Job 6: Subtask dbt_run_models
[2026-10-07T16:53:46.489+0000] {logging_mixin.py:188} WARNING - /home/airflow/.local/lib/python3.11/site-packages/airflow/settings.py:194 DeprecationWarning: The sql_alchemy_conn option in [core] has been moved to the sql_alchemy_conn option in [database] - the old setting has been used, but please update your config.
[2026-10-07T16:53:46.573+0000] {task_command.py:423} INFO - Running <TaskInstance: sgfood_elt_pipeline.dbt_run_models scheduled__2026-10-06T03:00:00+00:00 [running]> on host 7549efc6ec07
[2026-10-07T16:53:46.754+0000] {taskinstance.py:2480} INFO - Exporting env vars: AIRFLOW_CTX_DAG_OWNER='sgfood_team' AIRFLOW_CTX_DAG_ID='sgfood_elt_pipeline' AIRFLOW_CTX_TASK_ID='dbt_run_models' AIRFLOW_CTX_EXECUTION_DATE='2026-10-06T03:00:00+00:00' AIRFLOW_CTX_TRY_NUMBER='1' AIRFLOW_CTX_DAG_RUN_ID='scheduled__2026-10-06T03:00:00+00:00'
[2026-10-07T16:53:46.759+0000] {subprocess.py:63} INFO - Tmp dir root location: /tmp
[2026-10-07T16:53:46.760+0000] {subprocess.py:75} INFO - Running command: ['/usr/bin/bash', '-c', 'cd /opt/airflow/project/dbt/sgfood_dbt && dbt run --profiles-dir .']
[2026-10-07T16:53:46.785+0000] {subprocess.py:86} INFO - Output:
[2026-10-07T16:53:52.505+0000] {subprocess.py:93} INFO - [0m16:53:52  Running with dbt=1.12.5
[2026-10-07T16:53:51.781+0000] {subprocess.py:93} INFO - [0m16:53:51  Registered adapter: postgres=1.11.0
[2026-10-07T16:53:52.839+0000] {subprocess.py:93} INFO - [0m16:53:52  Unable to do partial parsing because of a version mismatch
[2026-10-07T16:53:59.421+0000] {subprocess.py:93} INFO - [0m16:53:59  [[33mWARNING[0m][MissingArgumentsPropertyInGenericTestDeprecation]: Deprecated
[2026-10-07T16:53:59.422+0000] {subprocess.py:93} INFO - functionality
[2026-10-07T16:53:59.423+0000] {subprocess.py:93} INFO - Found top-level arguments to test `relationships` defined on 'fct_ventas' in
[2026-10-07T16:53:59.424+0000] {subprocess.py:93} INFO - package 'sgfood_dbt' (models/marts/marts_models.yml). Arguments to generic tests
[2026-10-07T16:53:59.425+0000] {subprocess.py:93} INFO - should be nested under the `arguments` property.
[2026-10-07T16:54:01.799+0000] {subprocess.py:93} INFO - [0m16:54:01  Found 23 models, 78 data tests, 12 sources, 478 macros
[2026-10-07T16:54:01.828+0000] {subprocess.py:93} INFO - [0m16:54:01
[2026-10-07T16:54:01.835+0000] {subprocess.py:93} INFO - [0m16:54:01  Concurrency: 4 threads (target='dev')
[2026-10-07T16:54:01.870+0000] {subprocess.py:93} INFO - [0m16:54:01
[2026-10-07T16:54:02.567+0000] {subprocess.py:93} INFO - [0m16:54:02  1 of 23 START sql table model marts.dim_fecha .................................. [RUN]
[2026-10-07T16:54:02.571+0000] {subprocess.py:93} INFO - [0m16:54:02  2 of 23 START sql view model staging.stg_categorias ............................ [RUN]
[2026-10-07T16:54:02.576+0000] {subprocess.py:93} INFO - [0m16:54:02  3 of 23 START sql view model staging.stg_clientes .............................. [RUN]
[2026-10-07T16:54:02.581+0000] {subprocess.py:93} INFO - [0m16:54:02  4 of 23 START sql view model staging.stg_devoluciones .......................... [RUN]
[2026-10-07T16:54:03.649+0000] {subprocess.py:93} INFO - [0m16:54:03  3 of 23 OK created sql view model staging.stg_clientes ......................... [[32mCREATE VIEW[0m in 1.03s]
[2026-10-07T16:54:03.655+0000] {subprocess.py:93} INFO - [0m16:54:03  4 of 23 OK created sql view model staging.stg_devoluciones ..................... [[32mCREATE VIEW[0m in 1.04s]
[2026-10-07T16:54:03.660+0000] {subprocess.py:93} INFO - [0m16:54:03  2 of 23 OK created sql view model staging.stg_categorias ....................... [[32mCREATE VIEW[0m in 1.05s]
[2026-10-07T16:54:03.708+0000] {subprocess.py:93} INFO - [0m16:54:03  1 of 23 OK created sql table model marts.dim_fecha ............................. [[32mSELECT 1096[0m in 1.10s]
[2026-10-07T16:54:03.713+0000] {subprocess.py:93} INFO - [0m16:54:03  5 of 23 START sql view model staging.stg_inventario_bodega ..................... [RUN]
[2026-10-07T16:54:03.718+0000] {subprocess.py:93} INFO - [0m16:54:03  6 of 23 START sql view model staging.stg_marcas ................................ [RUN]
[2026-10-07T16:54:03.723+0000] {subprocess.py:93} INFO - [0m16:54:03  7 of 23 START sql view model staging.stg_metas_ventas .......................... [RUN]
[2026-10-07T16:54:03.766+0000] {subprocess.py:93} INFO - [0m16:54:03  8 of 23 START sql view model staging.stg_productos ............................. [RUN]
[2026-10-07T16:54:04.343+0000] {subprocess.py:93} INFO - [0m16:54:04  7 of 23 OK created sql view model staging.stg_metas_ventas ..................... [[32mCREATE VIEW[0m in 0.59s]
[2026-10-07T16:54:04.401+0000] {subprocess.py:93} INFO - [0m16:54:04  9 of 23 START sql view model staging.stg_promociones ........................... [RUN]
[2026-10-07T16:54:04.406+0000] {subprocess.py:93} INFO - [0m16:54:04  8 of 23 OK created sql view model staging.stg_productos ........................ [[32mCREATE VIEW[0m in 0.59s]
[2026-10-07T16:54:04.412+0000] {subprocess.py:93} INFO - [0m16:54:04  6 of 23 OK created sql view model staging.stg_marcas ........................... [[32mCREATE VIEW[0m in 0.65s]
[2026-10-07T16:54:04.418+0000] {subprocess.py:93} INFO - [0m16:54:04  5 of 23 OK created sql view model staging.stg_inventario_bodega ................ [[32mCREATE VIEW[0m in 0.66s]
[2026-10-07T16:54:04.482+0000] {subprocess.py:93} INFO - [0m16:54:04  10 of 23 START sql view model staging.stg_proveedores_precios .................. [RUN]
[2026-10-07T16:54:04.488+0000] {subprocess.py:93} INFO - [0m16:54:04  11 of 23 START sql view model staging.stg_sucursales ........................... [RUN]
[2026-10-07T16:54:04.494+0000] {subprocess.py:93} INFO - [0m16:54:04  12 of 23 START sql view model staging.stg_ventas ............................... [RUN]
[2026-10-07T16:54:05.156+0000] {subprocess.py:93} INFO - [0m16:54:05  9 of 23 OK created sql view model staging.stg_promociones ...................... [[32mCREATE VIEW[0m in 0.72s]
[2026-10-07T16:54:05.219+0000] {subprocess.py:93} INFO - [0m16:54:05  11 of 23 OK created sql view model staging.stg_sucursales ...................... [[32mCREATE VIEW[0m in 0.68s]
[2026-10-07T16:54:05.228+0000] {subprocess.py:93} INFO - [0m16:54:05  13 of 23 START sql view model staging.stg_ventas_detalle ....................... [RUN]
[2026-10-07T16:54:05.234+0000] {subprocess.py:93} INFO - [0m16:54:05  10 of 23 OK created sql view model staging.stg_proveedores_precios ............. [[32mCREATE VIEW[0m in 0.71s]
[2026-10-07T16:54:05.245+0000] {subprocess.py:93} INFO - [0m16:54:05  12 of 23 OK created sql view model staging.stg_ventas .......................... [[32mCREATE VIEW[0m in 0.71s]
[2026-10-07T16:54:05.282+0000] {subprocess.py:93} INFO - [0m16:54:05  14 of 23 START sql table model marts.dim_clientes .............................. [RUN]
[2026-10-07T16:54:05.301+0000] {subprocess.py:93} INFO - [0m16:54:05  15 of 23 START sql table model marts.fct_metas_ventas .......................... [RUN]
[2026-10-07T16:54:05.311+0000] {subprocess.py:93} INFO - [0m16:54:05  16 of 23 START sql table model marts.dim_productos ............................. [RUN]
[2026-10-07T16:54:05.864+0000] {subprocess.py:93} INFO - [0m16:54:05  13 of 23 OK created sql view model staging.stg_ventas_detalle .................. [[32mCREATE VIEW[0m in 0.59s]
[2026-10-07T16:54:05.923+0000] {subprocess.py:93} INFO - [0m16:54:05  17 of 23 START sql view model intermediate.int_inventario_costos ............... [RUN]
[2026-10-07T16:54:05.976+0000] {subprocess.py:93} INFO - [0m16:54:05  14 of 23 OK created sql table model marts.dim_clientes ......................... [[32mSELECT 250[0m in 0.65s]
[2026-10-07T16:54:05.997+0000] {subprocess.py:93} INFO - [0m16:54:05  15 of 23 OK created sql table model marts.fct_metas_ventas ..................... [[32mSELECT 48[0m in 0.65s]
[2026-10-07T16:54:06.008+0000] {subprocess.py:93} INFO - [0m16:54:06  16 of 23 OK created sql table model marts.dim_productos ........................ [[32mSELECT 80[0m in 0.65s]
[2026-10-07T16:54:06.049+0000] {subprocess.py:93} INFO - [0m16:54:06  18 of 23 START sql table model marts.dim_sucursales ............................ [RUN]
[2026-10-07T16:54:06.061+0000] {subprocess.py:93} INFO - [0m16:54:06  19 of 23 START sql view model intermediate.int_devoluciones_detalle ............ [RUN]
[2026-10-07T16:54:06.071+0000] {subprocess.py:93} INFO - [0m16:54:06  20 of 23 START sql view model intermediate.int_ventas_lineas ................... [RUN]
[2026-10-07T16:54:06.427+0000] {subprocess.py:93} INFO - [0m16:54:06  17 of 23 OK created sql view model intermediate.int_inventario_costos .......... [[32mCREATE VIEW[0m in 0.46s]
[2026-10-07T16:54:06.489+0000] {subprocess.py:93} INFO - [0m16:54:06  21 of 23 START sql table model marts.fct_inventario ............................ [RUN]
[2026-10-07T16:54:06.645+0000] {subprocess.py:93} INFO - [0m16:54:06  20 of 23 OK created sql view model intermediate.int_ventas_lineas .............. [[32mCREATE VIEW[0m in 0.53s]
[2026-10-07T16:54:06.668+0000] {subprocess.py:93} INFO - [0m16:54:06  19 of 23 OK created sql view model intermediate.int_devoluciones_detalle ....... [[32mCREATE VIEW[0m in 0.55s]
[2026-10-07T16:54:06.711+0000] {subprocess.py:93} INFO - [0m16:54:06  22 of 23 START sql table model marts.fct_ventas ................................ [RUN]
[2026-10-07T16:54:06.717+0000] {subprocess.py:93} INFO - [0m16:54:06  23 of 23 START sql table model marts.fct_devoluciones .......................... [RUN]
[2026-10-07T16:54:06.744+0000] {subprocess.py:93} INFO - [0m16:54:06  18 of 23 OK created sql table model marts.dim_sucursales ....................... [[32mSELECT 6[0m in 0.66s]
[2026-10-07T16:54:08.404+0000] {subprocess.py:93} INFO - [0m16:54:08  22 of 23 OK created sql table model marts.fct_ventas ........................... [[32mSELECT 3209[0m in 0.64s]
[2026-10-07T16:54:08.407+0000] {subprocess.py:93} INFO - [0m16:54:08  21 of 23 OK created sql table model marts.fct_inventario ....................... [[32mSELECT 3840[0m in 0.87s]
[2026-10-07T16:54:08.416+0000] {subprocess.py:93} INFO - [0m16:54:08  23 of 23 OK created sql table model marts.fct_devoluciones ..................... [[32mSELECT 80[0m in 0.63s]
[2026-10-07T16:54:08.537+0000] {subprocess.py:93} INFO - [0m16:54:08
[2026-10-07T16:54:08.541+0000] {subprocess.py:93} INFO - [0m16:54:08  Finished running 8 table models, 15 view models in 0 hours 0 minutes and 6.65 seconds (6.65s).
[2026-10-07T16:54:08.956+0000] {subprocess.py:93} INFO - [0m16:54:08
[2026-10-07T16:54:08.962+0000] {subprocess.py:93} INFO - [0m16:54:08  [32mCompleted successfully[0m
[2026-10-07T16:54:08.966+0000] {subprocess.py:93} INFO - [0m16:54:08
[2026-10-07T16:54:08.971+0000] {subprocess.py:93} INFO - [0m16:54:08  Done. PASS=23 WARN=0 ERROR=0 SKIP=0 NO-OP=0 REUSED=0 TOTAL=23
[2026-10-07T16:54:08.977+0000] {subprocess.py:93} INFO - [0m16:54:08  [[33mWARNING[0m][DeprecationsSummary]: Deprecated functionality
[2026-10-07T16:54:08.978+0000] {subprocess.py:93} INFO - Summary of encountered deprecations:
[2026-10-07T16:54:08.980+0000] {subprocess.py:93} INFO - - MissingArgumentsPropertyInGenericTestDeprecation: 10 occurrences
[2026-10-07T16:54:08.981+0000] {subprocess.py:93} INFO - To see all deprecation instances instead of just the first occurrence of each,
[2026-10-07T16:54:08.982+0000] {subprocess.py:93} INFO - run command again with the `--show-all-deprecations` flag. You may also need to
[2026-10-07T16:54:08.983+0000] {subprocess.py:93} INFO - run with `--no-partial-parse` as some deprecations are only encountered during
[2026-10-07T16:54:08.984+0000] {subprocess.py:93} INFO - parsing.
[2026-10-07T16:54:11.118+0000] {subprocess.py:97} INFO - Command exited with return code 0
[2026-10-07T16:54:11.165+0000] {taskinstance.py:1138} INFO - Marking task as SUCCESS. dag_id=sgfood_elt_pipeline, task_id=dbt_run_models, execution_date=20261006T030000, start_date=20261007T165346, end_date=20261007T165411
[2026-10-07T16:54:11.239+0000] {local_task_job_runner.py:234} INFO - Task exited with return code 0
[2026-10-07T16:54:11.277+0000] {taskinstance.py:3280} INFO - 1 downstream tasks scheduled from follow-on schedule check
