[2026-10-07T05:05:53.117+0000] {taskinstance.py:1956} INFO - Dependencies all met for dep_context=non-requeueable deps ti=<TaskInstance: sgfood_elt_pipeline.dbt_run_models scheduled__2026-10-06T03:00:00+00:00 [queued]>
[2026-10-07T05:05:53.134+0000] {taskinstance.py:1956} INFO - Dependencies all met for dep_context=requeueable deps ti=<TaskInstance: sgfood_elt_pipeline.dbt_run_models scheduled__2026-10-06T03:00:00+00:00 [queued]>
[2026-10-07T05:05:53.135+0000] {taskinstance.py:2170} INFO - Starting attempt 4 of 6
[2026-10-07T05:05:53.164+0000] {taskinstance.py:2191} INFO - Executing <Task(BashOperator): dbt_run_models> on 2026-10-06 03:00:00+00:00
[2026-10-07T05:05:53.174+0000] {standard_task_runner.py:60} INFO - Started process 451 to run task
[2026-10-07T05:05:53.180+0000] {standard_task_runner.py:87} INFO - Running: ['airflow', 'tasks', 'run', 'sgfood_elt_pipeline', 'dbt_run_models', 'scheduled__2026-10-06T03:00:00+00:00', '--job-id', '9', '--raw', '--subdir', 'DAGS_FOLDER/sgfood_elt_dag.py', '--cfg-path', '/tmp/tmp3wle3owy']
[2026-10-07T05:05:53.185+0000] {standard_task_runner.py:88} INFO - Job 9: Subtask dbt_run_models
[2026-10-07T05:05:53.227+0000] {logging_mixin.py:188} WARNING - /home/airflow/.local/lib/python3.11/site-packages/airflow/settings.py:194 DeprecationWarning: The sql_alchemy_conn option in [core] has been moved to the sql_alchemy_conn option in [database] - the old setting has been used, but please update your config.
[2026-10-07T05:05:53.297+0000] {task_command.py:423} INFO - Running <TaskInstance: sgfood_elt_pipeline.dbt_run_models scheduled__2026-10-06T03:00:00+00:00 [running]> on host 2ffd52718d32
[2026-10-07T05:05:53.401+0000] {taskinstance.py:2480} INFO - Exporting env vars: AIRFLOW_CTX_DAG_OWNER='sgfood_team' AIRFLOW_CTX_DAG_ID='sgfood_elt_pipeline' AIRFLOW_CTX_TASK_ID='dbt_run_models' AIRFLOW_CTX_EXECUTION_DATE='2026-10-06T03:00:00+00:00' AIRFLOW_CTX_TRY_NUMBER='4' AIRFLOW_CTX_DAG_RUN_ID='scheduled__2026-10-06T03:00:00+00:00'
[2026-10-07T05:05:53.405+0000] {subprocess.py:63} INFO - Tmp dir root location: /tmp
[2026-10-07T05:05:53.406+0000] {subprocess.py:75} INFO - Running command: ['/usr/bin/bash', '-c', 'cd /opt/airflow/project/dbt/sgfood_dbt && dbt run --profiles-dir .']
[2026-10-07T05:05:53.425+0000] {subprocess.py:86} INFO - Output:
[2026-10-07T05:05:57.361+0000] {subprocess.py:93} INFO - [0m05:05:57  Running with dbt=1.12.5
[2026-10-07T05:05:58.284+0000] {subprocess.py:93} INFO - [0m05:05:58  Registered adapter: postgres=1.11.0
[2026-10-07T05:05:58.761+0000] {subprocess.py:93} INFO - [0m05:05:58  Unable to do partial parsing because of a version mismatch
[2026-10-07T05:06:03.090+0000] {subprocess.py:93} INFO - [0m05:06:03  [[33mWARNING[0m][MissingArgumentsPropertyInGenericTestDeprecation]: Deprecated
[2026-10-07T05:06:03.091+0000] {subprocess.py:93} INFO - functionality
[2026-10-07T05:06:03.093+0000] {subprocess.py:93} INFO - Found top-level arguments to test `relationships` defined on 'fct_ventas' in
[2026-10-07T05:06:03.094+0000] {subprocess.py:93} INFO - package 'sgfood_dbt' (models/marts/marts_models.yml). Arguments to generic tests
[2026-10-07T05:06:03.095+0000] {subprocess.py:93} INFO - should be nested under the `arguments` property.
[2026-10-07T05:06:04.359+0000] {subprocess.py:93} INFO - [0m05:06:04  Found 23 models, 78 data tests, 12 sources, 478 macros
[2026-10-07T05:06:04.373+0000] {subprocess.py:93} INFO - [0m05:06:04
[2026-10-07T05:06:04.376+0000] {subprocess.py:93} INFO - [0m05:06:04  Concurrency: 4 threads (target='dev')
[2026-10-07T05:06:04.381+0000] {subprocess.py:93} INFO - [0m05:06:04
[2026-10-07T05:06:05.018+0000] {subprocess.py:93} INFO - [0m05:06:05  1 of 23 START sql table model marts.dim_fecha .................................. [RUN]
[2026-10-07T05:06:05.028+0000] {subprocess.py:93} INFO - [0m05:06:05  2 of 23 START sql view model staging.stg_categorias ............................ [RUN]
[2026-10-07T05:06:05.032+0000] {subprocess.py:93} INFO - [0m05:06:05  3 of 23 START sql view model staging.stg_clientes .............................. [RUN]
[2026-10-07T05:06:05.036+0000] {subprocess.py:93} INFO - [0m05:06:05  4 of 23 START sql view model staging.stg_devoluciones .......................... [RUN]
[2026-10-07T05:06:05.871+0000] {subprocess.py:93} INFO - [0m05:06:05  2 of 23 OK created sql view model staging.stg_categorias ....................... [[32mCREATE VIEW[0m in 0.81s]
[2026-10-07T05:06:05.881+0000] {subprocess.py:93} INFO - [0m05:06:05  3 of 23 OK created sql view model staging.stg_clientes ......................... [[32mCREATE VIEW[0m in 0.82s]
[2026-10-07T05:06:05.920+0000] {subprocess.py:93} INFO - [0m05:06:05  5 of 23 START sql view model staging.stg_inventario_bodega ..................... [RUN]
[2026-10-07T05:06:05.929+0000] {subprocess.py:93} INFO - [0m05:06:05  6 of 23 START sql view model staging.stg_marcas ................................ [RUN]
[2026-10-07T05:06:05.935+0000] {subprocess.py:93} INFO - [0m05:06:05  4 of 23 OK created sql view model staging.stg_devoluciones ..................... [[32mCREATE VIEW[0m in 0.86s]
[2026-10-07T05:06:05.946+0000] {subprocess.py:93} INFO - [0m05:06:05  1 of 23 OK created sql table model marts.dim_fecha ............................. [[32mSELECT 1096[0m in 0.89s]
[2026-10-07T05:06:05.997+0000] {subprocess.py:93} INFO - [0m05:06:05  7 of 23 START sql view model staging.stg_metas_ventas .......................... [RUN]
[2026-10-07T05:06:06.006+0000] {subprocess.py:93} INFO - [0m05:06:06  8 of 23 START sql view model staging.stg_productos ............................. [RUN]
[2026-10-07T05:06:06.470+0000] {subprocess.py:93} INFO - [0m05:06:06  5 of 23 OK created sql view model staging.stg_inventario_bodega ................ [[32mCREATE VIEW[0m in 0.51s]
[2026-10-07T05:06:06.496+0000] {subprocess.py:93} INFO - [0m05:06:06  6 of 23 OK created sql view model staging.stg_marcas ........................... [[32mCREATE VIEW[0m in 0.53s]
[2026-10-07T05:06:06.532+0000] {subprocess.py:93} INFO - [0m05:06:06  9 of 23 START sql view model staging.stg_promociones ........................... [RUN]
[2026-10-07T05:06:06.540+0000] {subprocess.py:93} INFO - [0m05:06:06  7 of 23 OK created sql view model staging.stg_metas_ventas ..................... [[32mCREATE VIEW[0m in 0.51s]
[2026-10-07T05:06:06.551+0000] {subprocess.py:93} INFO - [0m05:06:06  10 of 23 START sql view model staging.stg_proveedores_precios .................. [RUN]
[2026-10-07T05:06:06.588+0000] {subprocess.py:93} INFO - [0m05:06:06  11 of 23 START sql view model staging.stg_sucursales ........................... [RUN]
[2026-10-07T05:06:06.609+0000] {subprocess.py:93} INFO - [0m05:06:06  8 of 23 OK created sql view model staging.stg_productos ........................ [[32mCREATE VIEW[0m in 0.58s]
[2026-10-07T05:06:06.660+0000] {subprocess.py:93} INFO - [0m05:06:06  12 of 23 START sql view model staging.stg_ventas ............................... [RUN]
[2026-10-07T05:06:07.067+0000] {subprocess.py:93} INFO - [0m05:06:07  9 of 23 OK created sql view model staging.stg_promociones ...................... [[32mCREATE VIEW[0m in 0.50s]
[2026-10-07T05:06:07.093+0000] {subprocess.py:93} INFO - [0m05:06:07  10 of 23 OK created sql view model staging.stg_proveedores_precios ............. [[32mCREATE VIEW[0m in 0.51s]
[2026-10-07T05:06:07.131+0000] {subprocess.py:93} INFO - [0m05:06:07  13 of 23 START sql view model staging.stg_ventas_detalle ....................... [RUN]
[2026-10-07T05:06:07.143+0000] {subprocess.py:93} INFO - [0m05:06:07  11 of 23 OK created sql view model staging.stg_sucursales ...................... [[32mCREATE VIEW[0m in 0.52s]
[2026-10-07T05:06:07.152+0000] {subprocess.py:93} INFO - [0m05:06:07  14 of 23 START sql table model marts.dim_clientes .............................. [RUN]
[2026-10-07T05:06:07.190+0000] {subprocess.py:93} INFO - [0m05:06:07  15 of 23 START sql table model marts.fct_metas_ventas .......................... [RUN]
[2026-10-07T05:06:07.194+0000] {subprocess.py:93} INFO - [0m05:06:07  12 of 23 OK created sql view model staging.stg_ventas .......................... [[32mCREATE VIEW[0m in 0.51s]
[2026-10-07T05:06:07.246+0000] {subprocess.py:93} INFO - [0m05:06:07  16 of 23 START sql table model marts.dim_productos ............................. [RUN]
[2026-10-07T05:06:07.632+0000] {subprocess.py:93} INFO - [0m05:06:07  14 of 23 OK created sql table model marts.dim_clientes ......................... [[32mSELECT 250[0m in 0.45s]
[2026-10-07T05:06:07.638+0000] {subprocess.py:93} INFO - [0m05:06:07  13 of 23 OK created sql view model staging.stg_ventas_detalle .................. [[32mCREATE VIEW[0m in 0.47s]
[2026-10-07T05:06:07.686+0000] {subprocess.py:93} INFO - [0m05:06:07  17 of 23 START sql view model intermediate.int_inventario_costos ............... [RUN]
[2026-10-07T05:06:07.690+0000] {subprocess.py:93} INFO - [0m05:06:07  18 of 23 START sql table model marts.dim_sucursales ............................ [RUN]
[2026-10-07T05:06:07.761+0000] {subprocess.py:93} INFO - [0m05:06:07  15 of 23 OK created sql table model marts.fct_metas_ventas ..................... [[32mSELECT 48[0m in 0.53s]
[2026-10-07T05:06:07.777+0000] {subprocess.py:93} INFO - [0m05:06:07  16 of 23 OK created sql table model marts.dim_productos ........................ [[32mSELECT 80[0m in 0.50s]
[2026-10-07T05:06:07.800+0000] {subprocess.py:93} INFO - [0m05:06:07  19 of 23 START sql view model intermediate.int_devoluciones_detalle ............ [RUN]
[2026-10-07T05:06:07.826+0000] {subprocess.py:93} INFO - [0m05:06:07  20 of 23 START sql view model intermediate.int_ventas_lineas ................... [RUN]
[2026-10-07T05:06:08.187+0000] {subprocess.py:93} INFO - [0m05:06:08  19 of 23 OK created sql view model intermediate.int_devoluciones_detalle ....... [[32mCREATE VIEW[0m in 0.34s]
[2026-10-07T05:06:08.262+0000] {subprocess.py:93} INFO - [0m05:06:08  21 of 23 START sql table model marts.fct_devoluciones .......................... [RUN]
[2026-10-07T05:06:08.291+0000] {subprocess.py:93} INFO - [0m05:06:08  17 of 23 OK created sql view model intermediate.int_inventario_costos .......... [[32mCREATE VIEW[0m in 0.57s]
[2026-10-07T05:06:08.313+0000] {subprocess.py:93} INFO - [0m05:06:08  20 of 23 OK created sql view model intermediate.int_ventas_lineas .............. [[32mCREATE VIEW[0m in 0.46s]
[2026-10-07T05:06:08.342+0000] {subprocess.py:93} INFO - [0m05:06:08  22 of 23 START sql table model marts.fct_inventario ............................ [RUN]
[2026-10-07T05:06:08.351+0000] {subprocess.py:93} INFO - [0m05:06:08  18 of 23 OK created sql table model marts.dim_sucursales ....................... [[32mSELECT 6[0m in 0.63s]
[2026-10-07T05:06:08.357+0000] {subprocess.py:93} INFO - [0m05:06:08  23 of 23 START sql table model marts.fct_ventas ................................ [RUN]
[2026-10-07T05:06:09.291+0000] {subprocess.py:93} INFO - [0m05:06:09  22 of 23 OK created sql table model marts.fct_inventario ....................... [[32mSELECT 3840[0m in 0.41s]
[2026-10-07T05:06:09.294+0000] {subprocess.py:93} INFO - [0m05:06:09  23 of 23 OK created sql table model marts.fct_ventas ........................... [[32mSELECT 3209[0m in 0.45s]
[2026-10-07T05:06:09.300+0000] {subprocess.py:93} INFO - [0m05:06:09  21 of 23 OK created sql table model marts.fct_devoluciones ..................... [[32mSELECT 80[0m in 0.34s]
[2026-10-07T05:06:09.402+0000] {subprocess.py:93} INFO - [0m05:06:09
[2026-10-07T05:06:09.407+0000] {subprocess.py:93} INFO - [0m05:06:09  Finished running 8 table models, 15 view models in 0 hours 0 minutes and 5.02 seconds (5.02s).
[2026-10-07T05:06:09.207+0000] {subprocess.py:93} INFO - [0m05:06:09
[2026-10-07T05:06:09.211+0000] {subprocess.py:93} INFO - [0m05:06:09  [32mCompleted successfully[0m
[2026-10-07T05:06:09.216+0000] {subprocess.py:93} INFO - [0m05:06:09
[2026-10-07T05:06:09.219+0000] {subprocess.py:93} INFO - [0m05:06:09  Done. PASS=23 WARN=0 ERROR=0 SKIP=0 NO-OP=0 REUSED=0 TOTAL=23
[2026-10-07T05:06:09.225+0000] {subprocess.py:93} INFO - [0m05:06:09  [[33mWARNING[0m][DeprecationsSummary]: Deprecated functionality
[2026-10-07T05:06:09.226+0000] {subprocess.py:93} INFO - Summary of encountered deprecations:
[2026-10-07T05:06:09.227+0000] {subprocess.py:93} INFO - - MissingArgumentsPropertyInGenericTestDeprecation: 10 occurrences
[2026-10-07T05:06:09.228+0000] {subprocess.py:93} INFO - To see all deprecation instances instead of just the first occurrence of each,
[2026-10-07T05:06:09.229+0000] {subprocess.py:93} INFO - run command again with the `--show-all-deprecations` flag. You may also need to
[2026-10-07T05:06:09.229+0000] {subprocess.py:93} INFO - run with `--no-partial-parse` as some deprecations are only encountered during
[2026-10-07T05:06:09.230+0000] {subprocess.py:93} INFO - parsing.
[2026-10-07T05:06:10.391+0000] {subprocess.py:97} INFO - Command exited with return code 0
[2026-10-07T05:06:10.422+0000] {taskinstance.py:1138} INFO - Marking task as SUCCESS. dag_id=sgfood_elt_pipeline, task_id=dbt_run_models, execution_date=20261006T030000, start_date=20261007T050553, end_date=20261007T050610
[2026-10-07T05:06:10.488+0000] {local_task_job_runner.py:234} INFO - Task exited with return code 0
[2026-10-07T05:06:10.519+0000] {taskinstance.py:3280} INFO - 1 downstream tasks scheduled from follow-on schedule check
