[2026-10-06T22:30:25.383+0000] {taskinstance.py:1956} INFO - Dependencies all met for dep_context=non-requeueable deps ti=<TaskInstance: sgfood_elt_pipeline.load_csv_to_raw scheduled__2026-10-05T03:00:00+00:00 [queued]>
[2026-10-06T22:30:25.395+0000] {taskinstance.py:1956} INFO - Dependencies all met for dep_context=requeueable deps ti=<TaskInstance: sgfood_elt_pipeline.load_csv_to_raw scheduled__2026-10-05T03:00:00+00:00 [queued]>
[2026-10-06T22:30:25.397+0000] {taskinstance.py:2170} INFO - Starting attempt 1 of 3
[2026-10-06T22:30:25.424+0000] {taskinstance.py:2191} INFO - Executing <Task(BashOperator): load_csv_to_raw> on 2026-10-05 03:00:00+00:00
[2026-10-06T22:30:25.434+0000] {standard_task_runner.py:60} INFO - Started process 126 to run task
[2026-10-06T22:30:25.440+0000] {standard_task_runner.py:87} INFO - Running: ['airflow', 'tasks', 'run', 'sgfood_elt_pipeline', 'load_csv_to_raw', 'scheduled__2026-10-05T03:00:00+00:00', '--job-id', '4', '--raw', '--subdir', 'DAGS_FOLDER/sgfood_elt_dag.py', '--cfg-path', '/tmp/tmp5f3qc7dr']
[2026-10-06T22:30:25.444+0000] {standard_task_runner.py:88} INFO - Job 4: Subtask load_csv_to_raw
[2026-10-06T22:30:25.477+0000] {logging_mixin.py:188} WARNING - /home/airflow/.local/lib/python3.11/site-packages/airflow/settings.py:194 DeprecationWarning: The sql_alchemy_conn option in [core] has been moved to the sql_alchemy_conn option in [database] - the old setting has been used, but please update your config.
[2026-10-06T22:30:25.525+0000] {task_command.py:423} INFO - Running <TaskInstance: sgfood_elt_pipeline.load_csv_to_raw scheduled__2026-10-05T03:00:00+00:00 [running]> on host 6620589d9eba
[2026-10-06T22:30:25.618+0000] {taskinstance.py:2480} INFO - Exporting env vars: AIRFLOW_CTX_DAG_OWNER='sgfood_team' AIRFLOW_CTX_DAG_ID='sgfood_elt_pipeline' AIRFLOW_CTX_TASK_ID='load_csv_to_raw' AIRFLOW_CTX_EXECUTION_DATE='2026-10-05T03:00:00+00:00' AIRFLOW_CTX_TRY_NUMBER='1' AIRFLOW_CTX_DAG_RUN_ID='scheduled__2026-10-05T03:00:00+00:00'
[2026-10-06T22:30:25.623+0000] {subprocess.py:63} INFO - Tmp dir root location: /tmp
[2026-10-06T22:30:25.624+0000] {subprocess.py:75} INFO - Running command: ['/usr/bin/bash', '-c', 'python -m src.main load-csv']
[2026-10-06T22:30:25.638+0000] {subprocess.py:86} INFO - Output:
[2026-10-06T22:30:25.882+0000] {subprocess.py:93} INFO - Traceback (most recent call last):
[2026-10-06T22:30:25.883+0000] {subprocess.py:93} INFO -   File "<frozen runpy>", line 198, in _run_module_as_main
[2026-10-06T22:30:25.884+0000] {subprocess.py:93} INFO -   File "<frozen runpy>", line 88, in _run_code
[2026-10-06T22:30:25.885+0000] {subprocess.py:93} INFO -   File "/opt/airflow/project/src/main.py", line 7, in <module>
[2026-10-06T22:30:25.888+0000] {subprocess.py:93} INFO -     from .pipeline import inspect_quality_cases, load_csv, load_oltp, run_all, validate_raw
[2026-10-06T22:30:25.889+0000] {subprocess.py:93} INFO -   File "/opt/airflow/project/src/pipeline.py", line 7, in <module>
[2026-10-06T22:30:25.893+0000] {subprocess.py:93} INFO -     from psycopg import Connection, sql
[2026-10-06T22:30:25.894+0000] {subprocess.py:93} INFO - ModuleNotFoundError: No module named 'psycopg'
[2026-10-06T22:30:25.913+0000] {subprocess.py:97} INFO - Command exited with return code 1
[2026-10-06T22:30:25.924+0000] {taskinstance.py:2698} ERROR - Task failed with exception
Traceback (most recent call last):
  File "/home/airflow/.local/lib/python3.11/site-packages/airflow/models/taskinstance.py", line 433, in _execute_task
    result = execute_callable(context=context, **execute_callable_kwargs)
             ^^^^^^^^^^^^^^^^^^^^^^^^^^^^^^^^^^^^^^^^^^^^^^^^^^^^^^^^^^^^
  File "/home/airflow/.local/lib/python3.11/site-packages/airflow/operators/bash.py", line 212, in execute
    raise AirflowException(
airflow.exceptions.AirflowException: Bash command failed. The command returned a non-zero exit code 1.
[2026-10-06T22:30:25.929+0000] {taskinstance.py:1138} INFO - Marking task as UP_FOR_RETRY. dag_id=sgfood_elt_pipeline, task_id=load_csv_to_raw, execution_date=20261005T030000, start_date=20261006T223025, end_date=20261006T223025
[2026-10-06T22:30:25.952+0000] {standard_task_runner.py:107} ERROR - Failed to execute job 4 for task load_csv_to_raw (Bash command failed. The command returned a non-zero exit code 1.; 126)
[2026-10-06T22:30:25.977+0000] {local_task_job_runner.py:234} INFO - Task exited with return code 1
[2026-10-06T22:30:26.007+0000] {taskinstance.py:3280} INFO - 0 downstream tasks scheduled from follow-on schedule check
[2026-10-06T22:35:09.239+0000] {taskinstance.py:1956} INFO - Dependencies all met for dep_context=non-requeueable deps ti=<TaskInstance: sgfood_elt_pipeline.load_csv_to_raw scheduled__2026-10-05T03:00:00+00:00 [queued]>
[2026-10-06T22:35:09.250+0000] {taskinstance.py:1956} INFO - Dependencies all met for dep_context=requeueable deps ti=<TaskInstance: sgfood_elt_pipeline.load_csv_to_raw scheduled__2026-10-05T03:00:00+00:00 [queued]>
[2026-10-06T22:35:09.251+0000] {taskinstance.py:2170} INFO - Starting attempt 1 of 3
[2026-10-06T22:35:09.283+0000] {taskinstance.py:2191} INFO - Executing <Task(BashOperator): load_csv_to_raw> on 2026-10-05 03:00:00+00:00
[2026-10-06T22:35:09.292+0000] {standard_task_runner.py:60} INFO - Started process 126 to run task
[2026-10-06T22:35:09.298+0000] {standard_task_runner.py:87} INFO - Running: ['airflow', 'tasks', 'run', 'sgfood_elt_pipeline', 'load_csv_to_raw', 'scheduled__2026-10-05T03:00:00+00:00', '--job-id', '4', '--raw', '--subdir', 'DAGS_FOLDER/sgfood_elt_dag.py', '--cfg-path', '/tmp/tmp8ztdos82']
[2026-10-06T22:35:09.304+0000] {standard_task_runner.py:88} INFO - Job 4: Subtask load_csv_to_raw
[2026-10-06T22:35:09.340+0000] {logging_mixin.py:188} WARNING - /home/airflow/.local/lib/python3.11/site-packages/airflow/settings.py:194 DeprecationWarning: The sql_alchemy_conn option in [core] has been moved to the sql_alchemy_conn option in [database] - the old setting has been used, but please update your config.
[2026-10-06T22:35:09.397+0000] {task_command.py:423} INFO - Running <TaskInstance: sgfood_elt_pipeline.load_csv_to_raw scheduled__2026-10-05T03:00:00+00:00 [running]> on host 115d6e83f016
[2026-10-06T22:35:09.512+0000] {taskinstance.py:2480} INFO - Exporting env vars: AIRFLOW_CTX_DAG_OWNER='sgfood_team' AIRFLOW_CTX_DAG_ID='sgfood_elt_pipeline' AIRFLOW_CTX_TASK_ID='load_csv_to_raw' AIRFLOW_CTX_EXECUTION_DATE='2026-10-05T03:00:00+00:00' AIRFLOW_CTX_TRY_NUMBER='1' AIRFLOW_CTX_DAG_RUN_ID='scheduled__2026-10-05T03:00:00+00:00'
[2026-10-06T22:35:09.517+0000] {subprocess.py:63} INFO - Tmp dir root location: /tmp
[2026-10-06T22:35:09.518+0000] {subprocess.py:75} INFO - Running command: ['/usr/bin/bash', '-c', 'python -m src.main load-csv']
[2026-10-06T22:35:09.541+0000] {subprocess.py:86} INFO - Output:
[2026-10-06T22:35:09.900+0000] {subprocess.py:93} INFO - Traceback (most recent call last):
[2026-10-06T22:35:09.901+0000] {subprocess.py:93} INFO -   File "<frozen runpy>", line 198, in _run_module_as_main
[2026-10-06T22:35:09.903+0000] {subprocess.py:93} INFO -   File "<frozen runpy>", line 88, in _run_code
[2026-10-06T22:35:09.904+0000] {subprocess.py:93} INFO -   File "/opt/airflow/project/src/main.py", line 7, in <module>
[2026-10-06T22:35:09.910+0000] {subprocess.py:93} INFO -     from .pipeline import inspect_quality_cases, load_csv, load_oltp, run_all, validate_raw
[2026-10-06T22:35:09.911+0000] {subprocess.py:93} INFO -   File "/opt/airflow/project/src/pipeline.py", line 7, in <module>
[2026-10-06T22:35:09.918+0000] {subprocess.py:93} INFO -     from psycopg import Connection, sql
[2026-10-06T22:35:09.919+0000] {subprocess.py:93} INFO - ModuleNotFoundError: No module named 'psycopg'
[2026-10-06T22:35:09.949+0000] {subprocess.py:97} INFO - Command exited with return code 1
[2026-10-06T22:35:09.962+0000] {taskinstance.py:2698} ERROR - Task failed with exception
Traceback (most recent call last):
  File "/home/airflow/.local/lib/python3.11/site-packages/airflow/models/taskinstance.py", line 433, in _execute_task
    result = execute_callable(context=context, **execute_callable_kwargs)
             ^^^^^^^^^^^^^^^^^^^^^^^^^^^^^^^^^^^^^^^^^^^^^^^^^^^^^^^^^^^^
  File "/home/airflow/.local/lib/python3.11/site-packages/airflow/operators/bash.py", line 212, in execute
    raise AirflowException(
airflow.exceptions.AirflowException: Bash command failed. The command returned a non-zero exit code 1.
[2026-10-06T22:35:09.968+0000] {taskinstance.py:1138} INFO - Marking task as UP_FOR_RETRY. dag_id=sgfood_elt_pipeline, task_id=load_csv_to_raw, execution_date=20261005T030000, start_date=20261006T223509, end_date=20261006T223509
[2026-10-06T22:35:09.993+0000] {standard_task_runner.py:107} ERROR - Failed to execute job 4 for task load_csv_to_raw (Bash command failed. The command returned a non-zero exit code 1.; 126)
[2026-10-06T22:35:10.021+0000] {local_task_job_runner.py:234} INFO - Task exited with return code 1
[2026-10-06T22:35:10.051+0000] {taskinstance.py:3280} INFO - 0 downstream tasks scheduled from follow-on schedule check
[2026-10-06T22:39:57.729+0000] {taskinstance.py:1956} INFO - Dependencies all met for dep_context=non-requeueable deps ti=<TaskInstance: sgfood_elt_pipeline.load_csv_to_raw scheduled__2026-10-05T03:00:00+00:00 [queued]>
[2026-10-06T22:39:57.740+0000] {taskinstance.py:1956} INFO - Dependencies all met for dep_context=requeueable deps ti=<TaskInstance: sgfood_elt_pipeline.load_csv_to_raw scheduled__2026-10-05T03:00:00+00:00 [queued]>
[2026-10-06T22:39:57.741+0000] {taskinstance.py:2170} INFO - Starting attempt 1 of 3
[2026-10-06T22:39:57.777+0000] {taskinstance.py:2191} INFO - Executing <Task(BashOperator): load_csv_to_raw> on 2026-10-05 03:00:00+00:00
[2026-10-06T22:39:57.786+0000] {standard_task_runner.py:60} INFO - Started process 127 to run task
[2026-10-06T22:39:57.791+0000] {standard_task_runner.py:87} INFO - Running: ['airflow', 'tasks', 'run', 'sgfood_elt_pipeline', 'load_csv_to_raw', 'scheduled__2026-10-05T03:00:00+00:00', '--job-id', '4', '--raw', '--subdir', 'DAGS_FOLDER/sgfood_elt_dag.py', '--cfg-path', '/tmp/tmp760_a7h8']
[2026-10-06T22:39:57.796+0000] {standard_task_runner.py:88} INFO - Job 4: Subtask load_csv_to_raw
[2026-10-06T22:39:57.837+0000] {logging_mixin.py:188} WARNING - /home/airflow/.local/lib/python3.11/site-packages/airflow/settings.py:194 DeprecationWarning: The sql_alchemy_conn option in [core] has been moved to the sql_alchemy_conn option in [database] - the old setting has been used, but please update your config.
[2026-10-06T22:39:57.906+0000] {task_command.py:423} INFO - Running <TaskInstance: sgfood_elt_pipeline.load_csv_to_raw scheduled__2026-10-05T03:00:00+00:00 [running]> on host 902a2823d555
[2026-10-06T22:39:58.055+0000] {taskinstance.py:2480} INFO - Exporting env vars: AIRFLOW_CTX_DAG_OWNER='sgfood_team' AIRFLOW_CTX_DAG_ID='sgfood_elt_pipeline' AIRFLOW_CTX_TASK_ID='load_csv_to_raw' AIRFLOW_CTX_EXECUTION_DATE='2026-10-05T03:00:00+00:00' AIRFLOW_CTX_TRY_NUMBER='1' AIRFLOW_CTX_DAG_RUN_ID='scheduled__2026-10-05T03:00:00+00:00'
[2026-10-06T22:39:58.060+0000] {subprocess.py:63} INFO - Tmp dir root location: /tmp
[2026-10-06T22:39:58.061+0000] {subprocess.py:75} INFO - Running command: ['/usr/bin/bash', '-c', 'python -m src.main load-csv']
[2026-10-06T22:39:58.083+0000] {subprocess.py:86} INFO - Output:
[2026-10-06T22:39:58.335+0000] {subprocess.py:93} INFO - Traceback (most recent call last):
[2026-10-06T22:39:58.336+0000] {subprocess.py:93} INFO -   File "<frozen runpy>", line 198, in _run_module_as_main
[2026-10-06T22:39:58.337+0000] {subprocess.py:93} INFO -   File "<frozen runpy>", line 88, in _run_code
[2026-10-06T22:39:58.338+0000] {subprocess.py:93} INFO -   File "/opt/airflow/project/src/main.py", line 7, in <module>
[2026-10-06T22:39:58.342+0000] {subprocess.py:93} INFO -     from .pipeline import inspect_quality_cases, load_csv, load_oltp, run_all, validate_raw
[2026-10-06T22:39:58.343+0000] {subprocess.py:93} INFO -   File "/opt/airflow/project/src/pipeline.py", line 7, in <module>
[2026-10-06T22:39:58.349+0000] {subprocess.py:93} INFO -     from psycopg import Connection, sql
[2026-10-06T22:39:58.350+0000] {subprocess.py:93} INFO - ModuleNotFoundError: No module named 'psycopg'
[2026-10-06T22:39:58.382+0000] {subprocess.py:97} INFO - Command exited with return code 1
[2026-10-06T22:39:58.391+0000] {taskinstance.py:2698} ERROR - Task failed with exception
Traceback (most recent call last):
  File "/home/airflow/.local/lib/python3.11/site-packages/airflow/models/taskinstance.py", line 433, in _execute_task
    result = execute_callable(context=context, **execute_callable_kwargs)
             ^^^^^^^^^^^^^^^^^^^^^^^^^^^^^^^^^^^^^^^^^^^^^^^^^^^^^^^^^^^^
  File "/home/airflow/.local/lib/python3.11/site-packages/airflow/operators/bash.py", line 212, in execute
    raise AirflowException(
airflow.exceptions.AirflowException: Bash command failed. The command returned a non-zero exit code 1.
[2026-10-06T22:39:58.397+0000] {taskinstance.py:1138} INFO - Marking task as UP_FOR_RETRY. dag_id=sgfood_elt_pipeline, task_id=load_csv_to_raw, execution_date=20261005T030000, start_date=20261006T223957, end_date=20261006T223958
[2026-10-06T22:39:58.421+0000] {standard_task_runner.py:107} ERROR - Failed to execute job 4 for task load_csv_to_raw (Bash command failed. The command returned a non-zero exit code 1.; 127)
[2026-10-06T22:39:58.451+0000] {local_task_job_runner.py:234} INFO - Task exited with return code 1
[2026-10-06T22:39:58.479+0000] {taskinstance.py:3280} INFO - 0 downstream tasks scheduled from follow-on schedule check
[2026-10-06T22:49:13.703+0000] {taskinstance.py:1956} INFO - Dependencies all met for dep_context=non-requeueable deps ti=<TaskInstance: sgfood_elt_pipeline.load_csv_to_raw scheduled__2026-10-05T03:00:00+00:00 [queued]>
[2026-10-06T22:49:13.714+0000] {taskinstance.py:1956} INFO - Dependencies all met for dep_context=requeueable deps ti=<TaskInstance: sgfood_elt_pipeline.load_csv_to_raw scheduled__2026-10-05T03:00:00+00:00 [queued]>
[2026-10-06T22:49:13.715+0000] {taskinstance.py:2170} INFO - Starting attempt 1 of 3
[2026-10-06T22:49:13.747+0000] {taskinstance.py:2191} INFO - Executing <Task(BashOperator): load_csv_to_raw> on 2026-10-05 03:00:00+00:00
[2026-10-06T22:49:13.756+0000] {standard_task_runner.py:60} INFO - Started process 144 to run task
[2026-10-06T22:49:13.762+0000] {standard_task_runner.py:87} INFO - Running: ['airflow', 'tasks', 'run', 'sgfood_elt_pipeline', 'load_csv_to_raw', 'scheduled__2026-10-05T03:00:00+00:00', '--job-id', '4', '--raw', '--subdir', 'DAGS_FOLDER/sgfood_elt_dag.py', '--cfg-path', '/tmp/tmpczjtotw3']
[2026-10-06T22:49:13.766+0000] {standard_task_runner.py:88} INFO - Job 4: Subtask load_csv_to_raw
[2026-10-06T22:49:13.804+0000] {logging_mixin.py:188} WARNING - /home/airflow/.local/lib/python3.11/site-packages/airflow/settings.py:194 DeprecationWarning: The sql_alchemy_conn option in [core] has been moved to the sql_alchemy_conn option in [database] - the old setting has been used, but please update your config.
[2026-10-06T22:49:13.858+0000] {task_command.py:423} INFO - Running <TaskInstance: sgfood_elt_pipeline.load_csv_to_raw scheduled__2026-10-05T03:00:00+00:00 [running]> on host c1ebf849af9a
[2026-10-06T22:49:13.964+0000] {taskinstance.py:2480} INFO - Exporting env vars: AIRFLOW_CTX_DAG_OWNER='sgfood_team' AIRFLOW_CTX_DAG_ID='sgfood_elt_pipeline' AIRFLOW_CTX_TASK_ID='load_csv_to_raw' AIRFLOW_CTX_EXECUTION_DATE='2026-10-05T03:00:00+00:00' AIRFLOW_CTX_TRY_NUMBER='1' AIRFLOW_CTX_DAG_RUN_ID='scheduled__2026-10-05T03:00:00+00:00'
[2026-10-06T22:49:13.968+0000] {subprocess.py:63} INFO - Tmp dir root location: /tmp
[2026-10-06T22:49:13.969+0000] {subprocess.py:75} INFO - Running command: ['/usr/bin/bash', '-c', 'python -m src.main load-csv']
[2026-10-06T22:49:13.986+0000] {subprocess.py:86} INFO - Output:
[2026-10-06T22:49:14.270+0000] {subprocess.py:93} INFO - Traceback (most recent call last):
[2026-10-06T22:49:14.271+0000] {subprocess.py:93} INFO -   File "<frozen runpy>", line 198, in _run_module_as_main
[2026-10-06T22:49:14.272+0000] {subprocess.py:93} INFO -   File "<frozen runpy>", line 88, in _run_code
[2026-10-06T22:49:14.273+0000] {subprocess.py:93} INFO -   File "/opt/airflow/project/src/main.py", line 7, in <module>
[2026-10-06T22:49:14.278+0000] {subprocess.py:93} INFO -     from .pipeline import inspect_quality_cases, load_csv, load_oltp, run_all, validate_raw
[2026-10-06T22:49:14.279+0000] {subprocess.py:93} INFO -   File "/opt/airflow/project/src/pipeline.py", line 7, in <module>
[2026-10-06T22:49:14.284+0000] {subprocess.py:93} INFO -     from psycopg import Connection, sql
[2026-10-06T22:49:14.284+0000] {subprocess.py:93} INFO - ModuleNotFoundError: No module named 'psycopg'
[2026-10-06T22:49:14.304+0000] {subprocess.py:97} INFO - Command exited with return code 1
[2026-10-06T22:49:14.314+0000] {taskinstance.py:2698} ERROR - Task failed with exception
Traceback (most recent call last):
  File "/home/airflow/.local/lib/python3.11/site-packages/airflow/models/taskinstance.py", line 433, in _execute_task
    result = execute_callable(context=context, **execute_callable_kwargs)
             ^^^^^^^^^^^^^^^^^^^^^^^^^^^^^^^^^^^^^^^^^^^^^^^^^^^^^^^^^^^^
  File "/home/airflow/.local/lib/python3.11/site-packages/airflow/operators/bash.py", line 212, in execute
    raise AirflowException(
airflow.exceptions.AirflowException: Bash command failed. The command returned a non-zero exit code 1.
[2026-10-06T22:49:14.321+0000] {taskinstance.py:1138} INFO - Marking task as UP_FOR_RETRY. dag_id=sgfood_elt_pipeline, task_id=load_csv_to_raw, execution_date=20261005T030000, start_date=20261006T224913, end_date=20261006T224914
[2026-10-06T22:49:14.344+0000] {standard_task_runner.py:107} ERROR - Failed to execute job 4 for task load_csv_to_raw (Bash command failed. The command returned a non-zero exit code 1.; 144)
[2026-10-06T22:49:22.071+0000] {local_task_job_runner.py:234} INFO - Task exited with return code 1
[2026-10-06T22:49:22.103+0000] {taskinstance.py:3280} INFO - 0 downstream tasks scheduled from follow-on schedule check
[2026-10-06T23:11:56.784+0000] {taskinstance.py:1956} INFO - Dependencies all met for dep_context=non-requeueable deps ti=<TaskInstance: sgfood_elt_pipeline.load_csv_to_raw scheduled__2026-10-05T03:00:00+00:00 [queued]>
[2026-10-06T23:11:56.796+0000] {taskinstance.py:1956} INFO - Dependencies all met for dep_context=requeueable deps ti=<TaskInstance: sgfood_elt_pipeline.load_csv_to_raw scheduled__2026-10-05T03:00:00+00:00 [queued]>
[2026-10-06T23:11:56.797+0000] {taskinstance.py:2170} INFO - Starting attempt 1 of 3
[2026-10-06T23:12:04.544+0000] {taskinstance.py:2191} INFO - Executing <Task(BashOperator): load_csv_to_raw> on 2026-10-05 03:00:00+00:00
[2026-10-06T23:12:04.553+0000] {standard_task_runner.py:60} INFO - Started process 296 to run task
[2026-10-06T23:12:04.559+0000] {standard_task_runner.py:87} INFO - Running: ['airflow', 'tasks', 'run', 'sgfood_elt_pipeline', 'load_csv_to_raw', 'scheduled__2026-10-05T03:00:00+00:00', '--job-id', '4', '--raw', '--subdir', 'DAGS_FOLDER/sgfood_elt_dag.py', '--cfg-path', '/tmp/tmp30u8a6dx']
[2026-10-06T23:12:04.564+0000] {standard_task_runner.py:88} INFO - Job 4: Subtask load_csv_to_raw
[2026-10-06T23:12:04.604+0000] {logging_mixin.py:188} WARNING - /home/airflow/.local/lib/python3.11/site-packages/airflow/settings.py:194 DeprecationWarning: The sql_alchemy_conn option in [core] has been moved to the sql_alchemy_conn option in [database] - the old setting has been used, but please update your config.
[2026-10-06T23:12:04.659+0000] {task_command.py:423} INFO - Running <TaskInstance: sgfood_elt_pipeline.load_csv_to_raw scheduled__2026-10-05T03:00:00+00:00 [running]> on host 678e88aa542a
[2026-10-06T23:11:56.615+0000] {taskinstance.py:2480} INFO - Exporting env vars: AIRFLOW_CTX_DAG_OWNER='sgfood_team' AIRFLOW_CTX_DAG_ID='sgfood_elt_pipeline' AIRFLOW_CTX_TASK_ID='load_csv_to_raw' AIRFLOW_CTX_EXECUTION_DATE='2026-10-05T03:00:00+00:00' AIRFLOW_CTX_TRY_NUMBER='1' AIRFLOW_CTX_DAG_RUN_ID='scheduled__2026-10-05T03:00:00+00:00'
[2026-10-06T23:11:56.619+0000] {subprocess.py:63} INFO - Tmp dir root location: /tmp
[2026-10-06T23:11:56.620+0000] {subprocess.py:75} INFO - Running command: ['/usr/bin/bash', '-c', 'python -m src.main load-csv']
[2026-10-06T23:11:56.639+0000] {subprocess.py:86} INFO - Output:
[2026-10-06T23:11:57.364+0000] {subprocess.py:93} INFO - 2026-10-06 23:11:57,363 | INFO | src.database | Conexión exitosa a PostgreSQL Data Warehouse (warehouse_db:5432/sgfood_dw)
[2026-10-06T23:11:57.381+0000] {subprocess.py:93} INFO - 2026-10-06 23:11:57,381 | INFO | src.pipeline | Schema raw y tablas disponibles
[2026-10-06T23:11:57.611+0000] {subprocess.py:93} INFO - 2026-10-06 23:11:57,610 | INFO | src.pipeline | raw.inventario_bodega: 3840 registros cargados
[2026-10-06T23:11:57.652+0000] {subprocess.py:93} INFO - 2026-10-06 23:11:57,652 | INFO | src.pipeline | raw.proveedores_precios: 103 registros cargados
[2026-10-06T23:11:57.686+0000] {subprocess.py:93} INFO - 2026-10-06 23:11:57,686 | INFO | src.pipeline | raw.promociones: 30 registros cargados
[2026-10-06T23:11:57.727+0000] {subprocess.py:93} INFO - 2026-10-06 23:11:57,727 | INFO | src.pipeline | raw.metas_ventas: 48 registros cargados
[2026-10-06T23:11:57.765+0000] {subprocess.py:93} INFO - 2026-10-06 23:11:57,765 | INFO | src.pipeline | raw.devoluciones: 80 registros cargados
[2026-10-06T23:11:57.772+0000] {subprocess.py:93} INFO - 2026-10-06 23:11:57,771 | INFO | src.pipeline | Carga CSV confirmada. batch_id=92ccd70b-5345-4c9c-b6c4-789f231a668e
[2026-10-06T23:11:57.773+0000] {subprocess.py:93} INFO - 2026-10-06 23:11:57,772 | INFO | __main__ | Comando load-csv finalizado correctamente
[2026-10-06T23:11:57.856+0000] {subprocess.py:97} INFO - Command exited with return code 0
[2026-10-06T23:11:57.895+0000] {taskinstance.py:1138} INFO - Marking task as SUCCESS. dag_id=sgfood_elt_pipeline, task_id=load_csv_to_raw, execution_date=20261005T030000, start_date=20261006T231156, end_date=20261006T231157
[2026-10-06T23:11:57.976+0000] {local_task_job_runner.py:234} INFO - Task exited with return code 0
[2026-10-06T23:11:58.012+0000] {taskinstance.py:3280} INFO - 1 downstream tasks scheduled from follow-on schedule check
