[2026-10-06T22:31:30.204+0000] {taskinstance.py:1956} INFO - Dependencies all met for dep_context=non-requeueable deps ti=<TaskInstance: sgfood_elt_pipeline.load_csv_to_raw scheduled__2026-10-05T03:00:00+00:00 [queued]>
[2026-10-06T22:31:30.213+0000] {taskinstance.py:1956} INFO - Dependencies all met for dep_context=requeueable deps ti=<TaskInstance: sgfood_elt_pipeline.load_csv_to_raw scheduled__2026-10-05T03:00:00+00:00 [queued]>
[2026-10-06T22:31:30.214+0000] {taskinstance.py:2170} INFO - Starting attempt 2 of 3
[2026-10-06T22:31:30.242+0000] {taskinstance.py:2191} INFO - Executing <Task(BashOperator): load_csv_to_raw> on 2026-10-05 03:00:00+00:00
[2026-10-06T22:31:30.249+0000] {standard_task_runner.py:60} INFO - Started process 171 to run task
[2026-10-06T22:31:30.255+0000] {standard_task_runner.py:87} INFO - Running: ['airflow', 'tasks', 'run', 'sgfood_elt_pipeline', 'load_csv_to_raw', 'scheduled__2026-10-05T03:00:00+00:00', '--job-id', '6', '--raw', '--subdir', 'DAGS_FOLDER/sgfood_elt_dag.py', '--cfg-path', '/tmp/tmpb3n8mkhj']
[2026-10-06T22:31:30.259+0000] {standard_task_runner.py:88} INFO - Job 6: Subtask load_csv_to_raw
[2026-10-06T22:31:30.294+0000] {logging_mixin.py:188} WARNING - /home/airflow/.local/lib/python3.11/site-packages/airflow/settings.py:194 DeprecationWarning: The sql_alchemy_conn option in [core] has been moved to the sql_alchemy_conn option in [database] - the old setting has been used, but please update your config.
[2026-10-06T22:31:30.344+0000] {task_command.py:423} INFO - Running <TaskInstance: sgfood_elt_pipeline.load_csv_to_raw scheduled__2026-10-05T03:00:00+00:00 [running]> on host 6620589d9eba
[2026-10-06T22:31:30.428+0000] {taskinstance.py:2480} INFO - Exporting env vars: AIRFLOW_CTX_DAG_OWNER='sgfood_team' AIRFLOW_CTX_DAG_ID='sgfood_elt_pipeline' AIRFLOW_CTX_TASK_ID='load_csv_to_raw' AIRFLOW_CTX_EXECUTION_DATE='2026-10-05T03:00:00+00:00' AIRFLOW_CTX_TRY_NUMBER='2' AIRFLOW_CTX_DAG_RUN_ID='scheduled__2026-10-05T03:00:00+00:00'
[2026-10-06T22:31:30.430+0000] {subprocess.py:63} INFO - Tmp dir root location: /tmp
[2026-10-06T22:31:30.431+0000] {subprocess.py:75} INFO - Running command: ['/usr/bin/bash', '-c', 'python -m src.main load-csv']
[2026-10-06T22:31:30.447+0000] {subprocess.py:86} INFO - Output:
[2026-10-06T22:31:30.685+0000] {subprocess.py:93} INFO - Traceback (most recent call last):
[2026-10-06T22:31:30.686+0000] {subprocess.py:93} INFO -   File "<frozen runpy>", line 198, in _run_module_as_main
[2026-10-06T22:31:30.686+0000] {subprocess.py:93} INFO -   File "<frozen runpy>", line 88, in _run_code
[2026-10-06T22:31:30.687+0000] {subprocess.py:93} INFO -   File "/opt/airflow/project/src/main.py", line 7, in <module>
[2026-10-06T22:31:30.692+0000] {subprocess.py:93} INFO -     from .pipeline import inspect_quality_cases, load_csv, load_oltp, run_all, validate_raw
[2026-10-06T22:31:30.693+0000] {subprocess.py:93} INFO -   File "/opt/airflow/project/src/pipeline.py", line 7, in <module>
[2026-10-06T22:31:30.698+0000] {subprocess.py:93} INFO -     from psycopg import Connection, sql
[2026-10-06T22:31:30.699+0000] {subprocess.py:93} INFO - ModuleNotFoundError: No module named 'psycopg'
[2026-10-06T22:31:30.716+0000] {subprocess.py:97} INFO - Command exited with return code 1
[2026-10-06T22:31:30.725+0000] {taskinstance.py:2698} ERROR - Task failed with exception
Traceback (most recent call last):
  File "/home/airflow/.local/lib/python3.11/site-packages/airflow/models/taskinstance.py", line 433, in _execute_task
    result = execute_callable(context=context, **execute_callable_kwargs)
             ^^^^^^^^^^^^^^^^^^^^^^^^^^^^^^^^^^^^^^^^^^^^^^^^^^^^^^^^^^^^
  File "/home/airflow/.local/lib/python3.11/site-packages/airflow/operators/bash.py", line 212, in execute
    raise AirflowException(
airflow.exceptions.AirflowException: Bash command failed. The command returned a non-zero exit code 1.
[2026-10-06T22:31:30.729+0000] {taskinstance.py:1138} INFO - Marking task as UP_FOR_RETRY. dag_id=sgfood_elt_pipeline, task_id=load_csv_to_raw, execution_date=20261005T030000, start_date=20261006T223130, end_date=20261006T223130
[2026-10-06T22:31:30.753+0000] {standard_task_runner.py:107} ERROR - Failed to execute job 6 for task load_csv_to_raw (Bash command failed. The command returned a non-zero exit code 1.; 171)
[2026-10-06T22:31:30.793+0000] {local_task_job_runner.py:234} INFO - Task exited with return code 1
[2026-10-06T22:31:30.817+0000] {taskinstance.py:3280} INFO - 0 downstream tasks scheduled from follow-on schedule check
[2026-10-06T22:36:13.719+0000] {taskinstance.py:1956} INFO - Dependencies all met for dep_context=non-requeueable deps ti=<TaskInstance: sgfood_elt_pipeline.load_csv_to_raw scheduled__2026-10-05T03:00:00+00:00 [queued]>
[2026-10-06T22:36:13.731+0000] {taskinstance.py:1956} INFO - Dependencies all met for dep_context=requeueable deps ti=<TaskInstance: sgfood_elt_pipeline.load_csv_to_raw scheduled__2026-10-05T03:00:00+00:00 [queued]>
[2026-10-06T22:36:13.732+0000] {taskinstance.py:2170} INFO - Starting attempt 2 of 3
[2026-10-06T22:36:13.760+0000] {taskinstance.py:2191} INFO - Executing <Task(BashOperator): load_csv_to_raw> on 2026-10-05 03:00:00+00:00
[2026-10-06T22:36:13.768+0000] {standard_task_runner.py:60} INFO - Started process 171 to run task
[2026-10-06T22:36:13.774+0000] {standard_task_runner.py:87} INFO - Running: ['airflow', 'tasks', 'run', 'sgfood_elt_pipeline', 'load_csv_to_raw', 'scheduled__2026-10-05T03:00:00+00:00', '--job-id', '6', '--raw', '--subdir', 'DAGS_FOLDER/sgfood_elt_dag.py', '--cfg-path', '/tmp/tmp7hrh6h6b']
[2026-10-06T22:36:13.777+0000] {standard_task_runner.py:88} INFO - Job 6: Subtask load_csv_to_raw
[2026-10-06T22:36:13.809+0000] {logging_mixin.py:188} WARNING - /home/airflow/.local/lib/python3.11/site-packages/airflow/settings.py:194 DeprecationWarning: The sql_alchemy_conn option in [core] has been moved to the sql_alchemy_conn option in [database] - the old setting has been used, but please update your config.
[2026-10-06T22:36:13.865+0000] {task_command.py:423} INFO - Running <TaskInstance: sgfood_elt_pipeline.load_csv_to_raw scheduled__2026-10-05T03:00:00+00:00 [running]> on host 115d6e83f016
[2026-10-06T22:36:13.949+0000] {taskinstance.py:2480} INFO - Exporting env vars: AIRFLOW_CTX_DAG_OWNER='sgfood_team' AIRFLOW_CTX_DAG_ID='sgfood_elt_pipeline' AIRFLOW_CTX_TASK_ID='load_csv_to_raw' AIRFLOW_CTX_EXECUTION_DATE='2026-10-05T03:00:00+00:00' AIRFLOW_CTX_TRY_NUMBER='2' AIRFLOW_CTX_DAG_RUN_ID='scheduled__2026-10-05T03:00:00+00:00'
[2026-10-06T22:36:13.952+0000] {subprocess.py:63} INFO - Tmp dir root location: /tmp
[2026-10-06T22:36:13.953+0000] {subprocess.py:75} INFO - Running command: ['/usr/bin/bash', '-c', 'python -m src.main load-csv']
[2026-10-06T22:36:13.969+0000] {subprocess.py:86} INFO - Output:
[2026-10-06T22:36:14.190+0000] {subprocess.py:93} INFO - Traceback (most recent call last):
[2026-10-06T22:36:14.192+0000] {subprocess.py:93} INFO -   File "<frozen runpy>", line 198, in _run_module_as_main
[2026-10-06T22:36:14.193+0000] {subprocess.py:93} INFO -   File "<frozen runpy>", line 88, in _run_code
[2026-10-06T22:36:14.193+0000] {subprocess.py:93} INFO -   File "/opt/airflow/project/src/main.py", line 7, in <module>
[2026-10-06T22:36:14.197+0000] {subprocess.py:93} INFO -     from .pipeline import inspect_quality_cases, load_csv, load_oltp, run_all, validate_raw
[2026-10-06T22:36:14.198+0000] {subprocess.py:93} INFO -   File "/opt/airflow/project/src/pipeline.py", line 7, in <module>
[2026-10-06T22:36:14.204+0000] {subprocess.py:93} INFO -     from psycopg import Connection, sql
[2026-10-06T22:36:14.205+0000] {subprocess.py:93} INFO - ModuleNotFoundError: No module named 'psycopg'
[2026-10-06T22:36:14.226+0000] {subprocess.py:97} INFO - Command exited with return code 1
[2026-10-06T22:36:14.236+0000] {taskinstance.py:2698} ERROR - Task failed with exception
Traceback (most recent call last):
  File "/home/airflow/.local/lib/python3.11/site-packages/airflow/models/taskinstance.py", line 433, in _execute_task
    result = execute_callable(context=context, **execute_callable_kwargs)
             ^^^^^^^^^^^^^^^^^^^^^^^^^^^^^^^^^^^^^^^^^^^^^^^^^^^^^^^^^^^^
  File "/home/airflow/.local/lib/python3.11/site-packages/airflow/operators/bash.py", line 212, in execute
    raise AirflowException(
airflow.exceptions.AirflowException: Bash command failed. The command returned a non-zero exit code 1.
[2026-10-06T22:36:14.242+0000] {taskinstance.py:1138} INFO - Marking task as UP_FOR_RETRY. dag_id=sgfood_elt_pipeline, task_id=load_csv_to_raw, execution_date=20261005T030000, start_date=20261006T223613, end_date=20261006T223614
[2026-10-06T22:36:14.268+0000] {standard_task_runner.py:107} ERROR - Failed to execute job 6 for task load_csv_to_raw (Bash command failed. The command returned a non-zero exit code 1.; 171)
[2026-10-06T22:36:14.299+0000] {local_task_job_runner.py:234} INFO - Task exited with return code 1
[2026-10-06T22:36:14.334+0000] {taskinstance.py:3280} INFO - 0 downstream tasks scheduled from follow-on schedule check
[2026-10-06T22:41:03.690+0000] {taskinstance.py:1956} INFO - Dependencies all met for dep_context=non-requeueable deps ti=<TaskInstance: sgfood_elt_pipeline.load_csv_to_raw scheduled__2026-10-05T03:00:00+00:00 [queued]>
[2026-10-06T22:41:03.701+0000] {taskinstance.py:1956} INFO - Dependencies all met for dep_context=requeueable deps ti=<TaskInstance: sgfood_elt_pipeline.load_csv_to_raw scheduled__2026-10-05T03:00:00+00:00 [queued]>
[2026-10-06T22:41:03.702+0000] {taskinstance.py:2170} INFO - Starting attempt 2 of 3
[2026-10-06T22:41:03.729+0000] {taskinstance.py:2191} INFO - Executing <Task(BashOperator): load_csv_to_raw> on 2026-10-05 03:00:00+00:00
[2026-10-06T22:41:03.738+0000] {standard_task_runner.py:60} INFO - Started process 174 to run task
[2026-10-06T22:41:03.744+0000] {standard_task_runner.py:87} INFO - Running: ['airflow', 'tasks', 'run', 'sgfood_elt_pipeline', 'load_csv_to_raw', 'scheduled__2026-10-05T03:00:00+00:00', '--job-id', '6', '--raw', '--subdir', 'DAGS_FOLDER/sgfood_elt_dag.py', '--cfg-path', '/tmp/tmp56t048ww']
[2026-10-06T22:41:03.746+0000] {standard_task_runner.py:88} INFO - Job 6: Subtask load_csv_to_raw
[2026-10-06T22:41:03.774+0000] {logging_mixin.py:188} WARNING - /home/airflow/.local/lib/python3.11/site-packages/airflow/settings.py:194 DeprecationWarning: The sql_alchemy_conn option in [core] has been moved to the sql_alchemy_conn option in [database] - the old setting has been used, but please update your config.
[2026-10-06T22:41:03.822+0000] {task_command.py:423} INFO - Running <TaskInstance: sgfood_elt_pipeline.load_csv_to_raw scheduled__2026-10-05T03:00:00+00:00 [running]> on host 902a2823d555
[2026-10-06T22:41:03.905+0000] {taskinstance.py:2480} INFO - Exporting env vars: AIRFLOW_CTX_DAG_OWNER='sgfood_team' AIRFLOW_CTX_DAG_ID='sgfood_elt_pipeline' AIRFLOW_CTX_TASK_ID='load_csv_to_raw' AIRFLOW_CTX_EXECUTION_DATE='2026-10-05T03:00:00+00:00' AIRFLOW_CTX_TRY_NUMBER='2' AIRFLOW_CTX_DAG_RUN_ID='scheduled__2026-10-05T03:00:00+00:00'
[2026-10-06T22:41:03.910+0000] {subprocess.py:63} INFO - Tmp dir root location: /tmp
[2026-10-06T22:41:03.911+0000] {subprocess.py:75} INFO - Running command: ['/usr/bin/bash', '-c', 'python -m src.main load-csv']
[2026-10-06T22:41:03.932+0000] {subprocess.py:86} INFO - Output:
[2026-10-06T22:41:04.212+0000] {subprocess.py:93} INFO - Traceback (most recent call last):
[2026-10-06T22:41:04.213+0000] {subprocess.py:93} INFO -   File "<frozen runpy>", line 198, in _run_module_as_main
[2026-10-06T22:41:04.214+0000] {subprocess.py:93} INFO -   File "<frozen runpy>", line 88, in _run_code
[2026-10-06T22:41:04.215+0000] {subprocess.py:93} INFO -   File "/opt/airflow/project/src/main.py", line 7, in <module>
[2026-10-06T22:41:04.218+0000] {subprocess.py:93} INFO -     from .pipeline import inspect_quality_cases, load_csv, load_oltp, run_all, validate_raw
[2026-10-06T22:41:04.219+0000] {subprocess.py:93} INFO -   File "/opt/airflow/project/src/pipeline.py", line 7, in <module>
[2026-10-06T22:41:04.224+0000] {subprocess.py:93} INFO -     from psycopg import Connection, sql
[2026-10-06T22:41:04.225+0000] {subprocess.py:93} INFO - ModuleNotFoundError: No module named 'psycopg'
[2026-10-06T22:41:04.244+0000] {subprocess.py:97} INFO - Command exited with return code 1
[2026-10-06T22:41:04.254+0000] {taskinstance.py:2698} ERROR - Task failed with exception
Traceback (most recent call last):
  File "/home/airflow/.local/lib/python3.11/site-packages/airflow/models/taskinstance.py", line 433, in _execute_task
    result = execute_callable(context=context, **execute_callable_kwargs)
             ^^^^^^^^^^^^^^^^^^^^^^^^^^^^^^^^^^^^^^^^^^^^^^^^^^^^^^^^^^^^
  File "/home/airflow/.local/lib/python3.11/site-packages/airflow/operators/bash.py", line 212, in execute
    raise AirflowException(
airflow.exceptions.AirflowException: Bash command failed. The command returned a non-zero exit code 1.
[2026-10-06T22:41:04.259+0000] {taskinstance.py:1138} INFO - Marking task as UP_FOR_RETRY. dag_id=sgfood_elt_pipeline, task_id=load_csv_to_raw, execution_date=20261005T030000, start_date=20261006T224103, end_date=20261006T224104
[2026-10-06T22:41:04.283+0000] {standard_task_runner.py:107} ERROR - Failed to execute job 6 for task load_csv_to_raw (Bash command failed. The command returned a non-zero exit code 1.; 174)
[2026-10-06T22:41:04.321+0000] {local_task_job_runner.py:234} INFO - Task exited with return code 1
[2026-10-06T22:41:04.351+0000] {taskinstance.py:3280} INFO - 0 downstream tasks scheduled from follow-on schedule check
[2026-10-06T22:50:20.324+0000] {taskinstance.py:1956} INFO - Dependencies all met for dep_context=non-requeueable deps ti=<TaskInstance: sgfood_elt_pipeline.load_csv_to_raw scheduled__2026-10-05T03:00:00+00:00 [queued]>
[2026-10-06T22:50:20.336+0000] {taskinstance.py:1956} INFO - Dependencies all met for dep_context=requeueable deps ti=<TaskInstance: sgfood_elt_pipeline.load_csv_to_raw scheduled__2026-10-05T03:00:00+00:00 [queued]>
[2026-10-06T22:50:20.337+0000] {taskinstance.py:2170} INFO - Starting attempt 2 of 3
[2026-10-06T22:50:20.365+0000] {taskinstance.py:2191} INFO - Executing <Task(BashOperator): load_csv_to_raw> on 2026-10-05 03:00:00+00:00
[2026-10-06T22:50:20.375+0000] {standard_task_runner.py:60} INFO - Started process 189 to run task
[2026-10-06T22:50:20.381+0000] {standard_task_runner.py:87} INFO - Running: ['airflow', 'tasks', 'run', 'sgfood_elt_pipeline', 'load_csv_to_raw', 'scheduled__2026-10-05T03:00:00+00:00', '--job-id', '6', '--raw', '--subdir', 'DAGS_FOLDER/sgfood_elt_dag.py', '--cfg-path', '/tmp/tmpmt9yi35o']
[2026-10-06T22:50:20.386+0000] {standard_task_runner.py:88} INFO - Job 6: Subtask load_csv_to_raw
[2026-10-06T22:50:20.423+0000] {logging_mixin.py:188} WARNING - /home/airflow/.local/lib/python3.11/site-packages/airflow/settings.py:194 DeprecationWarning: The sql_alchemy_conn option in [core] has been moved to the sql_alchemy_conn option in [database] - the old setting has been used, but please update your config.
[2026-10-06T22:50:20.476+0000] {task_command.py:423} INFO - Running <TaskInstance: sgfood_elt_pipeline.load_csv_to_raw scheduled__2026-10-05T03:00:00+00:00 [running]> on host c1ebf849af9a
[2026-10-06T22:50:20.570+0000] {taskinstance.py:2480} INFO - Exporting env vars: AIRFLOW_CTX_DAG_OWNER='sgfood_team' AIRFLOW_CTX_DAG_ID='sgfood_elt_pipeline' AIRFLOW_CTX_TASK_ID='load_csv_to_raw' AIRFLOW_CTX_EXECUTION_DATE='2026-10-05T03:00:00+00:00' AIRFLOW_CTX_TRY_NUMBER='2' AIRFLOW_CTX_DAG_RUN_ID='scheduled__2026-10-05T03:00:00+00:00'
[2026-10-06T22:50:20.575+0000] {subprocess.py:63} INFO - Tmp dir root location: /tmp
[2026-10-06T22:50:20.576+0000] {subprocess.py:75} INFO - Running command: ['/usr/bin/bash', '-c', 'python -m src.main load-csv']
[2026-10-06T22:50:20.594+0000] {subprocess.py:86} INFO - Output:
[2026-10-06T22:50:20.877+0000] {subprocess.py:93} INFO - Traceback (most recent call last):
[2026-10-06T22:50:20.878+0000] {subprocess.py:93} INFO -   File "<frozen runpy>", line 198, in _run_module_as_main
[2026-10-06T22:50:20.879+0000] {subprocess.py:93} INFO -   File "<frozen runpy>", line 88, in _run_code
[2026-10-06T22:50:20.879+0000] {subprocess.py:93} INFO -   File "/opt/airflow/project/src/main.py", line 7, in <module>
[2026-10-06T22:50:20.884+0000] {subprocess.py:93} INFO -     from .pipeline import inspect_quality_cases, load_csv, load_oltp, run_all, validate_raw
[2026-10-06T22:50:20.885+0000] {subprocess.py:93} INFO -   File "/opt/airflow/project/src/pipeline.py", line 7, in <module>
[2026-10-06T22:50:20.890+0000] {subprocess.py:93} INFO -     from psycopg import Connection, sql
[2026-10-06T22:50:20.891+0000] {subprocess.py:93} INFO - ModuleNotFoundError: No module named 'psycopg'
[2026-10-06T22:50:20.911+0000] {subprocess.py:97} INFO - Command exited with return code 1
[2026-10-06T22:50:20.922+0000] {taskinstance.py:2698} ERROR - Task failed with exception
Traceback (most recent call last):
  File "/home/airflow/.local/lib/python3.11/site-packages/airflow/models/taskinstance.py", line 433, in _execute_task
    result = execute_callable(context=context, **execute_callable_kwargs)
             ^^^^^^^^^^^^^^^^^^^^^^^^^^^^^^^^^^^^^^^^^^^^^^^^^^^^^^^^^^^^
  File "/home/airflow/.local/lib/python3.11/site-packages/airflow/operators/bash.py", line 212, in execute
    raise AirflowException(
airflow.exceptions.AirflowException: Bash command failed. The command returned a non-zero exit code 1.
[2026-10-06T22:50:20.927+0000] {taskinstance.py:1138} INFO - Marking task as UP_FOR_RETRY. dag_id=sgfood_elt_pipeline, task_id=load_csv_to_raw, execution_date=20261005T030000, start_date=20261006T225020, end_date=20261006T225020
[2026-10-06T22:50:20.949+0000] {standard_task_runner.py:107} ERROR - Failed to execute job 6 for task load_csv_to_raw (Bash command failed. The command returned a non-zero exit code 1.; 189)
[2026-10-06T22:50:20.997+0000] {local_task_job_runner.py:234} INFO - Task exited with return code 1
[2026-10-06T22:50:21.026+0000] {taskinstance.py:3280} INFO - 0 downstream tasks scheduled from follow-on schedule check
