[2026-10-06T22:32:27.250+0000] {taskinstance.py:1956} INFO - Dependencies all met for dep_context=non-requeueable deps ti=<TaskInstance: sgfood_elt_pipeline.load_csv_to_raw scheduled__2026-10-05T03:00:00+00:00 [queued]>
[2026-10-06T22:32:27.262+0000] {taskinstance.py:1956} INFO - Dependencies all met for dep_context=requeueable deps ti=<TaskInstance: sgfood_elt_pipeline.load_csv_to_raw scheduled__2026-10-05T03:00:00+00:00 [queued]>
[2026-10-06T22:32:27.263+0000] {taskinstance.py:2170} INFO - Starting attempt 3 of 3
[2026-10-06T22:32:27.292+0000] {taskinstance.py:2191} INFO - Executing <Task(BashOperator): load_csv_to_raw> on 2026-10-05 03:00:00+00:00
[2026-10-06T22:32:35.264+0000] {standard_task_runner.py:60} INFO - Started process 209 to run task
[2026-10-06T22:32:35.267+0000] {standard_task_runner.py:87} INFO - Running: ['airflow', 'tasks', 'run', 'sgfood_elt_pipeline', 'load_csv_to_raw', 'scheduled__2026-10-05T03:00:00+00:00', '--job-id', '8', '--raw', '--subdir', 'DAGS_FOLDER/sgfood_elt_dag.py', '--cfg-path', '/tmp/tmp7p42xnjp']
[2026-10-06T22:32:35.271+0000] {standard_task_runner.py:88} INFO - Job 8: Subtask load_csv_to_raw
[2026-10-06T22:32:35.303+0000] {logging_mixin.py:188} WARNING - /home/airflow/.local/lib/python3.11/site-packages/airflow/settings.py:194 DeprecationWarning: The sql_alchemy_conn option in [core] has been moved to the sql_alchemy_conn option in [database] - the old setting has been used, but please update your config.
[2026-10-06T22:32:27.286+0000] {task_command.py:423} INFO - Running <TaskInstance: sgfood_elt_pipeline.load_csv_to_raw scheduled__2026-10-05T03:00:00+00:00 [running]> on host 6620589d9eba
[2026-10-06T22:32:27.372+0000] {taskinstance.py:2480} INFO - Exporting env vars: AIRFLOW_CTX_DAG_OWNER='sgfood_team' AIRFLOW_CTX_DAG_ID='sgfood_elt_pipeline' AIRFLOW_CTX_TASK_ID='load_csv_to_raw' AIRFLOW_CTX_EXECUTION_DATE='2026-10-05T03:00:00+00:00' AIRFLOW_CTX_TRY_NUMBER='3' AIRFLOW_CTX_DAG_RUN_ID='scheduled__2026-10-05T03:00:00+00:00'
[2026-10-06T22:32:27.375+0000] {subprocess.py:63} INFO - Tmp dir root location: /tmp
[2026-10-06T22:32:27.375+0000] {subprocess.py:75} INFO - Running command: ['/usr/bin/bash', '-c', 'python -m src.main load-csv']
[2026-10-06T22:32:27.390+0000] {subprocess.py:86} INFO - Output:
[2026-10-06T22:32:27.664+0000] {subprocess.py:93} INFO - Traceback (most recent call last):
[2026-10-06T22:32:27.664+0000] {subprocess.py:93} INFO -   File "<frozen runpy>", line 198, in _run_module_as_main
[2026-10-06T22:32:27.665+0000] {subprocess.py:93} INFO -   File "<frozen runpy>", line 88, in _run_code
[2026-10-06T22:32:27.666+0000] {subprocess.py:93} INFO -   File "/opt/airflow/project/src/main.py", line 7, in <module>
[2026-10-06T22:32:27.671+0000] {subprocess.py:93} INFO -     from .pipeline import inspect_quality_cases, load_csv, load_oltp, run_all, validate_raw
[2026-10-06T22:32:27.672+0000] {subprocess.py:93} INFO -   File "/opt/airflow/project/src/pipeline.py", line 7, in <module>
[2026-10-06T22:32:27.678+0000] {subprocess.py:93} INFO -     from psycopg import Connection, sql
[2026-10-06T22:32:27.679+0000] {subprocess.py:93} INFO - ModuleNotFoundError: No module named 'psycopg'
[2026-10-06T22:32:27.700+0000] {subprocess.py:97} INFO - Command exited with return code 1
[2026-10-06T22:32:27.711+0000] {taskinstance.py:2698} ERROR - Task failed with exception
Traceback (most recent call last):
  File "/home/airflow/.local/lib/python3.11/site-packages/airflow/models/taskinstance.py", line 433, in _execute_task
    result = execute_callable(context=context, **execute_callable_kwargs)
             ^^^^^^^^^^^^^^^^^^^^^^^^^^^^^^^^^^^^^^^^^^^^^^^^^^^^^^^^^^^^
  File "/home/airflow/.local/lib/python3.11/site-packages/airflow/operators/bash.py", line 212, in execute
    raise AirflowException(
airflow.exceptions.AirflowException: Bash command failed. The command returned a non-zero exit code 1.
[2026-10-06T22:32:27.717+0000] {taskinstance.py:1138} INFO - Marking task as FAILED. dag_id=sgfood_elt_pipeline, task_id=load_csv_to_raw, execution_date=20261005T030000, start_date=20261006T223227, end_date=20261006T223227
[2026-10-06T22:32:27.737+0000] {standard_task_runner.py:107} ERROR - Failed to execute job 8 for task load_csv_to_raw (Bash command failed. The command returned a non-zero exit code 1.; 209)
[2026-10-06T22:32:27.777+0000] {local_task_job_runner.py:234} INFO - Task exited with return code 1
[2026-10-06T22:32:27.803+0000] {taskinstance.py:3280} INFO - 0 downstream tasks scheduled from follow-on schedule check
[2026-10-06T22:37:18.521+0000] {taskinstance.py:1956} INFO - Dependencies all met for dep_context=non-requeueable deps ti=<TaskInstance: sgfood_elt_pipeline.load_csv_to_raw scheduled__2026-10-05T03:00:00+00:00 [queued]>
[2026-10-06T22:37:18.542+0000] {taskinstance.py:1956} INFO - Dependencies all met for dep_context=requeueable deps ti=<TaskInstance: sgfood_elt_pipeline.load_csv_to_raw scheduled__2026-10-05T03:00:00+00:00 [queued]>
[2026-10-06T22:37:18.543+0000] {taskinstance.py:2170} INFO - Starting attempt 3 of 3
[2026-10-06T22:37:18.575+0000] {taskinstance.py:2191} INFO - Executing <Task(BashOperator): load_csv_to_raw> on 2026-10-05 03:00:00+00:00
[2026-10-06T22:37:18.587+0000] {standard_task_runner.py:60} INFO - Started process 243 to run task
[2026-10-06T22:37:18.592+0000] {standard_task_runner.py:87} INFO - Running: ['airflow', 'tasks', 'run', 'sgfood_elt_pipeline', 'load_csv_to_raw', 'scheduled__2026-10-05T03:00:00+00:00', '--job-id', '8', '--raw', '--subdir', 'DAGS_FOLDER/sgfood_elt_dag.py', '--cfg-path', '/tmp/tmpcclbc6uo']
[2026-10-06T22:37:18.597+0000] {standard_task_runner.py:88} INFO - Job 8: Subtask load_csv_to_raw
[2026-10-06T22:37:18.632+0000] {logging_mixin.py:188} WARNING - /home/airflow/.local/lib/python3.11/site-packages/airflow/settings.py:194 DeprecationWarning: The sql_alchemy_conn option in [core] has been moved to the sql_alchemy_conn option in [database] - the old setting has been used, but please update your config.
[2026-10-06T22:37:18.685+0000] {task_command.py:423} INFO - Running <TaskInstance: sgfood_elt_pipeline.load_csv_to_raw scheduled__2026-10-05T03:00:00+00:00 [running]> on host 115d6e83f016
[2026-10-06T22:37:18.784+0000] {taskinstance.py:2480} INFO - Exporting env vars: AIRFLOW_CTX_DAG_OWNER='sgfood_team' AIRFLOW_CTX_DAG_ID='sgfood_elt_pipeline' AIRFLOW_CTX_TASK_ID='load_csv_to_raw' AIRFLOW_CTX_EXECUTION_DATE='2026-10-05T03:00:00+00:00' AIRFLOW_CTX_TRY_NUMBER='3' AIRFLOW_CTX_DAG_RUN_ID='scheduled__2026-10-05T03:00:00+00:00'
[2026-10-06T22:37:18.788+0000] {subprocess.py:63} INFO - Tmp dir root location: /tmp
[2026-10-06T22:37:18.789+0000] {subprocess.py:75} INFO - Running command: ['/usr/bin/bash', '-c', 'python -m src.main load-csv']
[2026-10-06T22:37:18.808+0000] {subprocess.py:86} INFO - Output:
[2026-10-06T22:37:19.076+0000] {subprocess.py:93} INFO - Traceback (most recent call last):
[2026-10-06T22:37:19.076+0000] {subprocess.py:93} INFO -   File "<frozen runpy>", line 198, in _run_module_as_main
[2026-10-06T22:37:19.077+0000] {subprocess.py:93} INFO -   File "<frozen runpy>", line 88, in _run_code
[2026-10-06T22:37:19.078+0000] {subprocess.py:93} INFO -   File "/opt/airflow/project/src/main.py", line 7, in <module>
[2026-10-06T22:37:19.084+0000] {subprocess.py:93} INFO -     from .pipeline import inspect_quality_cases, load_csv, load_oltp, run_all, validate_raw
[2026-10-06T22:37:19.085+0000] {subprocess.py:93} INFO -   File "/opt/airflow/project/src/pipeline.py", line 7, in <module>
[2026-10-06T22:37:19.090+0000] {subprocess.py:93} INFO -     from psycopg import Connection, sql
[2026-10-06T22:37:19.091+0000] {subprocess.py:93} INFO - ModuleNotFoundError: No module named 'psycopg'
[2026-10-06T22:37:19.110+0000] {subprocess.py:97} INFO - Command exited with return code 1
[2026-10-06T22:37:19.120+0000] {taskinstance.py:2698} ERROR - Task failed with exception
Traceback (most recent call last):
  File "/home/airflow/.local/lib/python3.11/site-packages/airflow/models/taskinstance.py", line 433, in _execute_task
    result = execute_callable(context=context, **execute_callable_kwargs)
             ^^^^^^^^^^^^^^^^^^^^^^^^^^^^^^^^^^^^^^^^^^^^^^^^^^^^^^^^^^^^
  File "/home/airflow/.local/lib/python3.11/site-packages/airflow/operators/bash.py", line 212, in execute
    raise AirflowException(
airflow.exceptions.AirflowException: Bash command failed. The command returned a non-zero exit code 1.
[2026-10-06T22:37:19.125+0000] {taskinstance.py:1138} INFO - Marking task as FAILED. dag_id=sgfood_elt_pipeline, task_id=load_csv_to_raw, execution_date=20261005T030000, start_date=20261006T223718, end_date=20261006T223719
[2026-10-06T22:37:19.145+0000] {standard_task_runner.py:107} ERROR - Failed to execute job 8 for task load_csv_to_raw (Bash command failed. The command returned a non-zero exit code 1.; 243)
[2026-10-06T22:37:19.162+0000] {local_task_job_runner.py:234} INFO - Task exited with return code 1
[2026-10-06T22:37:19.190+0000] {taskinstance.py:3280} INFO - 0 downstream tasks scheduled from follow-on schedule check
[2026-10-06T22:42:09.026+0000] {taskinstance.py:1956} INFO - Dependencies all met for dep_context=non-requeueable deps ti=<TaskInstance: sgfood_elt_pipeline.load_csv_to_raw scheduled__2026-10-05T03:00:00+00:00 [queued]>
[2026-10-06T22:42:09.040+0000] {taskinstance.py:1956} INFO - Dependencies all met for dep_context=requeueable deps ti=<TaskInstance: sgfood_elt_pipeline.load_csv_to_raw scheduled__2026-10-05T03:00:00+00:00 [queued]>
[2026-10-06T22:42:09.041+0000] {taskinstance.py:2170} INFO - Starting attempt 3 of 3
[2026-10-06T22:42:09.071+0000] {taskinstance.py:2191} INFO - Executing <Task(BashOperator): load_csv_to_raw> on 2026-10-05 03:00:00+00:00
[2026-10-06T22:42:09.081+0000] {standard_task_runner.py:60} INFO - Started process 213 to run task
[2026-10-06T22:42:09.088+0000] {standard_task_runner.py:87} INFO - Running: ['airflow', 'tasks', 'run', 'sgfood_elt_pipeline', 'load_csv_to_raw', 'scheduled__2026-10-05T03:00:00+00:00', '--job-id', '8', '--raw', '--subdir', 'DAGS_FOLDER/sgfood_elt_dag.py', '--cfg-path', '/tmp/tmpyjfr2ol9']
[2026-10-06T22:42:09.093+0000] {standard_task_runner.py:88} INFO - Job 8: Subtask load_csv_to_raw
[2026-10-06T22:42:09.131+0000] {logging_mixin.py:188} WARNING - /home/airflow/.local/lib/python3.11/site-packages/airflow/settings.py:194 DeprecationWarning: The sql_alchemy_conn option in [core] has been moved to the sql_alchemy_conn option in [database] - the old setting has been used, but please update your config.
[2026-10-06T22:42:09.191+0000] {task_command.py:423} INFO - Running <TaskInstance: sgfood_elt_pipeline.load_csv_to_raw scheduled__2026-10-05T03:00:00+00:00 [running]> on host 902a2823d555
[2026-10-06T22:42:09.297+0000] {taskinstance.py:2480} INFO - Exporting env vars: AIRFLOW_CTX_DAG_OWNER='sgfood_team' AIRFLOW_CTX_DAG_ID='sgfood_elt_pipeline' AIRFLOW_CTX_TASK_ID='load_csv_to_raw' AIRFLOW_CTX_EXECUTION_DATE='2026-10-05T03:00:00+00:00' AIRFLOW_CTX_TRY_NUMBER='3' AIRFLOW_CTX_DAG_RUN_ID='scheduled__2026-10-05T03:00:00+00:00'
[2026-10-06T22:42:09.300+0000] {subprocess.py:63} INFO - Tmp dir root location: /tmp
[2026-10-06T22:42:09.301+0000] {subprocess.py:75} INFO - Running command: ['/usr/bin/bash', '-c', 'python -m src.main load-csv']
[2026-10-06T22:42:09.318+0000] {subprocess.py:86} INFO - Output:
[2026-10-06T22:42:09.584+0000] {subprocess.py:93} INFO - Traceback (most recent call last):
[2026-10-06T22:42:09.585+0000] {subprocess.py:93} INFO -   File "<frozen runpy>", line 198, in _run_module_as_main
[2026-10-06T22:42:09.586+0000] {subprocess.py:93} INFO -   File "<frozen runpy>", line 88, in _run_code
[2026-10-06T22:42:09.587+0000] {subprocess.py:93} INFO -   File "/opt/airflow/project/src/main.py", line 7, in <module>
[2026-10-06T22:42:09.591+0000] {subprocess.py:93} INFO -     from .pipeline import inspect_quality_cases, load_csv, load_oltp, run_all, validate_raw
[2026-10-06T22:42:09.592+0000] {subprocess.py:93} INFO -   File "/opt/airflow/project/src/pipeline.py", line 7, in <module>
[2026-10-06T22:42:09.598+0000] {subprocess.py:93} INFO -     from psycopg import Connection, sql
[2026-10-06T22:42:09.599+0000] {subprocess.py:93} INFO - ModuleNotFoundError: No module named 'psycopg'
[2026-10-06T22:42:09.617+0000] {subprocess.py:97} INFO - Command exited with return code 1
[2026-10-06T22:42:09.628+0000] {taskinstance.py:2698} ERROR - Task failed with exception
Traceback (most recent call last):
  File "/home/airflow/.local/lib/python3.11/site-packages/airflow/models/taskinstance.py", line 433, in _execute_task
    result = execute_callable(context=context, **execute_callable_kwargs)
             ^^^^^^^^^^^^^^^^^^^^^^^^^^^^^^^^^^^^^^^^^^^^^^^^^^^^^^^^^^^^
  File "/home/airflow/.local/lib/python3.11/site-packages/airflow/operators/bash.py", line 212, in execute
    raise AirflowException(
airflow.exceptions.AirflowException: Bash command failed. The command returned a non-zero exit code 1.
[2026-10-06T22:42:09.634+0000] {taskinstance.py:1138} INFO - Marking task as FAILED. dag_id=sgfood_elt_pipeline, task_id=load_csv_to_raw, execution_date=20261005T030000, start_date=20261006T224209, end_date=20261006T224209
[2026-10-06T22:42:09.656+0000] {standard_task_runner.py:107} ERROR - Failed to execute job 8 for task load_csv_to_raw (Bash command failed. The command returned a non-zero exit code 1.; 213)
[2026-10-06T22:42:09.704+0000] {local_task_job_runner.py:234} INFO - Task exited with return code 1
[2026-10-06T22:42:09.733+0000] {taskinstance.py:3280} INFO - 0 downstream tasks scheduled from follow-on schedule check
[2026-10-06T22:51:25.807+0000] {taskinstance.py:1956} INFO - Dependencies all met for dep_context=non-requeueable deps ti=<TaskInstance: sgfood_elt_pipeline.load_csv_to_raw scheduled__2026-10-05T03:00:00+00:00 [queued]>
[2026-10-06T22:51:25.822+0000] {taskinstance.py:1956} INFO - Dependencies all met for dep_context=requeueable deps ti=<TaskInstance: sgfood_elt_pipeline.load_csv_to_raw scheduled__2026-10-05T03:00:00+00:00 [queued]>
[2026-10-06T22:51:25.823+0000] {taskinstance.py:2170} INFO - Starting attempt 3 of 3
[2026-10-06T22:51:25.852+0000] {taskinstance.py:2191} INFO - Executing <Task(BashOperator): load_csv_to_raw> on 2026-10-05 03:00:00+00:00
[2026-10-06T22:51:25.861+0000] {standard_task_runner.py:60} INFO - Started process 227 to run task
[2026-10-06T22:51:25.867+0000] {standard_task_runner.py:87} INFO - Running: ['airflow', 'tasks', 'run', 'sgfood_elt_pipeline', 'load_csv_to_raw', 'scheduled__2026-10-05T03:00:00+00:00', '--job-id', '8', '--raw', '--subdir', 'DAGS_FOLDER/sgfood_elt_dag.py', '--cfg-path', '/tmp/tmpb_jkzx9z']
[2026-10-06T22:51:25.871+0000] {standard_task_runner.py:88} INFO - Job 8: Subtask load_csv_to_raw
[2026-10-06T22:51:25.907+0000] {logging_mixin.py:188} WARNING - /home/airflow/.local/lib/python3.11/site-packages/airflow/settings.py:194 DeprecationWarning: The sql_alchemy_conn option in [core] has been moved to the sql_alchemy_conn option in [database] - the old setting has been used, but please update your config.
[2026-10-06T22:51:25.963+0000] {task_command.py:423} INFO - Running <TaskInstance: sgfood_elt_pipeline.load_csv_to_raw scheduled__2026-10-05T03:00:00+00:00 [running]> on host c1ebf849af9a
[2026-10-06T22:51:26.059+0000] {taskinstance.py:2480} INFO - Exporting env vars: AIRFLOW_CTX_DAG_OWNER='sgfood_team' AIRFLOW_CTX_DAG_ID='sgfood_elt_pipeline' AIRFLOW_CTX_TASK_ID='load_csv_to_raw' AIRFLOW_CTX_EXECUTION_DATE='2026-10-05T03:00:00+00:00' AIRFLOW_CTX_TRY_NUMBER='3' AIRFLOW_CTX_DAG_RUN_ID='scheduled__2026-10-05T03:00:00+00:00'
[2026-10-06T22:51:26.064+0000] {subprocess.py:63} INFO - Tmp dir root location: /tmp
[2026-10-06T22:51:26.065+0000] {subprocess.py:75} INFO - Running command: ['/usr/bin/bash', '-c', 'python -m src.main load-csv']
[2026-10-06T22:51:26.082+0000] {subprocess.py:86} INFO - Output:
[2026-10-06T22:51:34.317+0000] {subprocess.py:93} INFO - Traceback (most recent call last):
[2026-10-06T22:51:34.319+0000] {subprocess.py:93} INFO -   File "<frozen runpy>", line 198, in _run_module_as_main
[2026-10-06T22:51:34.320+0000] {subprocess.py:93} INFO -   File "<frozen runpy>", line 88, in _run_code
[2026-10-06T22:51:34.321+0000] {subprocess.py:93} INFO -   File "/opt/airflow/project/src/main.py", line 7, in <module>
[2026-10-06T22:51:34.325+0000] {subprocess.py:93} INFO -     from .pipeline import inspect_quality_cases, load_csv, load_oltp, run_all, validate_raw
[2026-10-06T22:51:34.326+0000] {subprocess.py:93} INFO -   File "/opt/airflow/project/src/pipeline.py", line 7, in <module>
[2026-10-06T22:51:34.333+0000] {subprocess.py:93} INFO -     from psycopg import Connection, sql
[2026-10-06T22:51:34.335+0000] {subprocess.py:93} INFO - ModuleNotFoundError: No module named 'psycopg'
[2026-10-06T22:51:34.354+0000] {subprocess.py:97} INFO - Command exited with return code 1
[2026-10-06T22:51:34.366+0000] {taskinstance.py:2698} ERROR - Task failed with exception
Traceback (most recent call last):
  File "/home/airflow/.local/lib/python3.11/site-packages/airflow/models/taskinstance.py", line 433, in _execute_task
    result = execute_callable(context=context, **execute_callable_kwargs)
             ^^^^^^^^^^^^^^^^^^^^^^^^^^^^^^^^^^^^^^^^^^^^^^^^^^^^^^^^^^^^
  File "/home/airflow/.local/lib/python3.11/site-packages/airflow/operators/bash.py", line 212, in execute
    raise AirflowException(
airflow.exceptions.AirflowException: Bash command failed. The command returned a non-zero exit code 1.
[2026-10-06T22:51:34.372+0000] {taskinstance.py:1138} INFO - Marking task as FAILED. dag_id=sgfood_elt_pipeline, task_id=load_csv_to_raw, execution_date=20261005T030000, start_date=20261006T225125, end_date=20261006T225134
[2026-10-06T22:51:26.279+0000] {standard_task_runner.py:107} ERROR - Failed to execute job 8 for task load_csv_to_raw (Bash command failed. The command returned a non-zero exit code 1.; 227)
[2026-10-06T22:51:26.317+0000] {local_task_job_runner.py:234} INFO - Task exited with return code 1
[2026-10-06T22:51:26.347+0000] {taskinstance.py:3280} INFO - 0 downstream tasks scheduled from follow-on schedule check
