[2026-10-07T03:31:54.348+0000] {taskinstance.py:1956} INFO - Dependencies all met for dep_context=non-requeueable deps ti=<TaskInstance: sgfood_elt_pipeline.load_oltp_to_raw scheduled__2026-10-06T03:00:00+00:00 [queued]>
[2026-10-07T03:31:54.371+0000] {taskinstance.py:1956} INFO - Dependencies all met for dep_context=requeueable deps ti=<TaskInstance: sgfood_elt_pipeline.load_oltp_to_raw scheduled__2026-10-06T03:00:00+00:00 [queued]>
[2026-10-07T03:31:54.373+0000] {taskinstance.py:2170} INFO - Starting attempt 2 of 3
[2026-10-07T03:31:54.413+0000] {taskinstance.py:2191} INFO - Executing <Task(BashOperator): load_oltp_to_raw> on 2026-10-06 03:00:00+00:00
[2026-10-07T03:31:54.423+0000] {standard_task_runner.py:60} INFO - Started process 173 to run task
[2026-10-07T03:31:54.431+0000] {standard_task_runner.py:87} INFO - Running: ['airflow', 'tasks', 'run', 'sgfood_elt_pipeline', 'load_oltp_to_raw', 'scheduled__2026-10-06T03:00:00+00:00', '--job-id', '5', '--raw', '--subdir', 'DAGS_FOLDER/sgfood_elt_dag.py', '--cfg-path', '/tmp/tmpptw9e0x9']
[2026-10-07T03:31:54.434+0000] {standard_task_runner.py:88} INFO - Job 5: Subtask load_oltp_to_raw
[2026-10-07T03:31:54.471+0000] {logging_mixin.py:188} WARNING - /home/airflow/.local/lib/python3.11/site-packages/airflow/settings.py:194 DeprecationWarning: The sql_alchemy_conn option in [core] has been moved to the sql_alchemy_conn option in [database] - the old setting has been used, but please update your config.
[2026-10-07T03:31:54.546+0000] {task_command.py:423} INFO - Running <TaskInstance: sgfood_elt_pipeline.load_oltp_to_raw scheduled__2026-10-06T03:00:00+00:00 [running]> on host 12f3fa25e5e8
[2026-10-07T03:31:54.698+0000] {taskinstance.py:2480} INFO - Exporting env vars: AIRFLOW_CTX_DAG_OWNER='sgfood_team' AIRFLOW_CTX_DAG_ID='sgfood_elt_pipeline' AIRFLOW_CTX_TASK_ID='load_oltp_to_raw' AIRFLOW_CTX_EXECUTION_DATE='2026-10-06T03:00:00+00:00' AIRFLOW_CTX_TRY_NUMBER='2' AIRFLOW_CTX_DAG_RUN_ID='scheduled__2026-10-06T03:00:00+00:00'
[2026-10-07T03:31:54.702+0000] {subprocess.py:63} INFO - Tmp dir root location: /tmp
[2026-10-07T03:31:54.704+0000] {subprocess.py:75} INFO - Running command: ['/usr/bin/bash', '-c', 'python -m src.main load-oltp']
[2026-10-07T03:31:54.729+0000] {subprocess.py:86} INFO - Output:
[2026-10-07T03:31:55.235+0000] {subprocess.py:93} INFO - Traceback (most recent call last):
[2026-10-07T03:31:55.236+0000] {subprocess.py:93} INFO -   File "<frozen runpy>", line 198, in _run_module_as_main
[2026-10-07T03:31:55.238+0000] {subprocess.py:93} INFO -   File "<frozen runpy>", line 88, in _run_code
[2026-10-07T03:31:55.239+0000] {subprocess.py:93} INFO -   File "/opt/airflow/project/src/main.py", line 7, in <module>
[2026-10-07T03:31:55.245+0000] {subprocess.py:93} INFO -     from .pipeline import inspect_quality_cases, load_csv, load_oltp, run_all, validate_raw
[2026-10-07T03:31:55.246+0000] {subprocess.py:93} INFO -   File "/opt/airflow/project/src/pipeline.py", line 7, in <module>
[2026-10-07T03:31:55.254+0000] {subprocess.py:93} INFO -     from psycopg import Connection, sql
[2026-10-07T03:31:55.256+0000] {subprocess.py:93} INFO - ModuleNotFoundError: No module named 'psycopg'
[2026-10-07T03:31:55.289+0000] {subprocess.py:97} INFO - Command exited with return code 1
[2026-10-07T03:31:55.302+0000] {taskinstance.py:2698} ERROR - Task failed with exception
Traceback (most recent call last):
  File "/home/airflow/.local/lib/python3.11/site-packages/airflow/models/taskinstance.py", line 433, in _execute_task
    result = execute_callable(context=context, **execute_callable_kwargs)
             ^^^^^^^^^^^^^^^^^^^^^^^^^^^^^^^^^^^^^^^^^^^^^^^^^^^^^^^^^^^^
  File "/home/airflow/.local/lib/python3.11/site-packages/airflow/operators/bash.py", line 212, in execute
    raise AirflowException(
airflow.exceptions.AirflowException: Bash command failed. The command returned a non-zero exit code 1.
[2026-10-07T03:31:55.309+0000] {taskinstance.py:1138} INFO - Marking task as UP_FOR_RETRY. dag_id=sgfood_elt_pipeline, task_id=load_oltp_to_raw, execution_date=20261006T030000, start_date=20261007T033154, end_date=20261007T033155
[2026-10-07T03:31:55.334+0000] {standard_task_runner.py:107} ERROR - Failed to execute job 5 for task load_oltp_to_raw (Bash command failed. The command returned a non-zero exit code 1.; 173)
[2026-10-07T03:31:55.360+0000] {local_task_job_runner.py:234} INFO - Task exited with return code 1
[2026-10-07T03:31:55.397+0000] {taskinstance.py:3280} INFO - 0 downstream tasks scheduled from follow-on schedule check
[2026-10-07T03:34:48.096+0000] {taskinstance.py:1956} INFO - Dependencies all met for dep_context=non-requeueable deps ti=<TaskInstance: sgfood_elt_pipeline.load_oltp_to_raw scheduled__2026-10-06T03:00:00+00:00 [queued]>
[2026-10-07T03:34:48.110+0000] {taskinstance.py:1956} INFO - Dependencies all met for dep_context=requeueable deps ti=<TaskInstance: sgfood_elt_pipeline.load_oltp_to_raw scheduled__2026-10-06T03:00:00+00:00 [queued]>
[2026-10-07T03:34:48.111+0000] {taskinstance.py:2170} INFO - Starting attempt 2 of 3
[2026-10-07T03:34:48.141+0000] {taskinstance.py:2191} INFO - Executing <Task(BashOperator): load_oltp_to_raw> on 2026-10-06 03:00:00+00:00
[2026-10-07T03:34:48.151+0000] {standard_task_runner.py:60} INFO - Started process 169 to run task
[2026-10-07T03:34:48.157+0000] {standard_task_runner.py:87} INFO - Running: ['airflow', 'tasks', 'run', 'sgfood_elt_pipeline', 'load_oltp_to_raw', 'scheduled__2026-10-06T03:00:00+00:00', '--job-id', '5', '--raw', '--subdir', 'DAGS_FOLDER/sgfood_elt_dag.py', '--cfg-path', '/tmp/tmpxtlo9exm']
[2026-10-07T03:34:48.162+0000] {standard_task_runner.py:88} INFO - Job 5: Subtask load_oltp_to_raw
[2026-10-07T03:34:48.199+0000] {logging_mixin.py:188} WARNING - /home/airflow/.local/lib/python3.11/site-packages/airflow/settings.py:194 DeprecationWarning: The sql_alchemy_conn option in [core] has been moved to the sql_alchemy_conn option in [database] - the old setting has been used, but please update your config.
[2026-10-07T03:34:48.257+0000] {task_command.py:423} INFO - Running <TaskInstance: sgfood_elt_pipeline.load_oltp_to_raw scheduled__2026-10-06T03:00:00+00:00 [running]> on host 2c226df21f66
[2026-10-07T03:34:48.361+0000] {taskinstance.py:2480} INFO - Exporting env vars: AIRFLOW_CTX_DAG_OWNER='sgfood_team' AIRFLOW_CTX_DAG_ID='sgfood_elt_pipeline' AIRFLOW_CTX_TASK_ID='load_oltp_to_raw' AIRFLOW_CTX_EXECUTION_DATE='2026-10-06T03:00:00+00:00' AIRFLOW_CTX_TRY_NUMBER='2' AIRFLOW_CTX_DAG_RUN_ID='scheduled__2026-10-06T03:00:00+00:00'
[2026-10-07T03:34:39.397+0000] {subprocess.py:63} INFO - Tmp dir root location: /tmp
[2026-10-07T03:34:39.398+0000] {subprocess.py:75} INFO - Running command: ['/usr/bin/bash', '-c', 'python -m src.main load-oltp']
[2026-10-07T03:34:39.415+0000] {subprocess.py:86} INFO - Output:
[2026-10-07T03:34:39.754+0000] {subprocess.py:93} INFO - Traceback (most recent call last):
[2026-10-07T03:34:39.755+0000] {subprocess.py:93} INFO -   File "<frozen runpy>", line 198, in _run_module_as_main
[2026-10-07T03:34:39.756+0000] {subprocess.py:93} INFO -   File "<frozen runpy>", line 88, in _run_code
[2026-10-07T03:34:39.757+0000] {subprocess.py:93} INFO -   File "/opt/airflow/project/src/main.py", line 7, in <module>
[2026-10-07T03:34:39.762+0000] {subprocess.py:93} INFO -     from .pipeline import inspect_quality_cases, load_csv, load_oltp, run_all, validate_raw
[2026-10-07T03:34:39.763+0000] {subprocess.py:93} INFO -   File "/opt/airflow/project/src/pipeline.py", line 7, in <module>
[2026-10-07T03:34:39.767+0000] {subprocess.py:93} INFO -     from psycopg import Connection, sql
[2026-10-07T03:34:39.768+0000] {subprocess.py:93} INFO - ModuleNotFoundError: No module named 'psycopg'
[2026-10-07T03:34:39.787+0000] {subprocess.py:97} INFO - Command exited with return code 1
[2026-10-07T03:34:39.798+0000] {taskinstance.py:2698} ERROR - Task failed with exception
Traceback (most recent call last):
  File "/home/airflow/.local/lib/python3.11/site-packages/airflow/models/taskinstance.py", line 433, in _execute_task
    result = execute_callable(context=context, **execute_callable_kwargs)
             ^^^^^^^^^^^^^^^^^^^^^^^^^^^^^^^^^^^^^^^^^^^^^^^^^^^^^^^^^^^^
  File "/home/airflow/.local/lib/python3.11/site-packages/airflow/operators/bash.py", line 212, in execute
    raise AirflowException(
airflow.exceptions.AirflowException: Bash command failed. The command returned a non-zero exit code 1.
[2026-10-07T03:34:39.804+0000] {taskinstance.py:1138} INFO - Marking task as UP_FOR_RETRY. dag_id=sgfood_elt_pipeline, task_id=load_oltp_to_raw, execution_date=20261006T030000, start_date=20261007T033448, end_date=20261007T033439
[2026-10-07T03:34:39.826+0000] {standard_task_runner.py:107} ERROR - Failed to execute job 5 for task load_oltp_to_raw (Bash command failed. The command returned a non-zero exit code 1.; 169)
[2026-10-07T03:34:39.850+0000] {local_task_job_runner.py:234} INFO - Task exited with return code 1
[2026-10-07T03:34:39.881+0000] {taskinstance.py:3280} INFO - 0 downstream tasks scheduled from follow-on schedule check
[2026-10-07T17:09:11.423+0000] {taskinstance.py:1956} INFO - Dependencies all met for dep_context=non-requeueable deps ti=<TaskInstance: sgfood_elt_pipeline.load_oltp_to_raw scheduled__2026-10-06T03:00:00+00:00 [queued]>
[2026-10-07T17:09:11.453+0000] {taskinstance.py:1956} INFO - Dependencies all met for dep_context=requeueable deps ti=<TaskInstance: sgfood_elt_pipeline.load_oltp_to_raw scheduled__2026-10-06T03:00:00+00:00 [queued]>
[2026-10-07T17:09:11.454+0000] {taskinstance.py:2170} INFO - Starting attempt 2 of 4
[2026-10-07T17:09:11.499+0000] {taskinstance.py:2191} INFO - Executing <Task(BashOperator): load_oltp_to_raw> on 2026-10-06 03:00:00+00:00
[2026-10-07T17:09:11.514+0000] {standard_task_runner.py:60} INFO - Started process 346 to run task
[2026-10-07T17:09:11.523+0000] {standard_task_runner.py:87} INFO - Running: ['airflow', 'tasks', 'run', 'sgfood_elt_pipeline', 'load_oltp_to_raw', 'scheduled__2026-10-06T03:00:00+00:00', '--job-id', '8', '--raw', '--subdir', 'DAGS_FOLDER/sgfood_elt_dag.py', '--cfg-path', '/tmp/tmpu2sibloc']
[2026-10-07T17:09:11.530+0000] {standard_task_runner.py:88} INFO - Job 8: Subtask load_oltp_to_raw
[2026-10-07T17:09:11.585+0000] {logging_mixin.py:188} WARNING - /home/airflow/.local/lib/python3.11/site-packages/airflow/settings.py:194 DeprecationWarning: The sql_alchemy_conn option in [core] has been moved to the sql_alchemy_conn option in [database] - the old setting has been used, but please update your config.
[2026-10-07T17:09:11.675+0000] {task_command.py:423} INFO - Running <TaskInstance: sgfood_elt_pipeline.load_oltp_to_raw scheduled__2026-10-06T03:00:00+00:00 [running]> on host 7549efc6ec07
[2026-10-07T17:09:11.891+0000] {taskinstance.py:2480} INFO - Exporting env vars: AIRFLOW_CTX_DAG_OWNER='sgfood_team' AIRFLOW_CTX_DAG_ID='sgfood_elt_pipeline' AIRFLOW_CTX_TASK_ID='load_oltp_to_raw' AIRFLOW_CTX_EXECUTION_DATE='2026-10-06T03:00:00+00:00' AIRFLOW_CTX_TRY_NUMBER='2' AIRFLOW_CTX_DAG_RUN_ID='scheduled__2026-10-06T03:00:00+00:00'
[2026-10-07T17:09:11.897+0000] {subprocess.py:63} INFO - Tmp dir root location: /tmp
[2026-10-07T17:09:11.898+0000] {subprocess.py:75} INFO - Running command: ['/usr/bin/bash', '-c', 'python -m src.main load-oltp']
[2026-10-07T17:09:11.924+0000] {subprocess.py:86} INFO - Output:
[2026-10-07T17:09:13.076+0000] {subprocess.py:93} INFO - 2026-10-07 17:09:13,076 | INFO | src.database | Conexión exitosa a PostgreSQL transaccional (source_db:5432/sgfood_source)
[2026-10-07T17:09:13.110+0000] {subprocess.py:93} INFO - 2026-10-07 17:09:13,109 | INFO | src.database | Conexión exitosa a PostgreSQL Data Warehouse (warehouse_db:5432/sgfood_dw)
[2026-10-07T17:09:13.142+0000] {subprocess.py:93} INFO - 2026-10-07 17:09:13,141 | INFO | src.pipeline | Schema raw y tablas disponibles
[2026-10-07T17:09:13.237+0000] {subprocess.py:93} INFO - 2026-10-07 17:09:13,236 | INFO | src.pipeline | raw.sucursal: 6 registros cargados
[2026-10-07T17:09:13.242+0000] {subprocess.py:93} INFO - 2026-10-07 17:09:13,242 | INFO | src.pipeline | raw.categoria: 8 registros cargados
[2026-10-07T17:09:13.249+0000] {subprocess.py:93} INFO - 2026-10-07 17:09:13,248 | INFO | src.pipeline | raw.marca: 10 registros cargados
[2026-10-07T17:09:13.259+0000] {subprocess.py:93} INFO - 2026-10-07 17:09:13,258 | INFO | src.pipeline | raw.producto: 80 registros cargados
[2026-10-07T17:09:13.274+0000] {subprocess.py:93} INFO - 2026-10-07 17:09:13,273 | INFO | src.pipeline | raw.cliente: 250 registros cargados
[2026-10-07T17:09:13.319+0000] {subprocess.py:93} INFO - 2026-10-07 17:09:13,319 | INFO | src.pipeline | raw.venta: 1200 registros cargados
[2026-10-07T17:09:13.419+0000] {subprocess.py:93} INFO - 2026-10-07 17:09:13,418 | INFO | src.pipeline | raw.venta_detalle: 3209 registros cargados
[2026-10-07T17:09:13.444+0000] {subprocess.py:93} INFO - 2026-10-07 17:09:13,443 | INFO | src.pipeline | Carga OLTP confirmada. batch_id=4a8bf201-fd8d-4cc1-912c-d099de5ea8b4
[2026-10-07T17:09:13.445+0000] {subprocess.py:93} INFO - 2026-10-07 17:09:13,444 | INFO | __main__ | Comando load-oltp finalizado correctamente
[2026-10-07T17:09:13.574+0000] {subprocess.py:97} INFO - Command exited with return code 0
[2026-10-07T17:09:13.664+0000] {taskinstance.py:1138} INFO - Marking task as SUCCESS. dag_id=sgfood_elt_pipeline, task_id=load_oltp_to_raw, execution_date=20261006T030000, start_date=20261007T170911, end_date=20261007T170913
[2026-10-07T17:09:13.713+0000] {local_task_job_runner.py:234} INFO - Task exited with return code 0
[2026-10-07T17:09:13.753+0000] {taskinstance.py:3280} INFO - 0 downstream tasks scheduled from follow-on schedule check
