[2026-10-07T03:35:39.480+0000] {taskinstance.py:1956} INFO - Dependencies all met for dep_context=non-requeueable deps ti=<TaskInstance: sgfood_elt_pipeline.load_oltp_to_raw scheduled__2026-10-06T03:00:00+00:00 [queued]>
[2026-10-07T03:35:39.492+0000] {taskinstance.py:1956} INFO - Dependencies all met for dep_context=requeueable deps ti=<TaskInstance: sgfood_elt_pipeline.load_oltp_to_raw scheduled__2026-10-06T03:00:00+00:00 [queued]>
[2026-10-07T03:35:39.493+0000] {taskinstance.py:2170} INFO - Starting attempt 3 of 3
[2026-10-07T03:35:39.524+0000] {taskinstance.py:2191} INFO - Executing <Task(BashOperator): load_oltp_to_raw> on 2026-10-06 03:00:00+00:00
[2026-10-07T03:35:39.534+0000] {standard_task_runner.py:60} INFO - Started process 208 to run task
[2026-10-07T03:35:39.543+0000] {standard_task_runner.py:87} INFO - Running: ['airflow', 'tasks', 'run', 'sgfood_elt_pipeline', 'load_oltp_to_raw', 'scheduled__2026-10-06T03:00:00+00:00', '--job-id', '7', '--raw', '--subdir', 'DAGS_FOLDER/sgfood_elt_dag.py', '--cfg-path', '/tmp/tmpz2dj7njf']
[2026-10-07T03:35:39.548+0000] {standard_task_runner.py:88} INFO - Job 7: Subtask load_oltp_to_raw
[2026-10-07T03:35:39.588+0000] {logging_mixin.py:188} WARNING - /home/airflow/.local/lib/python3.11/site-packages/airflow/settings.py:194 DeprecationWarning: The sql_alchemy_conn option in [core] has been moved to the sql_alchemy_conn option in [database] - the old setting has been used, but please update your config.
[2026-10-07T03:35:39.645+0000] {task_command.py:423} INFO - Running <TaskInstance: sgfood_elt_pipeline.load_oltp_to_raw scheduled__2026-10-06T03:00:00+00:00 [running]> on host 2c226df21f66
[2026-10-07T03:35:48.218+0000] {taskinstance.py:2480} INFO - Exporting env vars: AIRFLOW_CTX_DAG_OWNER='sgfood_team' AIRFLOW_CTX_DAG_ID='sgfood_elt_pipeline' AIRFLOW_CTX_TASK_ID='load_oltp_to_raw' AIRFLOW_CTX_EXECUTION_DATE='2026-10-06T03:00:00+00:00' AIRFLOW_CTX_TRY_NUMBER='3' AIRFLOW_CTX_DAG_RUN_ID='scheduled__2026-10-06T03:00:00+00:00'
[2026-10-07T03:35:48.222+0000] {subprocess.py:63} INFO - Tmp dir root location: /tmp
[2026-10-07T03:35:48.223+0000] {subprocess.py:75} INFO - Running command: ['/usr/bin/bash', '-c', 'python -m src.main load-oltp']
[2026-10-07T03:35:48.243+0000] {subprocess.py:86} INFO - Output:
[2026-10-07T03:35:39.622+0000] {subprocess.py:93} INFO - Traceback (most recent call last):
[2026-10-07T03:35:39.624+0000] {subprocess.py:93} INFO -   File "<frozen runpy>", line 198, in _run_module_as_main
[2026-10-07T03:35:39.625+0000] {subprocess.py:93} INFO -   File "<frozen runpy>", line 88, in _run_code
[2026-10-07T03:35:39.626+0000] {subprocess.py:93} INFO -   File "/opt/airflow/project/src/main.py", line 7, in <module>
[2026-10-07T03:35:39.631+0000] {subprocess.py:93} INFO -     from .pipeline import inspect_quality_cases, load_csv, load_oltp, run_all, validate_raw
[2026-10-07T03:35:39.632+0000] {subprocess.py:93} INFO -   File "/opt/airflow/project/src/pipeline.py", line 7, in <module>
[2026-10-07T03:35:39.639+0000] {subprocess.py:93} INFO -     from psycopg import Connection, sql
[2026-10-07T03:35:39.640+0000] {subprocess.py:93} INFO - ModuleNotFoundError: No module named 'psycopg'
[2026-10-07T03:35:39.660+0000] {subprocess.py:97} INFO - Command exited with return code 1
[2026-10-07T03:35:39.671+0000] {taskinstance.py:2698} ERROR - Task failed with exception
Traceback (most recent call last):
  File "/home/airflow/.local/lib/python3.11/site-packages/airflow/models/taskinstance.py", line 433, in _execute_task
    result = execute_callable(context=context, **execute_callable_kwargs)
             ^^^^^^^^^^^^^^^^^^^^^^^^^^^^^^^^^^^^^^^^^^^^^^^^^^^^^^^^^^^^
  File "/home/airflow/.local/lib/python3.11/site-packages/airflow/operators/bash.py", line 212, in execute
    raise AirflowException(
airflow.exceptions.AirflowException: Bash command failed. The command returned a non-zero exit code 1.
[2026-10-07T03:35:39.677+0000] {taskinstance.py:1138} INFO - Marking task as FAILED. dag_id=sgfood_elt_pipeline, task_id=load_oltp_to_raw, execution_date=20261006T030000, start_date=20261007T033539, end_date=20261007T033539
[2026-10-07T03:35:39.699+0000] {standard_task_runner.py:107} ERROR - Failed to execute job 7 for task load_oltp_to_raw (Bash command failed. The command returned a non-zero exit code 1.; 208)
[2026-10-07T03:35:39.738+0000] {local_task_job_runner.py:234} INFO - Task exited with return code 1
[2026-10-07T03:35:39.771+0000] {taskinstance.py:3280} INFO - 0 downstream tasks scheduled from follow-on schedule check
