[2026-10-07T03:00:20.233+0000] {taskinstance.py:1956} INFO - Dependencies all met for dep_context=non-requeueable deps ti=<TaskInstance: sgfood_elt_pipeline.load_csv_to_raw scheduled__2026-10-06T03:00:00+00:00 [queued]>
[2026-10-07T03:00:20.245+0000] {taskinstance.py:1956} INFO - Dependencies all met for dep_context=requeueable deps ti=<TaskInstance: sgfood_elt_pipeline.load_csv_to_raw scheduled__2026-10-06T03:00:00+00:00 [queued]>
[2026-10-07T03:00:20.247+0000] {taskinstance.py:2170} INFO - Starting attempt 1 of 3
[2026-10-07T03:00:20.277+0000] {taskinstance.py:2191} INFO - Executing <Task(BashOperator): load_csv_to_raw> on 2026-10-06 03:00:00+00:00
[2026-10-07T03:00:20.288+0000] {standard_task_runner.py:60} INFO - Started process 923 to run task
[2026-10-07T03:00:20.295+0000] {standard_task_runner.py:87} INFO - Running: ['airflow', 'tasks', 'run', 'sgfood_elt_pipeline', 'load_csv_to_raw', 'scheduled__2026-10-06T03:00:00+00:00', '--job-id', '10', '--raw', '--subdir', 'DAGS_FOLDER/sgfood_elt_dag.py', '--cfg-path', '/tmp/tmp14m2sjzv']
[2026-10-07T03:00:20.300+0000] {standard_task_runner.py:88} INFO - Job 10: Subtask load_csv_to_raw
[2026-10-07T03:00:20.337+0000] {logging_mixin.py:188} WARNING - /home/airflow/.local/lib/python3.11/site-packages/airflow/settings.py:194 DeprecationWarning: The sql_alchemy_conn option in [core] has been moved to the sql_alchemy_conn option in [database] - the old setting has been used, but please update your config.
[2026-10-07T03:00:20.399+0000] {task_command.py:423} INFO - Running <TaskInstance: sgfood_elt_pipeline.load_csv_to_raw scheduled__2026-10-06T03:00:00+00:00 [running]> on host 678e88aa542a
[2026-10-07T03:00:20.510+0000] {taskinstance.py:2480} INFO - Exporting env vars: AIRFLOW_CTX_DAG_OWNER='sgfood_team' AIRFLOW_CTX_DAG_ID='sgfood_elt_pipeline' AIRFLOW_CTX_TASK_ID='load_csv_to_raw' AIRFLOW_CTX_EXECUTION_DATE='2026-10-06T03:00:00+00:00' AIRFLOW_CTX_TRY_NUMBER='1' AIRFLOW_CTX_DAG_RUN_ID='scheduled__2026-10-06T03:00:00+00:00'
[2026-10-07T03:00:20.514+0000] {subprocess.py:63} INFO - Tmp dir root location: /tmp
[2026-10-07T03:00:20.515+0000] {subprocess.py:75} INFO - Running command: ['/usr/bin/bash', '-c', 'python -m src.main load-csv']
[2026-10-07T03:00:20.538+0000] {subprocess.py:86} INFO - Output:
[2026-10-07T03:00:29.701+0000] {subprocess.py:93} INFO - 2026-10-07 03:00:29,700 | INFO | src.database | Conexión exitosa a PostgreSQL Data Warehouse (warehouse_db:5432/sgfood_dw)
[2026-10-07T03:00:29.729+0000] {subprocess.py:93} INFO - 2026-10-07 03:00:29,729 | INFO | src.pipeline | Schema raw y tablas disponibles
[2026-10-07T03:00:21.036+0000] {subprocess.py:93} INFO - 2026-10-07 03:00:21,035 | INFO | src.pipeline | raw.inventario_bodega: 3840 registros cargados
[2026-10-07T03:00:21.054+0000] {subprocess.py:93} INFO - 2026-10-07 03:00:21,053 | INFO | src.pipeline | raw.proveedores_precios: 103 registros cargados
[2026-10-07T03:00:21.068+0000] {subprocess.py:93} INFO - 2026-10-07 03:00:21,068 | INFO | src.pipeline | raw.promociones: 30 registros cargados
[2026-10-07T03:00:21.084+0000] {subprocess.py:93} INFO - 2026-10-07 03:00:21,083 | INFO | src.pipeline | raw.metas_ventas: 48 registros cargados
[2026-10-07T03:00:21.101+0000] {subprocess.py:93} INFO - 2026-10-07 03:00:21,100 | INFO | src.pipeline | raw.devoluciones: 80 registros cargados
[2026-10-07T03:00:21.115+0000] {subprocess.py:93} INFO - 2026-10-07 03:00:21,115 | INFO | src.pipeline | Carga CSV confirmada. batch_id=9f807299-d0e1-4170-a407-85b5fadd3566
[2026-10-07T03:00:21.116+0000] {subprocess.py:93} INFO - 2026-10-07 03:00:21,115 | INFO | __main__ | Comando load-csv finalizado correctamente
[2026-10-07T03:00:21.200+0000] {subprocess.py:97} INFO - Command exited with return code 0
[2026-10-07T03:00:21.234+0000] {taskinstance.py:1138} INFO - Marking task as SUCCESS. dag_id=sgfood_elt_pipeline, task_id=load_csv_to_raw, execution_date=20261006T030000, start_date=20261007T030020, end_date=20261007T030021
[2026-10-07T03:00:21.313+0000] {local_task_job_runner.py:234} INFO - Task exited with return code 0
[2026-10-07T03:00:21.356+0000] {taskinstance.py:3280} INFO - 1 downstream tasks scheduled from follow-on schedule check
[2026-10-07T03:30:47.989+0000] {taskinstance.py:1956} INFO - Dependencies all met for dep_context=non-requeueable deps ti=<TaskInstance: sgfood_elt_pipeline.load_csv_to_raw scheduled__2026-10-06T03:00:00+00:00 [queued]>
[2026-10-07T03:30:48.005+0000] {taskinstance.py:1956} INFO - Dependencies all met for dep_context=requeueable deps ti=<TaskInstance: sgfood_elt_pipeline.load_csv_to_raw scheduled__2026-10-06T03:00:00+00:00 [queued]>
[2026-10-07T03:30:48.007+0000] {taskinstance.py:2170} INFO - Starting attempt 1 of 3
[2026-10-07T03:30:48.044+0000] {taskinstance.py:2191} INFO - Executing <Task(BashOperator): load_csv_to_raw> on 2026-10-06 03:00:00+00:00
[2026-10-07T03:30:48.055+0000] {standard_task_runner.py:60} INFO - Started process 143 to run task
[2026-10-07T03:30:48.063+0000] {standard_task_runner.py:87} INFO - Running: ['airflow', 'tasks', 'run', 'sgfood_elt_pipeline', 'load_csv_to_raw', 'scheduled__2026-10-06T03:00:00+00:00', '--job-id', '4', '--raw', '--subdir', 'DAGS_FOLDER/sgfood_elt_dag.py', '--cfg-path', '/tmp/tmpg7zl67gr']
[2026-10-07T03:30:48.068+0000] {standard_task_runner.py:88} INFO - Job 4: Subtask load_csv_to_raw
[2026-10-07T03:30:48.115+0000] {logging_mixin.py:188} WARNING - /home/airflow/.local/lib/python3.11/site-packages/airflow/settings.py:194 DeprecationWarning: The sql_alchemy_conn option in [core] has been moved to the sql_alchemy_conn option in [database] - the old setting has been used, but please update your config.
[2026-10-07T03:30:48.186+0000] {task_command.py:423} INFO - Running <TaskInstance: sgfood_elt_pipeline.load_csv_to_raw scheduled__2026-10-06T03:00:00+00:00 [running]> on host 12f3fa25e5e8
[2026-10-07T03:30:48.304+0000] {taskinstance.py:2480} INFO - Exporting env vars: AIRFLOW_CTX_DAG_OWNER='sgfood_team' AIRFLOW_CTX_DAG_ID='sgfood_elt_pipeline' AIRFLOW_CTX_TASK_ID='load_csv_to_raw' AIRFLOW_CTX_EXECUTION_DATE='2026-10-06T03:00:00+00:00' AIRFLOW_CTX_TRY_NUMBER='1' AIRFLOW_CTX_DAG_RUN_ID='scheduled__2026-10-06T03:00:00+00:00'
[2026-10-07T03:30:48.310+0000] {subprocess.py:63} INFO - Tmp dir root location: /tmp
[2026-10-07T03:30:48.311+0000] {subprocess.py:75} INFO - Running command: ['/usr/bin/bash', '-c', 'python -m src.main load-csv']
[2026-10-07T03:30:48.333+0000] {subprocess.py:86} INFO - Output:
[2026-10-07T03:30:48.692+0000] {subprocess.py:93} INFO - Traceback (most recent call last):
[2026-10-07T03:30:48.693+0000] {subprocess.py:93} INFO -   File "<frozen runpy>", line 198, in _run_module_as_main
[2026-10-07T03:30:48.694+0000] {subprocess.py:93} INFO -   File "<frozen runpy>", line 88, in _run_code
[2026-10-07T03:30:48.695+0000] {subprocess.py:93} INFO -   File "/opt/airflow/project/src/main.py", line 7, in <module>
[2026-10-07T03:30:48.699+0000] {subprocess.py:93} INFO -     from .pipeline import inspect_quality_cases, load_csv, load_oltp, run_all, validate_raw
[2026-10-07T03:30:48.700+0000] {subprocess.py:93} INFO -   File "/opt/airflow/project/src/pipeline.py", line 7, in <module>
[2026-10-07T03:30:48.707+0000] {subprocess.py:93} INFO -     from psycopg import Connection, sql
[2026-10-07T03:30:48.708+0000] {subprocess.py:93} INFO - ModuleNotFoundError: No module named 'psycopg'
[2026-10-07T03:30:48.730+0000] {subprocess.py:97} INFO - Command exited with return code 1
[2026-10-07T03:30:48.742+0000] {taskinstance.py:2698} ERROR - Task failed with exception
Traceback (most recent call last):
  File "/home/airflow/.local/lib/python3.11/site-packages/airflow/models/taskinstance.py", line 433, in _execute_task
    result = execute_callable(context=context, **execute_callable_kwargs)
             ^^^^^^^^^^^^^^^^^^^^^^^^^^^^^^^^^^^^^^^^^^^^^^^^^^^^^^^^^^^^
  File "/home/airflow/.local/lib/python3.11/site-packages/airflow/operators/bash.py", line 212, in execute
    raise AirflowException(
airflow.exceptions.AirflowException: Bash command failed. The command returned a non-zero exit code 1.
[2026-10-07T03:30:48.748+0000] {taskinstance.py:1138} INFO - Marking task as UP_FOR_RETRY. dag_id=sgfood_elt_pipeline, task_id=load_csv_to_raw, execution_date=20261006T030000, start_date=20261007T033047, end_date=20261007T033048
[2026-10-07T03:30:48.776+0000] {standard_task_runner.py:107} ERROR - Failed to execute job 4 for task load_csv_to_raw (Bash command failed. The command returned a non-zero exit code 1.; 143)
[2026-10-07T03:30:48.823+0000] {local_task_job_runner.py:234} INFO - Task exited with return code 1
[2026-10-07T03:30:48.856+0000] {taskinstance.py:3280} INFO - 0 downstream tasks scheduled from follow-on schedule check
[2026-10-07T03:33:42.043+0000] {taskinstance.py:1956} INFO - Dependencies all met for dep_context=non-requeueable deps ti=<TaskInstance: sgfood_elt_pipeline.load_csv_to_raw scheduled__2026-10-06T03:00:00+00:00 [queued]>
[2026-10-07T03:33:42.063+0000] {taskinstance.py:1956} INFO - Dependencies all met for dep_context=requeueable deps ti=<TaskInstance: sgfood_elt_pipeline.load_csv_to_raw scheduled__2026-10-06T03:00:00+00:00 [queued]>
[2026-10-07T03:33:42.065+0000] {taskinstance.py:2170} INFO - Starting attempt 1 of 3
[2026-10-07T03:33:42.109+0000] {taskinstance.py:2191} INFO - Executing <Task(BashOperator): load_csv_to_raw> on 2026-10-06 03:00:00+00:00
[2026-10-07T03:33:42.121+0000] {standard_task_runner.py:60} INFO - Started process 143 to run task
[2026-10-07T03:33:42.128+0000] {standard_task_runner.py:87} INFO - Running: ['airflow', 'tasks', 'run', 'sgfood_elt_pipeline', 'load_csv_to_raw', 'scheduled__2026-10-06T03:00:00+00:00', '--job-id', '4', '--raw', '--subdir', 'DAGS_FOLDER/sgfood_elt_dag.py', '--cfg-path', '/tmp/tmp1ti180i1']
[2026-10-07T03:33:42.134+0000] {standard_task_runner.py:88} INFO - Job 4: Subtask load_csv_to_raw
[2026-10-07T03:33:42.183+0000] {logging_mixin.py:188} WARNING - /home/airflow/.local/lib/python3.11/site-packages/airflow/settings.py:194 DeprecationWarning: The sql_alchemy_conn option in [core] has been moved to the sql_alchemy_conn option in [database] - the old setting has been used, but please update your config.
[2026-10-07T03:33:42.251+0000] {task_command.py:423} INFO - Running <TaskInstance: sgfood_elt_pipeline.load_csv_to_raw scheduled__2026-10-06T03:00:00+00:00 [running]> on host 2c226df21f66
[2026-10-07T03:33:42.419+0000] {taskinstance.py:2480} INFO - Exporting env vars: AIRFLOW_CTX_DAG_OWNER='sgfood_team' AIRFLOW_CTX_DAG_ID='sgfood_elt_pipeline' AIRFLOW_CTX_TASK_ID='load_csv_to_raw' AIRFLOW_CTX_EXECUTION_DATE='2026-10-06T03:00:00+00:00' AIRFLOW_CTX_TRY_NUMBER='1' AIRFLOW_CTX_DAG_RUN_ID='scheduled__2026-10-06T03:00:00+00:00'
[2026-10-07T03:33:42.425+0000] {subprocess.py:63} INFO - Tmp dir root location: /tmp
[2026-10-07T03:33:42.427+0000] {subprocess.py:75} INFO - Running command: ['/usr/bin/bash', '-c', 'python -m src.main load-csv']
[2026-10-07T03:33:42.456+0000] {subprocess.py:86} INFO - Output:
[2026-10-07T03:33:42.934+0000] {subprocess.py:93} INFO - Traceback (most recent call last):
[2026-10-07T03:33:42.936+0000] {subprocess.py:93} INFO -   File "<frozen runpy>", line 198, in _run_module_as_main
[2026-10-07T03:33:42.938+0000] {subprocess.py:93} INFO -   File "<frozen runpy>", line 88, in _run_code
[2026-10-07T03:33:42.939+0000] {subprocess.py:93} INFO -   File "/opt/airflow/project/src/main.py", line 7, in <module>
[2026-10-07T03:33:42.946+0000] {subprocess.py:93} INFO -     from .pipeline import inspect_quality_cases, load_csv, load_oltp, run_all, validate_raw
[2026-10-07T03:33:42.948+0000] {subprocess.py:93} INFO -   File "/opt/airflow/project/src/pipeline.py", line 7, in <module>
[2026-10-07T03:33:42.956+0000] {subprocess.py:93} INFO -     from psycopg import Connection, sql
[2026-10-07T03:33:42.958+0000] {subprocess.py:93} INFO - ModuleNotFoundError: No module named 'psycopg'
[2026-10-07T03:33:42.986+0000] {subprocess.py:97} INFO - Command exited with return code 1
[2026-10-07T03:33:42.999+0000] {taskinstance.py:2698} ERROR - Task failed with exception
Traceback (most recent call last):
  File "/home/airflow/.local/lib/python3.11/site-packages/airflow/models/taskinstance.py", line 433, in _execute_task
    result = execute_callable(context=context, **execute_callable_kwargs)
             ^^^^^^^^^^^^^^^^^^^^^^^^^^^^^^^^^^^^^^^^^^^^^^^^^^^^^^^^^^^^
  File "/home/airflow/.local/lib/python3.11/site-packages/airflow/operators/bash.py", line 212, in execute
    raise AirflowException(
airflow.exceptions.AirflowException: Bash command failed. The command returned a non-zero exit code 1.
[2026-10-07T03:33:43.006+0000] {taskinstance.py:1138} INFO - Marking task as UP_FOR_RETRY. dag_id=sgfood_elt_pipeline, task_id=load_csv_to_raw, execution_date=20261006T030000, start_date=20261007T033342, end_date=20261007T033343
[2026-10-07T03:33:43.038+0000] {standard_task_runner.py:107} ERROR - Failed to execute job 4 for task load_csv_to_raw (Bash command failed. The command returned a non-zero exit code 1.; 143)
[2026-10-07T03:33:43.061+0000] {local_task_job_runner.py:234} INFO - Task exited with return code 1
[2026-10-07T03:33:43.096+0000] {taskinstance.py:3280} INFO - 0 downstream tasks scheduled from follow-on schedule check
[2026-10-07T03:38:29.356+0000] {taskinstance.py:1956} INFO - Dependencies all met for dep_context=non-requeueable deps ti=<TaskInstance: sgfood_elt_pipeline.load_csv_to_raw scheduled__2026-10-06T03:00:00+00:00 [queued]>
[2026-10-07T03:38:29.371+0000] {taskinstance.py:1956} INFO - Dependencies all met for dep_context=requeueable deps ti=<TaskInstance: sgfood_elt_pipeline.load_csv_to_raw scheduled__2026-10-06T03:00:00+00:00 [queued]>
[2026-10-07T03:38:29.372+0000] {taskinstance.py:2170} INFO - Starting attempt 1 of 3
[2026-10-07T03:38:29.409+0000] {taskinstance.py:2191} INFO - Executing <Task(BashOperator): load_csv_to_raw> on 2026-10-06 03:00:00+00:00
[2026-10-07T03:38:29.420+0000] {standard_task_runner.py:60} INFO - Started process 130 to run task
[2026-10-07T03:38:29.429+0000] {standard_task_runner.py:87} INFO - Running: ['airflow', 'tasks', 'run', 'sgfood_elt_pipeline', 'load_csv_to_raw', 'scheduled__2026-10-06T03:00:00+00:00', '--job-id', '3', '--raw', '--subdir', 'DAGS_FOLDER/sgfood_elt_dag.py', '--cfg-path', '/tmp/tmpgp4y7izx']
[2026-10-07T03:38:29.434+0000] {standard_task_runner.py:88} INFO - Job 3: Subtask load_csv_to_raw
[2026-10-07T03:38:29.471+0000] {logging_mixin.py:188} WARNING - /home/airflow/.local/lib/python3.11/site-packages/airflow/settings.py:194 DeprecationWarning: The sql_alchemy_conn option in [core] has been moved to the sql_alchemy_conn option in [database] - the old setting has been used, but please update your config.
[2026-10-07T03:38:29.533+0000] {task_command.py:423} INFO - Running <TaskInstance: sgfood_elt_pipeline.load_csv_to_raw scheduled__2026-10-06T03:00:00+00:00 [running]> on host e88d7227a770
[2026-10-07T03:38:29.647+0000] {taskinstance.py:2480} INFO - Exporting env vars: AIRFLOW_CTX_DAG_OWNER='sgfood_team' AIRFLOW_CTX_DAG_ID='sgfood_elt_pipeline' AIRFLOW_CTX_TASK_ID='load_csv_to_raw' AIRFLOW_CTX_EXECUTION_DATE='2026-10-06T03:00:00+00:00' AIRFLOW_CTX_TRY_NUMBER='1' AIRFLOW_CTX_DAG_RUN_ID='scheduled__2026-10-06T03:00:00+00:00'
[2026-10-07T03:38:29.653+0000] {subprocess.py:63} INFO - Tmp dir root location: /tmp
[2026-10-07T03:38:29.654+0000] {subprocess.py:75} INFO - Running command: ['/usr/bin/bash', '-c', 'python -m src.main load-csv']
[2026-10-07T03:38:29.676+0000] {subprocess.py:86} INFO - Output:
[2026-10-07T03:38:38.541+0000] {subprocess.py:93} INFO - Traceback (most recent call last):
[2026-10-07T03:38:38.542+0000] {subprocess.py:93} INFO -   File "<frozen runpy>", line 198, in _run_module_as_main
[2026-10-07T03:38:38.543+0000] {subprocess.py:93} INFO -   File "<frozen runpy>", line 88, in _run_code
[2026-10-07T03:38:38.544+0000] {subprocess.py:93} INFO -   File "/opt/airflow/project/src/main.py", line 7, in <module>
[2026-10-07T03:38:38.553+0000] {subprocess.py:93} INFO -     from .pipeline import inspect_quality_cases, load_csv, load_oltp, run_all, validate_raw
[2026-10-07T03:38:38.554+0000] {subprocess.py:93} INFO -   File "/opt/airflow/project/src/pipeline.py", line 7, in <module>
[2026-10-07T03:38:38.562+0000] {subprocess.py:93} INFO -     from psycopg import Connection, sql
[2026-10-07T03:38:38.563+0000] {subprocess.py:93} INFO - ModuleNotFoundError: No module named 'psycopg'
[2026-10-07T03:38:38.595+0000] {subprocess.py:97} INFO - Command exited with return code 1
[2026-10-07T03:38:38.607+0000] {taskinstance.py:2698} ERROR - Task failed with exception
Traceback (most recent call last):
  File "/home/airflow/.local/lib/python3.11/site-packages/airflow/models/taskinstance.py", line 433, in _execute_task
    result = execute_callable(context=context, **execute_callable_kwargs)
             ^^^^^^^^^^^^^^^^^^^^^^^^^^^^^^^^^^^^^^^^^^^^^^^^^^^^^^^^^^^^
  File "/home/airflow/.local/lib/python3.11/site-packages/airflow/operators/bash.py", line 212, in execute
    raise AirflowException(
airflow.exceptions.AirflowException: Bash command failed. The command returned a non-zero exit code 1.
[2026-10-07T03:38:38.613+0000] {taskinstance.py:1138} INFO - Marking task as UP_FOR_RETRY. dag_id=sgfood_elt_pipeline, task_id=load_csv_to_raw, execution_date=20261006T030000, start_date=20261007T033829, end_date=20261007T033838
[2026-10-07T03:38:38.638+0000] {standard_task_runner.py:107} ERROR - Failed to execute job 3 for task load_csv_to_raw (Bash command failed. The command returned a non-zero exit code 1.; 130)
[2026-10-07T03:38:38.681+0000] {local_task_job_runner.py:234} INFO - Task exited with return code 1
[2026-10-07T03:38:38.716+0000] {taskinstance.py:3280} INFO - 0 downstream tasks scheduled from follow-on schedule check
[2026-10-07T04:12:17.361+0000] {taskinstance.py:1956} INFO - Dependencies all met for dep_context=non-requeueable deps ti=<TaskInstance: sgfood_elt_pipeline.load_csv_to_raw scheduled__2026-10-06T03:00:00+00:00 [queued]>
[2026-10-07T04:12:17.374+0000] {taskinstance.py:1956} INFO - Dependencies all met for dep_context=requeueable deps ti=<TaskInstance: sgfood_elt_pipeline.load_csv_to_raw scheduled__2026-10-06T03:00:00+00:00 [queued]>
[2026-10-07T04:12:17.375+0000] {taskinstance.py:2170} INFO - Starting attempt 1 of 3
[2026-10-07T04:12:17.406+0000] {taskinstance.py:2191} INFO - Executing <Task(BashOperator): load_csv_to_raw> on 2026-10-06 03:00:00+00:00
[2026-10-07T04:12:17.416+0000] {standard_task_runner.py:60} INFO - Started process 205 to run task
[2026-10-07T04:12:17.420+0000] {standard_task_runner.py:87} INFO - Running: ['airflow', 'tasks', 'run', 'sgfood_elt_pipeline', 'load_csv_to_raw', 'scheduled__2026-10-06T03:00:00+00:00', '--job-id', '4', '--raw', '--subdir', 'DAGS_FOLDER/sgfood_elt_dag.py', '--cfg-path', '/tmp/tmp999nj2nu']
[2026-10-07T04:12:17.425+0000] {standard_task_runner.py:88} INFO - Job 4: Subtask load_csv_to_raw
[2026-10-07T04:12:17.463+0000] {logging_mixin.py:188} WARNING - /home/airflow/.local/lib/python3.11/site-packages/airflow/settings.py:194 DeprecationWarning: The sql_alchemy_conn option in [core] has been moved to the sql_alchemy_conn option in [database] - the old setting has been used, but please update your config.
[2026-10-07T04:12:17.524+0000] {task_command.py:423} INFO - Running <TaskInstance: sgfood_elt_pipeline.load_csv_to_raw scheduled__2026-10-06T03:00:00+00:00 [running]> on host 26c9da150547
[2026-10-07T04:12:17.639+0000] {taskinstance.py:2480} INFO - Exporting env vars: AIRFLOW_CTX_DAG_OWNER='sgfood_team' AIRFLOW_CTX_DAG_ID='sgfood_elt_pipeline' AIRFLOW_CTX_TASK_ID='load_csv_to_raw' AIRFLOW_CTX_EXECUTION_DATE='2026-10-06T03:00:00+00:00' AIRFLOW_CTX_TRY_NUMBER='1' AIRFLOW_CTX_DAG_RUN_ID='scheduled__2026-10-06T03:00:00+00:00'
[2026-10-07T04:12:17.643+0000] {subprocess.py:63} INFO - Tmp dir root location: /tmp
[2026-10-07T04:12:17.644+0000] {subprocess.py:75} INFO - Running command: ['/usr/bin/bash', '-c', 'python -m src.main load-csv']
[2026-10-07T04:12:17.663+0000] {subprocess.py:86} INFO - Output:
[2026-10-07T04:12:18.414+0000] {subprocess.py:93} INFO - 2026-10-07 04:12:18,414 | INFO | src.database | Conexión exitosa a PostgreSQL Data Warehouse (warehouse_db:5432/sgfood_dw)
[2026-10-07T04:12:18.432+0000] {subprocess.py:93} INFO - 2026-10-07 04:12:18,432 | INFO | src.pipeline | Schema raw y tablas disponibles
[2026-10-07T04:12:18.620+0000] {subprocess.py:93} INFO - 2026-10-07 04:12:18,620 | INFO | src.pipeline | raw.inventario_bodega: 3840 registros cargados
[2026-10-07T04:12:18.640+0000] {subprocess.py:93} INFO - 2026-10-07 04:12:18,639 | INFO | src.pipeline | raw.proveedores_precios: 103 registros cargados
[2026-10-07T04:12:18.656+0000] {subprocess.py:93} INFO - 2026-10-07 04:12:18,656 | INFO | src.pipeline | raw.promociones: 30 registros cargados
[2026-10-07T04:12:18.673+0000] {subprocess.py:93} INFO - 2026-10-07 04:12:18,672 | INFO | src.pipeline | raw.metas_ventas: 48 registros cargados
[2026-10-07T04:12:18.690+0000] {subprocess.py:93} INFO - 2026-10-07 04:12:18,689 | INFO | src.pipeline | raw.devoluciones: 80 registros cargados
[2026-10-07T04:12:18.694+0000] {subprocess.py:93} INFO - 2026-10-07 04:12:18,694 | INFO | src.pipeline | Carga CSV confirmada. batch_id=773a3681-37c7-422b-9a02-a771d320a3b5
[2026-10-07T04:12:18.695+0000] {subprocess.py:93} INFO - 2026-10-07 04:12:18,695 | INFO | __main__ | Comando load-csv finalizado correctamente
[2026-10-07T04:12:27.276+0000] {subprocess.py:97} INFO - Command exited with return code 0
[2026-10-07T04:12:27.312+0000] {taskinstance.py:1138} INFO - Marking task as SUCCESS. dag_id=sgfood_elt_pipeline, task_id=load_csv_to_raw, execution_date=20261006T030000, start_date=20261007T041217, end_date=20261007T041227
[2026-10-07T04:12:27.350+0000] {local_task_job_runner.py:234} INFO - Task exited with return code 0
[2026-10-07T04:12:27.383+0000] {taskinstance.py:3280} INFO - 1 downstream tasks scheduled from follow-on schedule check
[2026-10-07T04:26:57.610+0000] {taskinstance.py:1956} INFO - Dependencies all met for dep_context=non-requeueable deps ti=<TaskInstance: sgfood_elt_pipeline.load_csv_to_raw scheduled__2026-10-06T03:00:00+00:00 [queued]>
[2026-10-07T04:26:57.622+0000] {taskinstance.py:1956} INFO - Dependencies all met for dep_context=requeueable deps ti=<TaskInstance: sgfood_elt_pipeline.load_csv_to_raw scheduled__2026-10-06T03:00:00+00:00 [queued]>
[2026-10-07T04:26:57.623+0000] {taskinstance.py:2170} INFO - Starting attempt 1 of 3
[2026-10-07T04:26:57.654+0000] {taskinstance.py:2191} INFO - Executing <Task(BashOperator): load_csv_to_raw> on 2026-10-06 03:00:00+00:00
[2026-10-07T04:26:57.664+0000] {standard_task_runner.py:60} INFO - Started process 192 to run task
[2026-10-07T04:26:57.670+0000] {standard_task_runner.py:87} INFO - Running: ['airflow', 'tasks', 'run', 'sgfood_elt_pipeline', 'load_csv_to_raw', 'scheduled__2026-10-06T03:00:00+00:00', '--job-id', '4', '--raw', '--subdir', 'DAGS_FOLDER/sgfood_elt_dag.py', '--cfg-path', '/tmp/tmpd8veldbp']
[2026-10-07T04:26:57.676+0000] {standard_task_runner.py:88} INFO - Job 4: Subtask load_csv_to_raw
[2026-10-07T04:26:57.715+0000] {logging_mixin.py:188} WARNING - /home/airflow/.local/lib/python3.11/site-packages/airflow/settings.py:194 DeprecationWarning: The sql_alchemy_conn option in [core] has been moved to the sql_alchemy_conn option in [database] - the old setting has been used, but please update your config.
[2026-10-07T04:26:57.777+0000] {task_command.py:423} INFO - Running <TaskInstance: sgfood_elt_pipeline.load_csv_to_raw scheduled__2026-10-06T03:00:00+00:00 [running]> on host 41d714b9e1fd
[2026-10-07T04:26:57.895+0000] {taskinstance.py:2480} INFO - Exporting env vars: AIRFLOW_CTX_DAG_OWNER='sgfood_team' AIRFLOW_CTX_DAG_ID='sgfood_elt_pipeline' AIRFLOW_CTX_TASK_ID='load_csv_to_raw' AIRFLOW_CTX_EXECUTION_DATE='2026-10-06T03:00:00+00:00' AIRFLOW_CTX_TRY_NUMBER='1' AIRFLOW_CTX_DAG_RUN_ID='scheduled__2026-10-06T03:00:00+00:00'
[2026-10-07T04:26:57.900+0000] {subprocess.py:63} INFO - Tmp dir root location: /tmp
[2026-10-07T04:26:57.901+0000] {subprocess.py:75} INFO - Running command: ['/usr/bin/bash', '-c', 'python -m src.main load-csv']
[2026-10-07T04:26:57.921+0000] {subprocess.py:86} INFO - Output:
[2026-10-07T04:26:58.618+0000] {subprocess.py:93} INFO - 2026-10-07 04:26:58,617 | INFO | src.database | Conexión exitosa a PostgreSQL Data Warehouse (warehouse_db:5432/sgfood_dw)
[2026-10-07T04:26:58.636+0000] {subprocess.py:93} INFO - 2026-10-07 04:26:58,636 | INFO | src.pipeline | Schema raw y tablas disponibles
[2026-10-07T04:26:58.840+0000] {subprocess.py:93} INFO - 2026-10-07 04:26:58,840 | INFO | src.pipeline | raw.inventario_bodega: 3840 registros cargados
[2026-10-07T04:26:58.881+0000] {subprocess.py:93} INFO - 2026-10-07 04:26:58,881 | INFO | src.pipeline | raw.proveedores_precios: 103 registros cargados
[2026-10-07T04:26:58.918+0000] {subprocess.py:93} INFO - 2026-10-07 04:26:58,918 | INFO | src.pipeline | raw.promociones: 30 registros cargados
[2026-10-07T04:26:58.955+0000] {subprocess.py:93} INFO - 2026-10-07 04:26:58,955 | INFO | src.pipeline | raw.metas_ventas: 48 registros cargados
[2026-10-07T04:26:58.994+0000] {subprocess.py:93} INFO - 2026-10-07 04:26:58,994 | INFO | src.pipeline | raw.devoluciones: 80 registros cargados
[2026-10-07T04:26:59.000+0000] {subprocess.py:93} INFO - 2026-10-07 04:26:58,999 | INFO | src.pipeline | Carga CSV confirmada. batch_id=f476444b-45fe-43cd-a2e8-157c7dbcc896
[2026-10-07T04:26:59.001+0000] {subprocess.py:93} INFO - 2026-10-07 04:26:59,000 | INFO | __main__ | Comando load-csv finalizado correctamente
[2026-10-07T04:26:59.076+0000] {subprocess.py:97} INFO - Command exited with return code 0
[2026-10-07T04:26:59.108+0000] {taskinstance.py:1138} INFO - Marking task as SUCCESS. dag_id=sgfood_elt_pipeline, task_id=load_csv_to_raw, execution_date=20261006T030000, start_date=20261007T042657, end_date=20261007T042659
[2026-10-07T04:26:59.152+0000] {local_task_job_runner.py:234} INFO - Task exited with return code 0
[2026-10-07T04:26:59.191+0000] {taskinstance.py:3280} INFO - 1 downstream tasks scheduled from follow-on schedule check
[2026-10-07T04:34:21.412+0000] {taskinstance.py:1956} INFO - Dependencies all met for dep_context=non-requeueable deps ti=<TaskInstance: sgfood_elt_pipeline.load_csv_to_raw scheduled__2026-10-06T03:00:00+00:00 [queued]>
[2026-10-07T04:34:21.426+0000] {taskinstance.py:1956} INFO - Dependencies all met for dep_context=requeueable deps ti=<TaskInstance: sgfood_elt_pipeline.load_csv_to_raw scheduled__2026-10-06T03:00:00+00:00 [queued]>
[2026-10-07T04:34:21.427+0000] {taskinstance.py:2170} INFO - Starting attempt 1 of 3
[2026-10-07T04:34:21.462+0000] {taskinstance.py:2191} INFO - Executing <Task(BashOperator): load_csv_to_raw> on 2026-10-06 03:00:00+00:00
[2026-10-07T04:34:21.472+0000] {standard_task_runner.py:60} INFO - Started process 192 to run task
[2026-10-07T04:34:21.477+0000] {standard_task_runner.py:87} INFO - Running: ['airflow', 'tasks', 'run', 'sgfood_elt_pipeline', 'load_csv_to_raw', 'scheduled__2026-10-06T03:00:00+00:00', '--job-id', '4', '--raw', '--subdir', 'DAGS_FOLDER/sgfood_elt_dag.py', '--cfg-path', '/tmp/tmpqy62bohr']
[2026-10-07T04:34:21.483+0000] {standard_task_runner.py:88} INFO - Job 4: Subtask load_csv_to_raw
[2026-10-07T04:34:21.525+0000] {logging_mixin.py:188} WARNING - /home/airflow/.local/lib/python3.11/site-packages/airflow/settings.py:194 DeprecationWarning: The sql_alchemy_conn option in [core] has been moved to the sql_alchemy_conn option in [database] - the old setting has been used, but please update your config.
[2026-10-07T04:34:21.590+0000] {task_command.py:423} INFO - Running <TaskInstance: sgfood_elt_pipeline.load_csv_to_raw scheduled__2026-10-06T03:00:00+00:00 [running]> on host 2ffd52718d32
[2026-10-07T04:34:21.733+0000] {taskinstance.py:2480} INFO - Exporting env vars: AIRFLOW_CTX_DAG_OWNER='sgfood_team' AIRFLOW_CTX_DAG_ID='sgfood_elt_pipeline' AIRFLOW_CTX_TASK_ID='load_csv_to_raw' AIRFLOW_CTX_EXECUTION_DATE='2026-10-06T03:00:00+00:00' AIRFLOW_CTX_TRY_NUMBER='1' AIRFLOW_CTX_DAG_RUN_ID='scheduled__2026-10-06T03:00:00+00:00'
[2026-10-07T04:34:21.738+0000] {subprocess.py:63} INFO - Tmp dir root location: /tmp
[2026-10-07T04:34:21.739+0000] {subprocess.py:75} INFO - Running command: ['/usr/bin/bash', '-c', 'python -m src.main load-csv']
[2026-10-07T04:34:21.758+0000] {subprocess.py:86} INFO - Output:
[2026-10-07T04:34:22.667+0000] {subprocess.py:93} INFO - 2026-10-07 04:34:22,666 | INFO | src.database | Conexión exitosa a PostgreSQL Data Warehouse (warehouse_db:5432/sgfood_dw)
[2026-10-07T04:34:22.690+0000] {subprocess.py:93} INFO - 2026-10-07 04:34:22,689 | INFO | src.pipeline | Schema raw y tablas disponibles
[2026-10-07T04:34:22.878+0000] {subprocess.py:93} INFO - 2026-10-07 04:34:22,877 | INFO | src.pipeline | raw.inventario_bodega: 3840 registros cargados
[2026-10-07T04:34:22.894+0000] {subprocess.py:93} INFO - 2026-10-07 04:34:22,894 | INFO | src.pipeline | raw.proveedores_precios: 103 registros cargados
[2026-10-07T04:34:22.908+0000] {subprocess.py:93} INFO - 2026-10-07 04:34:22,908 | INFO | src.pipeline | raw.promociones: 30 registros cargados
[2026-10-07T04:34:22.923+0000] {subprocess.py:93} INFO - 2026-10-07 04:34:22,922 | INFO | src.pipeline | raw.metas_ventas: 48 registros cargados
[2026-10-07T04:34:22.939+0000] {subprocess.py:93} INFO - 2026-10-07 04:34:22,938 | INFO | src.pipeline | raw.devoluciones: 80 registros cargados
[2026-10-07T04:34:22.945+0000] {subprocess.py:93} INFO - 2026-10-07 04:34:22,945 | INFO | src.pipeline | Carga CSV confirmada. batch_id=9a846164-0bc3-434a-8b59-6b3a5e02a403
[2026-10-07T04:34:22.947+0000] {subprocess.py:93} INFO - 2026-10-07 04:34:22,946 | INFO | __main__ | Comando load-csv finalizado correctamente
[2026-10-07T04:34:23.033+0000] {subprocess.py:97} INFO - Command exited with return code 0
[2026-10-07T04:34:23.067+0000] {taskinstance.py:1138} INFO - Marking task as SUCCESS. dag_id=sgfood_elt_pipeline, task_id=load_csv_to_raw, execution_date=20261006T030000, start_date=20261007T043421, end_date=20261007T043423
[2026-10-07T04:34:23.120+0000] {local_task_job_runner.py:234} INFO - Task exited with return code 0
[2026-10-07T04:34:23.156+0000] {taskinstance.py:3280} INFO - 1 downstream tasks scheduled from follow-on schedule check
[2026-10-07T16:53:24.939+0000] {taskinstance.py:1956} INFO - Dependencies all met for dep_context=non-requeueable deps ti=<TaskInstance: sgfood_elt_pipeline.load_csv_to_raw scheduled__2026-10-06T03:00:00+00:00 [queued]>
[2026-10-07T16:53:24.962+0000] {taskinstance.py:1956} INFO - Dependencies all met for dep_context=requeueable deps ti=<TaskInstance: sgfood_elt_pipeline.load_csv_to_raw scheduled__2026-10-06T03:00:00+00:00 [queued]>
[2026-10-07T16:53:24.963+0000] {taskinstance.py:2170} INFO - Starting attempt 1 of 3
[2026-10-07T16:53:25.004+0000] {taskinstance.py:2191} INFO - Executing <Task(BashOperator): load_csv_to_raw> on 2026-10-06 03:00:00+00:00
[2026-10-07T16:53:25.017+0000] {standard_task_runner.py:60} INFO - Started process 192 to run task
[2026-10-07T16:53:25.026+0000] {standard_task_runner.py:87} INFO - Running: ['airflow', 'tasks', 'run', 'sgfood_elt_pipeline', 'load_csv_to_raw', 'scheduled__2026-10-06T03:00:00+00:00', '--job-id', '4', '--raw', '--subdir', 'DAGS_FOLDER/sgfood_elt_dag.py', '--cfg-path', '/tmp/tmp1wkjvtyb']
[2026-10-07T16:53:25.034+0000] {standard_task_runner.py:88} INFO - Job 4: Subtask load_csv_to_raw
[2026-10-07T16:53:25.086+0000] {logging_mixin.py:188} WARNING - /home/airflow/.local/lib/python3.11/site-packages/airflow/settings.py:194 DeprecationWarning: The sql_alchemy_conn option in [core] has been moved to the sql_alchemy_conn option in [database] - the old setting has been used, but please update your config.
[2026-10-07T16:53:25.163+0000] {task_command.py:423} INFO - Running <TaskInstance: sgfood_elt_pipeline.load_csv_to_raw scheduled__2026-10-06T03:00:00+00:00 [running]> on host 7549efc6ec07
[2026-10-07T16:53:25.326+0000] {taskinstance.py:2480} INFO - Exporting env vars: AIRFLOW_CTX_DAG_OWNER='sgfood_team' AIRFLOW_CTX_DAG_ID='sgfood_elt_pipeline' AIRFLOW_CTX_TASK_ID='load_csv_to_raw' AIRFLOW_CTX_EXECUTION_DATE='2026-10-06T03:00:00+00:00' AIRFLOW_CTX_TRY_NUMBER='1' AIRFLOW_CTX_DAG_RUN_ID='scheduled__2026-10-06T03:00:00+00:00'
[2026-10-07T16:53:25.333+0000] {subprocess.py:63} INFO - Tmp dir root location: /tmp
[2026-10-07T16:53:25.334+0000] {subprocess.py:75} INFO - Running command: ['/usr/bin/bash', '-c', 'python -m src.main load-csv']
[2026-10-07T16:53:25.359+0000] {subprocess.py:86} INFO - Output:
[2026-10-07T16:53:23.954+0000] {subprocess.py:93} INFO - 2026-10-07 16:53:23,953 | INFO | src.database | Conexión exitosa a PostgreSQL Data Warehouse (warehouse_db:5432/sgfood_dw)
[2026-10-07T16:53:23.974+0000] {subprocess.py:93} INFO - 2026-10-07 16:53:23,974 | INFO | src.pipeline | Schema raw y tablas disponibles
[2026-10-07T16:53:24.258+0000] {subprocess.py:93} INFO - 2026-10-07 16:53:24,257 | INFO | src.pipeline | raw.inventario_bodega: 3840 registros cargados
[2026-10-07T16:53:24.311+0000] {subprocess.py:93} INFO - 2026-10-07 16:53:24,310 | INFO | src.pipeline | raw.proveedores_precios: 103 registros cargados
[2026-10-07T16:53:24.362+0000] {subprocess.py:93} INFO - 2026-10-07 16:53:24,362 | INFO | src.pipeline | raw.promociones: 30 registros cargados
[2026-10-07T16:53:24.411+0000] {subprocess.py:93} INFO - 2026-10-07 16:53:24,411 | INFO | src.pipeline | raw.metas_ventas: 48 registros cargados
[2026-10-07T16:53:24.434+0000] {subprocess.py:93} INFO - 2026-10-07 16:53:24,433 | INFO | src.pipeline | raw.devoluciones: 80 registros cargados
[2026-10-07T16:53:24.441+0000] {subprocess.py:93} INFO - 2026-10-07 16:53:24,440 | INFO | src.pipeline | Carga CSV confirmada. batch_id=ad000f0f-087e-42d5-a88e-5088377a2b65
[2026-10-07T16:53:24.442+0000] {subprocess.py:93} INFO - 2026-10-07 16:53:24,441 | INFO | __main__ | Comando load-csv finalizado correctamente
[2026-10-07T16:53:24.552+0000] {subprocess.py:97} INFO - Command exited with return code 0
[2026-10-07T16:53:24.603+0000] {taskinstance.py:1138} INFO - Marking task as SUCCESS. dag_id=sgfood_elt_pipeline, task_id=load_csv_to_raw, execution_date=20261006T030000, start_date=20261007T165324, end_date=20261007T165324
[2026-10-07T16:53:24.675+0000] {local_task_job_runner.py:234} INFO - Task exited with return code 0
[2026-10-07T16:53:24.725+0000] {taskinstance.py:3280} INFO - 1 downstream tasks scheduled from follow-on schedule check
