[2026-10-07T03:32:01.703+0000] {taskinstance.py:1956} INFO - Dependencies all met for dep_context=non-requeueable deps ti=<TaskInstance: sgfood_elt_pipeline.load_csv_to_raw scheduled__2026-10-06T03:00:00+00:00 [queued]>
[2026-10-07T03:32:01.714+0000] {taskinstance.py:1956} INFO - Dependencies all met for dep_context=requeueable deps ti=<TaskInstance: sgfood_elt_pipeline.load_csv_to_raw scheduled__2026-10-06T03:00:00+00:00 [queued]>
[2026-10-07T03:32:01.716+0000] {taskinstance.py:2170} INFO - Starting attempt 2 of 3
[2026-10-07T03:32:01.744+0000] {taskinstance.py:2191} INFO - Executing <Task(BashOperator): load_csv_to_raw> on 2026-10-06 03:00:00+00:00
[2026-10-07T03:32:01.754+0000] {standard_task_runner.py:60} INFO - Started process 191 to run task
[2026-10-07T03:32:01.760+0000] {standard_task_runner.py:87} INFO - Running: ['airflow', 'tasks', 'run', 'sgfood_elt_pipeline', 'load_csv_to_raw', 'scheduled__2026-10-06T03:00:00+00:00', '--job-id', '6', '--raw', '--subdir', 'DAGS_FOLDER/sgfood_elt_dag.py', '--cfg-path', '/tmp/tmp5nn9gekd']
[2026-10-07T03:32:01.765+0000] {standard_task_runner.py:88} INFO - Job 6: Subtask load_csv_to_raw
[2026-10-07T03:32:01.815+0000] {logging_mixin.py:188} WARNING - /home/airflow/.local/lib/python3.11/site-packages/airflow/settings.py:194 DeprecationWarning: The sql_alchemy_conn option in [core] has been moved to the sql_alchemy_conn option in [database] - the old setting has been used, but please update your config.
[2026-10-07T03:32:01.899+0000] {task_command.py:423} INFO - Running <TaskInstance: sgfood_elt_pipeline.load_csv_to_raw scheduled__2026-10-06T03:00:00+00:00 [running]> on host 12f3fa25e5e8
[2026-10-07T03:32:02.050+0000] {taskinstance.py:2480} INFO - Exporting env vars: AIRFLOW_CTX_DAG_OWNER='sgfood_team' AIRFLOW_CTX_DAG_ID='sgfood_elt_pipeline' AIRFLOW_CTX_TASK_ID='load_csv_to_raw' AIRFLOW_CTX_EXECUTION_DATE='2026-10-06T03:00:00+00:00' AIRFLOW_CTX_TRY_NUMBER='2' AIRFLOW_CTX_DAG_RUN_ID='scheduled__2026-10-06T03:00:00+00:00'
[2026-10-07T03:32:02.055+0000] {subprocess.py:63} INFO - Tmp dir root location: /tmp
[2026-10-07T03:32:02.056+0000] {subprocess.py:75} INFO - Running command: ['/usr/bin/bash', '-c', 'python -m src.main load-csv']
[2026-10-07T03:32:02.081+0000] {subprocess.py:86} INFO - Output:
[2026-10-07T03:32:02.427+0000] {subprocess.py:93} INFO - Traceback (most recent call last):
[2026-10-07T03:32:02.429+0000] {subprocess.py:93} INFO -   File "<frozen runpy>", line 198, in _run_module_as_main
[2026-10-07T03:32:02.430+0000] {subprocess.py:93} INFO -   File "<frozen runpy>", line 88, in _run_code
[2026-10-07T03:32:02.432+0000] {subprocess.py:93} INFO -   File "/opt/airflow/project/src/main.py", line 7, in <module>
[2026-10-07T03:32:02.437+0000] {subprocess.py:93} INFO -     from .pipeline import inspect_quality_cases, load_csv, load_oltp, run_all, validate_raw
[2026-10-07T03:32:02.438+0000] {subprocess.py:93} INFO -   File "/opt/airflow/project/src/pipeline.py", line 7, in <module>
[2026-10-07T03:32:02.444+0000] {subprocess.py:93} INFO -     from psycopg import Connection, sql
[2026-10-07T03:32:02.445+0000] {subprocess.py:93} INFO - ModuleNotFoundError: No module named 'psycopg'
[2026-10-07T03:32:02.463+0000] {subprocess.py:97} INFO - Command exited with return code 1
[2026-10-07T03:32:02.474+0000] {taskinstance.py:2698} ERROR - Task failed with exception
Traceback (most recent call last):
  File "/home/airflow/.local/lib/python3.11/site-packages/airflow/models/taskinstance.py", line 433, in _execute_task
    result = execute_callable(context=context, **execute_callable_kwargs)
             ^^^^^^^^^^^^^^^^^^^^^^^^^^^^^^^^^^^^^^^^^^^^^^^^^^^^^^^^^^^^
  File "/home/airflow/.local/lib/python3.11/site-packages/airflow/operators/bash.py", line 212, in execute
    raise AirflowException(
airflow.exceptions.AirflowException: Bash command failed. The command returned a non-zero exit code 1.
[2026-10-07T03:32:02.482+0000] {taskinstance.py:1138} INFO - Marking task as UP_FOR_RETRY. dag_id=sgfood_elt_pipeline, task_id=load_csv_to_raw, execution_date=20261006T030000, start_date=20261007T033201, end_date=20261007T033202
[2026-10-07T03:32:02.509+0000] {standard_task_runner.py:107} ERROR - Failed to execute job 6 for task load_csv_to_raw (Bash command failed. The command returned a non-zero exit code 1.; 191)
[2026-10-07T03:32:02.562+0000] {local_task_job_runner.py:234} INFO - Task exited with return code 1
[2026-10-07T03:32:02.598+0000] {taskinstance.py:3280} INFO - 0 downstream tasks scheduled from follow-on schedule check
[2026-10-07T03:34:45.530+0000] {taskinstance.py:1956} INFO - Dependencies all met for dep_context=non-requeueable deps ti=<TaskInstance: sgfood_elt_pipeline.load_csv_to_raw scheduled__2026-10-06T03:00:00+00:00 [queued]>
[2026-10-07T03:34:45.542+0000] {taskinstance.py:1956} INFO - Dependencies all met for dep_context=requeueable deps ti=<TaskInstance: sgfood_elt_pipeline.load_csv_to_raw scheduled__2026-10-06T03:00:00+00:00 [queued]>
[2026-10-07T03:34:45.543+0000] {taskinstance.py:2170} INFO - Starting attempt 2 of 3
[2026-10-07T03:34:45.572+0000] {taskinstance.py:2191} INFO - Executing <Task(BashOperator): load_csv_to_raw> on 2026-10-06 03:00:00+00:00
[2026-10-07T03:34:45.581+0000] {standard_task_runner.py:60} INFO - Started process 187 to run task
[2026-10-07T03:34:45.585+0000] {standard_task_runner.py:87} INFO - Running: ['airflow', 'tasks', 'run', 'sgfood_elt_pipeline', 'load_csv_to_raw', 'scheduled__2026-10-06T03:00:00+00:00', '--job-id', '6', '--raw', '--subdir', 'DAGS_FOLDER/sgfood_elt_dag.py', '--cfg-path', '/tmp/tmpo2mkiics']
[2026-10-07T03:34:45.589+0000] {standard_task_runner.py:88} INFO - Job 6: Subtask load_csv_to_raw
[2026-10-07T03:34:45.622+0000] {logging_mixin.py:188} WARNING - /home/airflow/.local/lib/python3.11/site-packages/airflow/settings.py:194 DeprecationWarning: The sql_alchemy_conn option in [core] has been moved to the sql_alchemy_conn option in [database] - the old setting has been used, but please update your config.
[2026-10-07T03:34:45.679+0000] {task_command.py:423} INFO - Running <TaskInstance: sgfood_elt_pipeline.load_csv_to_raw scheduled__2026-10-06T03:00:00+00:00 [running]> on host 2c226df21f66
[2026-10-07T03:34:45.787+0000] {taskinstance.py:2480} INFO - Exporting env vars: AIRFLOW_CTX_DAG_OWNER='sgfood_team' AIRFLOW_CTX_DAG_ID='sgfood_elt_pipeline' AIRFLOW_CTX_TASK_ID='load_csv_to_raw' AIRFLOW_CTX_EXECUTION_DATE='2026-10-06T03:00:00+00:00' AIRFLOW_CTX_TRY_NUMBER='2' AIRFLOW_CTX_DAG_RUN_ID='scheduled__2026-10-06T03:00:00+00:00'
[2026-10-07T03:34:45.791+0000] {subprocess.py:63} INFO - Tmp dir root location: /tmp
[2026-10-07T03:34:45.793+0000] {subprocess.py:75} INFO - Running command: ['/usr/bin/bash', '-c', 'python -m src.main load-csv']
[2026-10-07T03:34:45.811+0000] {subprocess.py:86} INFO - Output:
[2026-10-07T03:34:46.199+0000] {subprocess.py:93} INFO - Traceback (most recent call last):
[2026-10-07T03:34:46.200+0000] {subprocess.py:93} INFO -   File "<frozen runpy>", line 198, in _run_module_as_main
[2026-10-07T03:34:46.201+0000] {subprocess.py:93} INFO -   File "<frozen runpy>", line 88, in _run_code
[2026-10-07T03:34:46.203+0000] {subprocess.py:93} INFO -   File "/opt/airflow/project/src/main.py", line 7, in <module>
[2026-10-07T03:34:46.209+0000] {subprocess.py:93} INFO -     from .pipeline import inspect_quality_cases, load_csv, load_oltp, run_all, validate_raw
[2026-10-07T03:34:46.210+0000] {subprocess.py:93} INFO -   File "/opt/airflow/project/src/pipeline.py", line 7, in <module>
[2026-10-07T03:34:46.218+0000] {subprocess.py:93} INFO -     from psycopg import Connection, sql
[2026-10-07T03:34:46.219+0000] {subprocess.py:93} INFO - ModuleNotFoundError: No module named 'psycopg'
[2026-10-07T03:34:46.246+0000] {subprocess.py:97} INFO - Command exited with return code 1
[2026-10-07T03:34:46.258+0000] {taskinstance.py:2698} ERROR - Task failed with exception
Traceback (most recent call last):
  File "/home/airflow/.local/lib/python3.11/site-packages/airflow/models/taskinstance.py", line 433, in _execute_task
    result = execute_callable(context=context, **execute_callable_kwargs)
             ^^^^^^^^^^^^^^^^^^^^^^^^^^^^^^^^^^^^^^^^^^^^^^^^^^^^^^^^^^^^
  File "/home/airflow/.local/lib/python3.11/site-packages/airflow/operators/bash.py", line 212, in execute
    raise AirflowException(
airflow.exceptions.AirflowException: Bash command failed. The command returned a non-zero exit code 1.
[2026-10-07T03:34:46.265+0000] {taskinstance.py:1138} INFO - Marking task as UP_FOR_RETRY. dag_id=sgfood_elt_pipeline, task_id=load_csv_to_raw, execution_date=20261006T030000, start_date=20261007T033445, end_date=20261007T033446
[2026-10-07T03:34:46.294+0000] {standard_task_runner.py:107} ERROR - Failed to execute job 6 for task load_csv_to_raw (Bash command failed. The command returned a non-zero exit code 1.; 187)
[2026-10-07T03:34:46.324+0000] {local_task_job_runner.py:234} INFO - Task exited with return code 1
[2026-10-07T03:34:46.367+0000] {taskinstance.py:3280} INFO - 0 downstream tasks scheduled from follow-on schedule check
[2026-10-07T17:09:21.282+0000] {taskinstance.py:1956} INFO - Dependencies all met for dep_context=non-requeueable deps ti=<TaskInstance: sgfood_elt_pipeline.load_csv_to_raw scheduled__2026-10-06T03:00:00+00:00 [queued]>
[2026-10-07T17:09:21.305+0000] {taskinstance.py:1956} INFO - Dependencies all met for dep_context=requeueable deps ti=<TaskInstance: sgfood_elt_pipeline.load_csv_to_raw scheduled__2026-10-06T03:00:00+00:00 [queued]>
[2026-10-07T17:09:21.307+0000] {taskinstance.py:2170} INFO - Starting attempt 2 of 4
[2026-10-07T17:09:21.355+0000] {taskinstance.py:2191} INFO - Executing <Task(BashOperator): load_csv_to_raw> on 2026-10-06 03:00:00+00:00
[2026-10-07T17:09:21.369+0000] {standard_task_runner.py:60} INFO - Started process 365 to run task
[2026-10-07T17:09:21.384+0000] {standard_task_runner.py:87} INFO - Running: ['airflow', 'tasks', 'run', 'sgfood_elt_pipeline', 'load_csv_to_raw', 'scheduled__2026-10-06T03:00:00+00:00', '--job-id', '9', '--raw', '--subdir', 'DAGS_FOLDER/sgfood_elt_dag.py', '--cfg-path', '/tmp/tmpgx0zttta']
[2026-10-07T17:09:21.392+0000] {standard_task_runner.py:88} INFO - Job 9: Subtask load_csv_to_raw
[2026-10-07T17:09:21.451+0000] {logging_mixin.py:188} WARNING - /home/airflow/.local/lib/python3.11/site-packages/airflow/settings.py:194 DeprecationWarning: The sql_alchemy_conn option in [core] has been moved to the sql_alchemy_conn option in [database] - the old setting has been used, but please update your config.
[2026-10-07T17:09:21.533+0000] {task_command.py:423} INFO - Running <TaskInstance: sgfood_elt_pipeline.load_csv_to_raw scheduled__2026-10-06T03:00:00+00:00 [running]> on host 7549efc6ec07
[2026-10-07T17:09:21.703+0000] {taskinstance.py:2480} INFO - Exporting env vars: AIRFLOW_CTX_DAG_OWNER='sgfood_team' AIRFLOW_CTX_DAG_ID='sgfood_elt_pipeline' AIRFLOW_CTX_TASK_ID='load_csv_to_raw' AIRFLOW_CTX_EXECUTION_DATE='2026-10-06T03:00:00+00:00' AIRFLOW_CTX_TRY_NUMBER='2' AIRFLOW_CTX_DAG_RUN_ID='scheduled__2026-10-06T03:00:00+00:00'
[2026-10-07T17:09:21.711+0000] {subprocess.py:63} INFO - Tmp dir root location: /tmp
[2026-10-07T17:09:21.713+0000] {subprocess.py:75} INFO - Running command: ['/usr/bin/bash', '-c', 'python -m src.main load-csv']
[2026-10-07T17:09:21.747+0000] {subprocess.py:86} INFO - Output:
[2026-10-07T17:09:23.057+0000] {subprocess.py:93} INFO - 2026-10-07 17:09:23,056 | INFO | src.database | Conexión exitosa a PostgreSQL Data Warehouse (warehouse_db:5432/sgfood_dw)
[2026-10-07T17:09:23.093+0000] {subprocess.py:93} INFO - 2026-10-07 17:09:23,092 | INFO | src.pipeline | Schema raw y tablas disponibles
[2026-10-07T17:09:23.379+0000] {subprocess.py:93} INFO - 2026-10-07 17:09:23,378 | INFO | src.pipeline | raw.inventario_bodega: 3840 registros cargados
[2026-10-07T17:09:23.403+0000] {subprocess.py:93} INFO - 2026-10-07 17:09:23,403 | INFO | src.pipeline | raw.proveedores_precios: 103 registros cargados
[2026-10-07T17:09:23.424+0000] {subprocess.py:93} INFO - 2026-10-07 17:09:23,424 | INFO | src.pipeline | raw.promociones: 30 registros cargados
[2026-10-07T17:09:23.444+0000] {subprocess.py:93} INFO - 2026-10-07 17:09:23,444 | INFO | src.pipeline | raw.metas_ventas: 48 registros cargados
[2026-10-07T17:09:23.466+0000] {subprocess.py:93} INFO - 2026-10-07 17:09:23,466 | INFO | src.pipeline | raw.devoluciones: 80 registros cargados
[2026-10-07T17:09:23.476+0000] {subprocess.py:93} INFO - 2026-10-07 17:09:23,476 | INFO | src.pipeline | Carga CSV confirmada. batch_id=7ea86c89-89a3-40c0-b22f-33b084851762
[2026-10-07T17:09:23.478+0000] {subprocess.py:93} INFO - 2026-10-07 17:09:23,476 | INFO | __main__ | Comando load-csv finalizado correctamente
[2026-10-07T17:09:23.571+0000] {subprocess.py:97} INFO - Command exited with return code 0
[2026-10-07T17:09:23.650+0000] {taskinstance.py:1138} INFO - Marking task as SUCCESS. dag_id=sgfood_elt_pipeline, task_id=load_csv_to_raw, execution_date=20261006T030000, start_date=20261007T170921, end_date=20261007T170923
[2026-10-07T17:09:23.701+0000] {local_task_job_runner.py:234} INFO - Task exited with return code 0
[2026-10-07T17:09:23.767+0000] {taskinstance.py:3280} INFO - 1 downstream tasks scheduled from follow-on schedule check
